--------------------------------------------------------------------------------
Release 7.1.02i Trace H.40
Copyright (c) 1995-2005 Xilinx, Inc.  All rights reserved.

C:/Xilinx71/bin/nt/trce.exe -ise
c:\usu\eii\caviar\endesarrollo\usbaer_mapper_multichip_multievent_proba\usbaer_mapper.ise
-intstyle ise -e 3 -l 3 -s 6 -xml program_ram program_ram.ncd -o
program_ram.twr program_ram.pcf


Design file:              program_ram.ncd
Physical constraint file: program_ram.pcf
Device,speed:             xc2s200,-6 (PRODUCTION 1.27 2005-01-22)
Report level:             error report

Environment Variable      Effect 
--------------------      ------ 
NONE                      No environment variables were set
--------------------------------------------------------------------------------

INFO:Timing:2698 - No timing constraints found, doing default enumeration.
INFO:Timing:2752 - To get complete path coverage, use the unconstrained paths
   option. All paths that are not constrained will be reported in the
   unconstrained paths section(s) of the report.


Data Sheet report:
-----------------
All values displayed in nanoseconds (ns)

Setup/Hold to clock CLK
------------+------------+------------+------------------+--------+
            |  Setup to  |  Hold to   |                  |  Clock |
Source      | clk (edge) | clk (edge) |Internal Clock(s) |  Phase |
------------+------------+------------+------------------+--------+
CONTROL     |    2.723(R)|   -1.064(R)|CLK_BUFGP         |   0.000|
DATA<0>     |    9.592(R)|   -2.395(R)|CLK_BUFGP         |   0.000|
DATA<1>     |    9.244(R)|   -3.771(R)|CLK_BUFGP         |   0.000|
DATA<2>     |   10.159(R)|   -2.695(R)|CLK_BUFGP         |   0.000|
DATA<3>     |    8.951(R)|   -3.461(R)|CLK_BUFGP         |   0.000|
DATA<4>     |    9.443(R)|   -3.418(R)|CLK_BUFGP         |   0.000|
DATA<5>     |    9.505(R)|   -3.454(R)|CLK_BUFGP         |   0.000|
DATA<6>     |    9.413(R)|   -3.540(R)|CLK_BUFGP         |   0.000|
DATA<7>     |    9.452(R)|   -3.428(R)|CLK_BUFGP         |   0.000|
DATA_VALID  |    6.883(R)|   -2.827(R)|CLK_BUFGP         |   0.000|
RAM_DATA<0> |   11.034(R)|   -7.050(R)|CLK_BUFGP         |   0.000|
RAM_DATA<10>|    9.346(R)|   -5.362(R)|CLK_BUFGP         |   0.000|
RAM_DATA<11>|    9.527(R)|   -5.543(R)|CLK_BUFGP         |   0.000|
RAM_DATA<12>|    9.080(R)|   -5.096(R)|CLK_BUFGP         |   0.000|
RAM_DATA<13>|    9.494(R)|   -5.510(R)|CLK_BUFGP         |   0.000|
RAM_DATA<14>|    9.728(R)|   -5.744(R)|CLK_BUFGP         |   0.000|
RAM_DATA<15>|    9.549(R)|   -5.565(R)|CLK_BUFGP         |   0.000|
RAM_DATA<16>|   10.739(R)|   -6.755(R)|CLK_BUFGP         |   0.000|
RAM_DATA<17>|    9.637(R)|   -5.653(R)|CLK_BUFGP         |   0.000|
RAM_DATA<18>|    9.673(R)|   -5.689(R)|CLK_BUFGP         |   0.000|
RAM_DATA<19>|   10.334(R)|   -6.350(R)|CLK_BUFGP         |   0.000|
RAM_DATA<1> |    9.227(R)|   -5.243(R)|CLK_BUFGP         |   0.000|
RAM_DATA<20>|    9.575(R)|   -5.591(R)|CLK_BUFGP         |   0.000|
RAM_DATA<21>|    9.643(R)|   -5.659(R)|CLK_BUFGP         |   0.000|
RAM_DATA<22>|   10.065(R)|   -6.081(R)|CLK_BUFGP         |   0.000|
RAM_DATA<23>|   10.512(R)|   -6.528(R)|CLK_BUFGP         |   0.000|
RAM_DATA<24>|   10.668(R)|   -6.684(R)|CLK_BUFGP         |   0.000|
RAM_DATA<25>|    9.277(R)|   -5.293(R)|CLK_BUFGP         |   0.000|
RAM_DATA<26>|   10.029(R)|   -6.045(R)|CLK_BUFGP         |   0.000|
RAM_DATA<27>|   10.289(R)|   -6.305(R)|CLK_BUFGP         |   0.000|
RAM_DATA<28>|   10.513(R)|   -6.529(R)|CLK_BUFGP         |   0.000|
RAM_DATA<29>|   10.901(R)|   -6.917(R)|CLK_BUFGP         |   0.000|
RAM_DATA<2> |    9.552(R)|   -5.568(R)|CLK_BUFGP         |   0.000|
RAM_DATA<30>|    9.800(R)|   -5.816(R)|CLK_BUFGP         |   0.000|
RAM_DATA<31>|    9.333(R)|   -5.349(R)|CLK_BUFGP         |   0.000|
RAM_DATA<3> |   10.711(R)|   -6.727(R)|CLK_BUFGP         |   0.000|
RAM_DATA<4> |   10.494(R)|   -6.510(R)|CLK_BUFGP         |   0.000|
RAM_DATA<5> |   11.400(R)|   -7.416(R)|CLK_BUFGP         |   0.000|
RAM_DATA<6> |   10.621(R)|   -6.637(R)|CLK_BUFGP         |   0.000|
RAM_DATA<7> |   10.033(R)|   -6.049(R)|CLK_BUFGP         |   0.000|
RAM_DATA<8> |   11.324(R)|   -7.340(R)|CLK_BUFGP         |   0.000|
RAM_DATA<9> |   10.258(R)|   -6.274(R)|CLK_BUFGP         |   0.000|
READWRITE   |    2.686(R)|   -1.982(R)|CLK_BUFGP         |   0.000|
------------+------------+------------+------------------+--------+

Clock CLK to Pad
---------------+------------+------------------+--------+
               | clk (edge) |                  |  Clock |
Destination    | to PAD     |Internal Clock(s) |  Phase |
---------------+------------+------------------+--------+
BUSY           |   13.049(R)|CLK_BUFGP         |   0.000|
DATA<0>        |   12.629(R)|CLK_BUFGP         |   0.000|
DATA<1>        |   13.847(R)|CLK_BUFGP         |   0.000|
DATA<2>        |   14.023(R)|CLK_BUFGP         |   0.000|
DATA<3>        |   13.445(R)|CLK_BUFGP         |   0.000|
DATA<4>        |   13.434(R)|CLK_BUFGP         |   0.000|
DATA<5>        |   13.566(R)|CLK_BUFGP         |   0.000|
DATA<6>        |   13.852(R)|CLK_BUFGP         |   0.000|
DATA<7>        |   13.917(R)|CLK_BUFGP         |   0.000|
LED<0>         |   13.796(R)|CLK_BUFGP         |   0.000|
LED<1>         |   11.908(R)|CLK_BUFGP         |   0.000|
RAM_ADDRESS<0> |   12.948(R)|CLK_BUFGP         |   0.000|
RAM_ADDRESS<10>|   13.483(R)|CLK_BUFGP         |   0.000|
RAM_ADDRESS<11>|   13.238(R)|CLK_BUFGP         |   0.000|
RAM_ADDRESS<12>|   13.147(R)|CLK_BUFGP         |   0.000|
RAM_ADDRESS<13>|   13.147(R)|CLK_BUFGP         |   0.000|
RAM_ADDRESS<14>|   12.987(R)|CLK_BUFGP         |   0.000|
RAM_ADDRESS<15>|   13.238(R)|CLK_BUFGP         |   0.000|
RAM_ADDRESS<16>|   13.382(R)|CLK_BUFGP         |   0.000|
RAM_ADDRESS<17>|   13.817(R)|CLK_BUFGP         |   0.000|
RAM_ADDRESS<18>|   12.948(R)|CLK_BUFGP         |   0.000|
RAM_ADDRESS<1> |   13.290(R)|CLK_BUFGP         |   0.000|
RAM_ADDRESS<2> |   13.471(R)|CLK_BUFGP         |   0.000|
RAM_ADDRESS<3> |   13.323(R)|CLK_BUFGP         |   0.000|
RAM_ADDRESS<4> |   13.382(R)|CLK_BUFGP         |   0.000|
RAM_ADDRESS<5> |   13.483(R)|CLK_BUFGP         |   0.000|
RAM_ADDRESS<6> |   13.776(R)|CLK_BUFGP         |   0.000|
RAM_ADDRESS<7> |   13.514(R)|CLK_BUFGP         |   0.000|
RAM_ADDRESS<8> |   13.776(R)|CLK_BUFGP         |   0.000|
RAM_ADDRESS<9> |   14.552(R)|CLK_BUFGP         |   0.000|
RAM_DATA<0>    |   11.887(R)|CLK_BUFGP         |   0.000|
RAM_DATA<10>   |   11.625(R)|CLK_BUFGP         |   0.000|
RAM_DATA<11>   |   11.892(R)|CLK_BUFGP         |   0.000|
RAM_DATA<12>   |   11.858(R)|CLK_BUFGP         |   0.000|
RAM_DATA<13>   |   11.858(R)|CLK_BUFGP         |   0.000|
RAM_DATA<14>   |   11.389(R)|CLK_BUFGP         |   0.000|
RAM_DATA<15>   |   11.956(R)|CLK_BUFGP         |   0.000|
RAM_DATA<16>   |   11.878(R)|CLK_BUFGP         |   0.000|
RAM_DATA<17>   |   13.564(R)|CLK_BUFGP         |   0.000|
RAM_DATA<18>   |   12.392(R)|CLK_BUFGP         |   0.000|
RAM_DATA<19>   |   13.693(R)|CLK_BUFGP         |   0.000|
RAM_DATA<1>    |   11.581(R)|CLK_BUFGP         |   0.000|
RAM_DATA<20>   |   11.892(R)|CLK_BUFGP         |   0.000|
RAM_DATA<21>   |   12.534(R)|CLK_BUFGP         |   0.000|
RAM_DATA<22>   |   13.006(R)|CLK_BUFGP         |   0.000|
RAM_DATA<23>   |   13.491(R)|CLK_BUFGP         |   0.000|
RAM_DATA<24>   |   11.878(R)|CLK_BUFGP         |   0.000|
RAM_DATA<25>   |   11.581(R)|CLK_BUFGP         |   0.000|
RAM_DATA<26>   |   11.654(R)|CLK_BUFGP         |   0.000|
RAM_DATA<27>   |   13.582(R)|CLK_BUFGP         |   0.000|
RAM_DATA<28>   |   11.917(R)|CLK_BUFGP         |   0.000|
RAM_DATA<29>   |   13.834(R)|CLK_BUFGP         |   0.000|
RAM_DATA<2>    |   12.389(R)|CLK_BUFGP         |   0.000|
RAM_DATA<30>   |   11.872(R)|CLK_BUFGP         |   0.000|
RAM_DATA<31>   |   11.529(R)|CLK_BUFGP         |   0.000|
RAM_DATA<3>    |   13.463(R)|CLK_BUFGP         |   0.000|
RAM_DATA<4>    |   13.777(R)|CLK_BUFGP         |   0.000|
RAM_DATA<5>    |   12.056(R)|CLK_BUFGP         |   0.000|
RAM_DATA<6>    |   13.926(R)|CLK_BUFGP         |   0.000|
RAM_DATA<7>    |   11.832(R)|CLK_BUFGP         |   0.000|
RAM_DATA<8>    |   11.735(R)|CLK_BUFGP         |   0.000|
RAM_DATA<9>    |   14.343(R)|CLK_BUFGP         |   0.000|
RAM_OE         |   10.747(R)|CLK_BUFGP         |   0.000|
RAM_WE<0>      |   11.641(R)|CLK_BUFGP         |   0.000|
RAM_WE<1>      |   11.069(R)|CLK_BUFGP         |   0.000|
RAM_WE<2>      |   11.687(R)|CLK_BUFGP         |   0.000|
RAM_WE<3>      |   11.667(R)|CLK_BUFGP         |   0.000|
---------------+------------+------------------+--------+

Clock to Setup on destination clock CLK
---------------+---------+---------+---------+---------+
               | Src:Rise| Src:Fall| Src:Rise| Src:Fall|
Source Clock   |Dest:Rise|Dest:Rise|Dest:Fall|Dest:Fall|
---------------+---------+---------+---------+---------+
CLK            |   14.725|         |         |         |
---------------+---------+---------+---------+---------+

Pad to Pad
---------------+---------------+---------+
Source Pad     |Destination Pad|  Delay  |
---------------+---------------+---------+
DATA<0>        |RAM_DATA<0>    |    6.686|
DATA<0>        |RAM_DATA<16>   |    6.233|
DATA<0>        |RAM_DATA<24>   |    6.352|
DATA<0>        |RAM_DATA<8>    |    6.490|
DATA<1>        |RAM_DATA<17>   |    7.838|
DATA<1>        |RAM_DATA<1>    |    8.352|
DATA<1>        |RAM_DATA<25>   |    8.495|
DATA<1>        |RAM_DATA<9>    |    6.559|
DATA<2>        |RAM_DATA<10>   |    7.795|
DATA<2>        |RAM_DATA<18>   |    8.424|
DATA<2>        |RAM_DATA<26>   |    6.872|
DATA<2>        |RAM_DATA<2>    |    8.381|
DATA<3>        |RAM_DATA<11>   |    7.796|
DATA<3>        |RAM_DATA<19>   |    7.574|
DATA<3>        |RAM_DATA<27>   |    7.636|
DATA<3>        |RAM_DATA<3>    |    7.896|
DATA<4>        |RAM_DATA<12>   |    8.113|
DATA<4>        |RAM_DATA<20>   |    8.111|
DATA<4>        |RAM_DATA<28>   |    6.609|
DATA<4>        |RAM_DATA<4>    |    8.156|
DATA<5>        |RAM_DATA<13>   |    7.737|
DATA<5>        |RAM_DATA<21>   |    8.429|
DATA<5>        |RAM_DATA<29>   |    8.293|
DATA<5>        |RAM_DATA<5>    |    6.034|
DATA<6>        |RAM_DATA<14>   |    8.054|
DATA<6>        |RAM_DATA<22>   |    7.770|
DATA<6>        |RAM_DATA<30>   |    7.539|
DATA<6>        |RAM_DATA<6>    |    5.994|
DATA<7>        |RAM_DATA<15>   |    7.864|
DATA<7>        |RAM_DATA<23>   |    6.689|
DATA<7>        |RAM_DATA<31>   |    7.798|
DATA<7>        |RAM_DATA<7>    |    8.119|
DATA_VALID     |LED<2>         |    6.613|
RAM_DATA<0>    |DATA<0>        |    7.385|
RAM_DATA<10>   |DATA<2>        |    9.712|
RAM_DATA<11>   |DATA<3>        |    8.861|
RAM_DATA<12>   |DATA<4>        |    8.985|
RAM_DATA<13>   |DATA<5>        |    9.532|
RAM_DATA<14>   |DATA<6>        |    9.548|
RAM_DATA<15>   |DATA<7>        |    9.612|
RAM_DATA<16>   |DATA<0>        |    7.090|
RAM_DATA<17>   |DATA<1>        |   10.520|
RAM_DATA<18>   |DATA<2>        |   10.039|
RAM_DATA<19>   |DATA<3>        |    9.668|
RAM_DATA<1>    |DATA<1>        |   10.110|
RAM_DATA<20>   |DATA<4>        |    9.480|
RAM_DATA<21>   |DATA<5>        |    9.681|
RAM_DATA<22>   |DATA<6>        |    9.885|
RAM_DATA<23>   |DATA<7>        |   10.575|
RAM_DATA<24>   |DATA<0>        |    7.019|
RAM_DATA<25>   |DATA<1>        |   10.160|
RAM_DATA<26>   |DATA<2>        |   10.395|
RAM_DATA<27>   |DATA<3>        |    9.623|
RAM_DATA<28>   |DATA<4>        |   10.418|
RAM_DATA<29>   |DATA<5>        |   10.939|
RAM_DATA<2>    |DATA<2>        |    9.918|
RAM_DATA<30>   |DATA<6>        |    9.620|
RAM_DATA<31>   |DATA<7>        |    9.396|
RAM_DATA<3>    |DATA<3>        |   10.045|
RAM_DATA<4>    |DATA<4>        |   10.399|
RAM_DATA<5>    |DATA<5>        |   11.438|
RAM_DATA<6>    |DATA<6>        |   10.441|
RAM_DATA<7>    |DATA<7>        |   10.096|
RAM_DATA<8>    |DATA<0>        |    7.675|
RAM_DATA<9>    |DATA<1>        |   11.141|
---------------+---------------+---------+

Analysis completed Tue Oct 25 12:15:57 2005
--------------------------------------------------------------------------------



Peak Memory Usage: 69 MB
