EN synchronizerstatemachine NULL D:/VHDL/USBAER/USBmini_stereo/synchronizerStateMachine.vhd sub00/vhpl08 1170326589
EN mergerstatemachine NULL D:/VHDL/USBAER/USBmini_stereo/mergerStateMachine.vhd sub00/vhpl18 1170326595
AR eventcounter behavioral D:/VHDL/USBAER/USBmini_stereo/eventCounter.vhd sub00/vhpl05 1170326586
AR usbaer_top_level structural D:/VHDL/USBAER/USBmini_stereo/USBAER_top_level.vhd sub00/vhpl17 1170326598
AR earlypakettimer behavioral D:/VHDL/USBAER/USBmini_stereo/earlyPaketTimer.vhd sub00/vhpl03 1170326584
EN usbaer_top_level NULL D:/VHDL/USBAER/USBmini_stereo/USBAER_top_level.vhd sub00/vhpl16 1170326597
EN earlypakettimer NULL D:/VHDL/USBAER/USBmini_stereo/earlyPaketTimer.vhd sub00/vhpl02 1170326583
AR wordregister behavioral D:/VHDL/USBAER/USBmini_stereo/wordRegister.vhd sub00/vhpl01 1170326582
EN timestampcounter NULL D:/VHDL/USBAER/USBmini_stereo/timestampCounter.vhd sub00/vhpl06 1170326587
AR synthstatemachine behavioral D:/VHDL/USBAER/USBmini/synthStateMachine.vhd sub00/vhpl15 1150806826
AR fifostatemachine behavioral D:/VHDL/USBAER/USBmini_stereo/fifoStatemachine.vhd sub00/vhpl11 1170326592
EN wordregister NULL D:/VHDL/USBAER/USBmini_stereo/wordRegister.vhd sub00/vhpl00 1170326581
AR timestampcounter behavioral D:/VHDL/USBAER/USBmini_stereo/timestampCounter.vhd sub00/vhpl07 1170326588
EN eventcounter NULL D:/VHDL/USBAER/USBmini_stereo/eventCounter.vhd sub00/vhpl04 1170326585
EN synthstatemachine NULL D:/VHDL/USBAER/USBmini/synthStateMachine.vhd sub00/vhpl14 1150806825
AR synchronizerstatemachine behavioral D:/VHDL/USBAER/USBmini_stereo/synchronizerStateMachine.vhd sub00/vhpl09 1170326590
EN monitorstatemachine NULL D:/VHDL/USBAER/USBmini_stereo/monitorStateMachine.vhd sub00/vhpl12 1170326593
EN fifostatemachine NULL D:/VHDL/USBAER/USBmini_stereo/fifoStatemachine.vhd sub00/vhpl10 1170326591
AR monitorstatemachine behavioral D:/VHDL/USBAER/USBmini_stereo/monitorStateMachine.vhd sub00/vhpl13 1170326594
AR mergerstatemachine behavioral D:/VHDL/USBAER/USBmini_stereo/mergerStateMachine.vhd sub00/vhpl19 1170326596
