"C:/PROJ/jAER/deviceFirmwarePCBLayout/LatticeMachXO/SeeBetter20/sourcecode/wordRegister.vhd=work"
"C:/PROJ/jAER/deviceFirmwarePCBLayout/LatticeMachXO/SeeBetter20/sourcecode/AERfifo.vhd=work"
"C:/PROJ/jAER/deviceFirmwarePCBLayout/LatticeMachXO/SeeBetter20/sourcecode/clockgen.vhd=work"
"C:/PROJ/jAER/deviceFirmwarePCBLayout/LatticeMachXO/SeeBetter20/sourcecode/earlyPaketTimer.vhd=work"
"C:/PROJ/jAER/deviceFirmwarePCBLayout/LatticeMachXO/SeeBetter20/sourcecode/EventBeforeOverflow.vhd=work"
"C:/PROJ/jAER/deviceFirmwarePCBLayout/LatticeMachXO/SeeBetter20/sourcecode/eventCounter.vhd=work"
"C:/PROJ/jAER/deviceFirmwarePCBLayout/LatticeMachXO/SeeBetter20/sourcecode/fifoStatemachine.vhd=work"
"C:/PROJ/jAER/deviceFirmwarePCBLayout/LatticeMachXO/SeeBetter20/sourcecode/monitorStateMachine.vhd=work"
"C:/PROJ/jAER/deviceFirmwarePCBLayout/LatticeMachXO/SeeBetter20/sourcecode/synchronizerStateMachine.vhd=work"
"C:/PROJ/jAER/deviceFirmwarePCBLayout/LatticeMachXO/SeeBetter20/sourcecode/timestampCounter.vhd=work"
"C:/PROJ/jAER/deviceFirmwarePCBLayout/LatticeMachXO/SeeBetter20/sourcecode/USBAER_top_level.vhd=work"
"C:/PROJ/jAER/deviceFirmwarePCBLayout/LatticeMachXO/SeeBetter20/sourcecode/AERfifo.vhd=work"
"C:/PROJ/jAER/deviceFirmwarePCBLayout/LatticeMachXO/SeeBetter20/sourcecode/clockgen.vhd=work"
"C:/PROJ/jAER/deviceFirmwarePCBLayout/LatticeMachXO/SeeBetter20/sourcecode/ADCvalueReady.vhd=work"
"C:/PROJ/jAER/deviceFirmwarePCBLayout/LatticeMachXO/SeeBetter20/sourcecode/ADCStateMachine.vhd=work"
"C:/PROJ/jAER/deviceFirmwarePCBLayout/LatticeMachXO/SeeBetter20/sourcecode/cDVSResetStateMachine.vhd=work"
"C:/PROJ/jAER/deviceFirmwarePCBLayout/LatticeMachXO/SeeBetter20/sourcecode/shiftRegister.vhd=work"
"C:/PROJ/jAER/deviceFirmwarePCBLayout/LatticeMachXO/SeeBetter20/ADCStateMachine_tb.vhd=work"
