"C:/Users/Haza/Documents/jAER/deviceFirmwarePCBLayout/LatticeMachXO/SBret10_2/sourcecode/wordRegister.vhd=work"
"C:/Users/Haza/Documents/jAER/deviceFirmwarePCBLayout/LatticeMachXO/SBret10_2/sourcecode/AERfifo.vhd=work"
"C:/Users/Haza/Documents/jAER/deviceFirmwarePCBLayout/LatticeMachXO/SBret10_2/sourcecode/clockgen.vhd=work"
"C:/Users/Haza/Documents/jAER/deviceFirmwarePCBLayout/LatticeMachXO/SBret10_2/sourcecode/earlyPaketTimer.vhd=work"
"C:/Users/Haza/Documents/jAER/deviceFirmwarePCBLayout/LatticeMachXO/SBret10_2/sourcecode/EventBeforeOverflow.vhd=work"
"C:/Users/Haza/Documents/jAER/deviceFirmwarePCBLayout/LatticeMachXO/SBret10_2/sourcecode/eventCounter.vhd=work"
"C:/Users/Haza/Documents/jAER/deviceFirmwarePCBLayout/LatticeMachXO/SBret10_2/sourcecode/fifoStatemachine.vhd=work"
"C:/Users/Haza/Documents/jAER/deviceFirmwarePCBLayout/LatticeMachXO/SBret10_2/sourcecode/monitorStateMachine.vhd=work"
"C:/Users/Haza/Documents/jAER/deviceFirmwarePCBLayout/LatticeMachXO/SBret10_2/sourcecode/synchronizerStateMachine.vhd=work"
"C:/Users/Haza/Documents/jAER/deviceFirmwarePCBLayout/LatticeMachXO/SBret10_2/sourcecode/timestampCounter.vhd=work"
"C:/Users/Haza/Documents/jAER/deviceFirmwarePCBLayout/LatticeMachXO/SBret10_2/sourcecode/USBAER_top_level.vhd=work"
"C:/Users/Haza/Documents/jAER/deviceFirmwarePCBLayout/LatticeMachXO/SBret10_2/sourcecode/AERfifo.vhd=work"
"C:/Users/Haza/Documents/jAER/deviceFirmwarePCBLayout/LatticeMachXO/SBret10_2/sourcecode/clockgen.vhd=work"
"C:/Users/Haza/Documents/jAER/deviceFirmwarePCBLayout/LatticeMachXO/SBret10_2/sourcecode/ADCvalueReady.vhd=work"
"C:/Users/Haza/Documents/jAER/deviceFirmwarePCBLayout/LatticeMachXO/SBret10_2/sourcecode/cDVSResetStateMachine.vhd=work"
"C:/Users/Haza/Documents/jAER/deviceFirmwarePCBLayout/LatticeMachXO/SBret10_2/sourcecode/shiftRegister.vhd=work"
"C:/Users/Haza/Documents/jAER/deviceFirmwarePCBLayout/LatticeMachXO/SBret10_2/ADCStateMachine_tb.vhd=work"
"C:/Users/Haza/Documents/jAER/deviceFirmwarePCBLayout/LatticeMachXO/SBret10_2/sourcecode/ADCStateMachine.vhd=work"
"D:/Dropbox/IMU/I2C Bus Master - Downloads/i2cmastercontrollersourcecodeformachxo/I2C_xo/I2C_xo/I2C_Master/Source/I2C_Arb_Blk.vhd=work"
"D:/Dropbox/IMU/I2C Bus Master - Downloads/i2cmastercontrollersourcecodeformachxo/I2C_xo/I2C_xo/I2C_Master/Source/I2C_Clk_Blk.vhd=work"
"D:/Dropbox/IMU/I2C Bus Master - Downloads/i2cmastercontrollersourcecodeformachxo/I2C_xo/I2C_xo/I2C_Master/Source/I2C_Cnt_Blk.vhd=work"
"D:/Dropbox/IMU/I2C Bus Master - Downloads/i2cmastercontrollersourcecodeformachxo/I2C_xo/I2C_xo/I2C_Master/Source/I2C_delay.vhd=work"
"D:/Dropbox/IMU/I2C Bus Master - Downloads/i2cmastercontrollersourcecodeformachxo/I2C_xo/I2C_xo/I2C_Master/Source/I2C_INT_Blk.vhd=work"
"D:/Dropbox/IMU/I2C Bus Master - Downloads/i2cmastercontrollersourcecodeformachxo/I2C_xo/I2C_xo/I2C_Master/Source/I2C_Main_Blk.vhd=work"
"D:/Dropbox/IMU/I2C Bus Master - Downloads/i2cmastercontrollersourcecodeformachxo/I2C_xo/I2C_xo/I2C_Master/Source/I2C_Mpu_Blk.vhd=work"
"D:/Dropbox/IMU/I2C Bus Master - Downloads/i2cmastercontrollersourcecodeformachxo/I2C_xo/I2C_xo/I2C_Master/Source/I2C_SS_Blk.vhd=work"
"D:/Dropbox/IMU/I2C Bus Master - Downloads/i2cmastercontrollersourcecodeformachxo/I2C_xo/I2C_xo/I2C_Master/Source/I2C_Synch_Blk.vhd=work"
"D:/Dropbox/IMU/I2C Bus Master - Downloads/i2cmastercontrollersourcecodeformachxo/I2C_xo/I2C_xo/I2C_Master/Source/I2C_Top.vhd=work"
