V3 14
FL D:/alex/work/USBAER/mapperProba/usbaer_mapper_multichip_multievent_proba_100Mhz-newformat/Mapper_function.vhd 2006/06/22.21:48:50 J.36
EN work/Mapper_function 1222762567 \
      FL D:/alex/work/USBAER/mapperProba/usbaer_mapper_multichip_multievent_proba_100Mhz-newformat/Mapper_function.vhd \
      PB ieee/std_logic_1164 1177545575 PB ieee/std_logic_arith 1177545576 \
      PB ieee/STD_LOGIC_UNSIGNED 1177545583
AR work/Mapper_function/Behavioral 1222762568 \
      FL D:/alex/work/USBAER/mapperProba/usbaer_mapper_multichip_multievent_proba_100Mhz-newformat/Mapper_function.vhd \
      EN work/Mapper_function 1222762567
FL D:/alex/work/USBAER/mapperProba/usbaer_mapper_multichip_multievent_proba_100Mhz-newformat/program_ram.vhd 2008/09/30.10:15:47 J.36
EN work/program_ram 1222762565 \
      FL D:/alex/work/USBAER/mapperProba/usbaer_mapper_multichip_multievent_proba_100Mhz-newformat/program_ram.vhd \
      PB ieee/std_logic_1164 1177545575 PB ieee/std_logic_arith 1177545576 \
      PB ieee/STD_LOGIC_UNSIGNED 1177545583
AR work/program_ram/Behavioral 1222762566 \
      FL D:/alex/work/USBAER/mapperProba/usbaer_mapper_multichip_multievent_proba_100Mhz-newformat/program_ram.vhd \
      EN work/program_ram 1222762565
FL D:/alex/work/USBAER/mapperProba/usbaer_mapper_multichip_multievent_proba_100Mhz-newformat/usb_aer.vhd 2006/06/22.21:48:54 J.36
EN work/usb_aer 1222762569 \
      FL D:/alex/work/USBAER/mapperProba/usbaer_mapper_multichip_multievent_proba_100Mhz-newformat/usb_aer.vhd \
      PB ieee/std_logic_1164 1177545575 PB ieee/std_logic_arith 1177545576 \
      PB ieee/STD_LOGIC_UNSIGNED 1177545583 LB UNISIM PH unisim/VCOMPONENTS 1177545586
AR work/usb_aer/Behavioral 1222762570 \
      FL D:/alex/work/USBAER/mapperProba/usbaer_mapper_multichip_multievent_proba_100Mhz-newformat/usb_aer.vhd \
      EN work/usb_aer 1222762569 CP BUFG CP CLKDLL CP program_ram CP mapper_function
