BL51 BANKED LINKER/LOCATER V5.12                                                        02/25/2008  13:23:26  PAGE 1


BL51 BANKED LINKER/LOCATER V5.12, INVOKED BY:
C:\KEIL\C51\BIN\BL51.EXE fw.obj, dscr.obj, USBAERmini2_firmware.obj, C:\Cypress\USB\Target\Lib\LP\EZUSB.LIB, C:\Cypress\
>> USB\Target\Lib\LP\USBJmpTb.OBJ, ISR_TS_Reset_JumpVector.obj, spiwritebyte.obj TO USBAERmini2 RAMSIZE (256) CODE (0X02
>> 00-0X17FF) XDATA (0X1800-0X1FFF)


MEMORY MODEL: SMALL


INPUT MODULES INCLUDED:
  fw.obj (FW)
  dscr.obj (DSCR)
  USBAERmini2_firmware.obj (USBAERMINI2_FIRMWARE)
  C:\Cypress\USB\Target\Lib\LP\EZUSB.LIB (DISCON)
  C:\Cypress\USB\Target\Lib\LP\EZUSB.LIB (EZREGS)
  C:\Cypress\USB\Target\Lib\LP\EZUSB.LIB (I2C)
  C:\Cypress\USB\Target\Lib\LP\EZUSB.LIB (GET_STRD)
  C:\Cypress\USB\Target\Lib\LP\EZUSB.LIB (I2C_RW)
  C:\Cypress\USB\Target\Lib\LP\EZUSB.LIB (DELAY)
  C:\Cypress\USB\Target\Lib\LP\EZUSB.LIB (DELAY1MS)
  C:\Cypress\USB\Target\Lib\LP\USBJmpTb.OBJ (USBJMPTBL)
  ISR_TS_Reset_JumpVector.obj (ISR_TS_RESET_JUMPVECTOR)
  spiwritebyte.obj (SPIWRITEBYTE)
  C:\KEIL\C51\LIB\C51S.LIB (?C_STARTUP)
  C:\KEIL\C51\LIB\C51S.LIB (?C?CLDOPTR)
  C:\KEIL\C51\LIB\C51S.LIB (?C?CSTOPTR)
  C:\KEIL\C51\LIB\C51S.LIB (?C?SLCMP)
  C:\KEIL\C51\LIB\C51S.LIB (?C?ULSHR)
  C:\KEIL\C51\LIB\C51S.LIB (?C?SLSHR)
  C:\KEIL\C51\LIB\C51S.LIB (?C?LLDIIDATA)
  C:\KEIL\C51\LIB\C51S.LIB (?C?CCASE)


LINK MAP OF MODULE:  USBAERmini2 (FW)


            TYPE    BASE      LENGTH    RELOCATION   SEGMENT NAME
            -----------------------------------------------------

            * * * * * * *   D A T A   M E M O R Y   * * * * * * *
            REG     0000H     0008H     ABSOLUTE     "REG BANK 0"
            DATA    0008H     000EH     UNIT         ?DT?FW
            DATA    0016H     0009H     UNIT         ?DT?USBAERMINI2_FIRMWARE
                    001FH     0001H                  *** GAP ***
            BIT     0020H.0   0000H.3   UNIT         ?BI?FW
            BIT     0020H.3   0000H.1   UNIT         ?BI?USBAERMINI2_FIRMWARE
            BIT     0020H.4   0000H.1   UNIT         _BIT_GROUP_
                    0020H.5   0000H.3                *** GAP ***
            DATA    0021H     000EH     UNIT         _DATA_GROUP_
            DATA    002FH     0006H     UNIT         ?DT?I2C
            IDATA   0035H     0001H     UNIT         ?STACK

            * * * * * * *  X D A T A   M E M O R Y  * * * * * * *
                    0000H     1800H                  *** GAP ***
            XDATA   1800H     0101H     UNIT         ?XD?USBAERMINI2_FIRMWARE
            XDATA   1901H     0003H     UNIT         _XDATA_GROUP_
                    1904H     CAFCH                  *** GAP ***
            XDATA   E400H     0001H     ABSOLUTE     
BL51 BANKED LINKER/LOCATER V5.12                                                      02/25/2008  13:23:26  PAGE 2


                    E401H     007FH                  *** GAP ***
            XDATA   E480H     0001H     ABSOLUTE     
                    E481H     0088H                  *** GAP ***
            XDATA   E509H     0001H     ABSOLUTE     
                    E50AH     00F6H                  *** GAP ***
            XDATA   E600H     0001H     ABSOLUTE     
            XDATA   E601H     0001H     ABSOLUTE     
            XDATA   E602H     0001H     ABSOLUTE     
            XDATA   E603H     0001H     ABSOLUTE     
            XDATA   E604H     0001H     ABSOLUTE     
            XDATA   E605H     0001H     ABSOLUTE     
            XDATA   E606H     0001H     ABSOLUTE     
            XDATA   E607H     0001H     ABSOLUTE     
            XDATA   E608H     0001H     ABSOLUTE     
            XDATA   E609H     0001H     ABSOLUTE     
            XDATA   E60AH     0001H     ABSOLUTE     
            XDATA   E60BH     0001H     ABSOLUTE     
            XDATA   E60CH     0001H     ABSOLUTE     
                    E60DH     0003H                  *** GAP ***
            XDATA   E610H     0001H     ABSOLUTE     
            XDATA   E611H     0001H     ABSOLUTE     
            XDATA   E612H     0001H     ABSOLUTE     
            XDATA   E613H     0001H     ABSOLUTE     
            XDATA   E614H     0001H     ABSOLUTE     
            XDATA   E615H     0001H     ABSOLUTE     
                    E616H     0002H                  *** GAP ***
            XDATA   E618H     0001H     ABSOLUTE     
            XDATA   E619H     0001H     ABSOLUTE     
            XDATA   E61AH     0001H     ABSOLUTE     
            XDATA   E61BH     0001H     ABSOLUTE     
                    E61CH     0004H                  *** GAP ***
            XDATA   E620H     0001H     ABSOLUTE     
            XDATA   E621H     0001H     ABSOLUTE     
            XDATA   E622H     0001H     ABSOLUTE     
            XDATA   E623H     0001H     ABSOLUTE     
            XDATA   E624H     0001H     ABSOLUTE     
            XDATA   E625H     0001H     ABSOLUTE     
            XDATA   E626H     0001H     ABSOLUTE     
            XDATA   E627H     0001H     ABSOLUTE     
            XDATA   E628H     0001H     ABSOLUTE     
            XDATA   E629H     0001H     ABSOLUTE     
            XDATA   E62AH     0001H     ABSOLUTE     
            XDATA   E62BH     0001H     ABSOLUTE     
            XDATA   E62CH     0001H     ABSOLUTE     
            XDATA   E62DH     0001H     ABSOLUTE     
            XDATA   E62EH     0001H     ABSOLUTE     
            XDATA   E62FH     0001H     ABSOLUTE     
            XDATA   E630H     0001H     ABSOLUTE     
            XDATA   E631H     0001H     ABSOLUTE     
            XDATA   E632H     0001H     ABSOLUTE     
            XDATA   E633H     0001H     ABSOLUTE     
            XDATA   E634H     0001H     ABSOLUTE     
            XDATA   E635H     0001H     ABSOLUTE     
            XDATA   E636H     0001H     ABSOLUTE     
            XDATA   E637H     0001H     ABSOLUTE     
                    E638H     0008H                  *** GAP ***
            XDATA   E640H     0001H     ABSOLUTE     
BL51 BANKED LINKER/LOCATER V5.12                                                      02/25/2008  13:23:26  PAGE 3


            XDATA   E641H     0001H     ABSOLUTE     
            XDATA   E642H     0001H     ABSOLUTE     
            XDATA   E643H     0001H     ABSOLUTE     
                    E644H     0004H                  *** GAP ***
            XDATA   E648H     0001H     ABSOLUTE     
            XDATA   E649H     0001H     ABSOLUTE     
                    E64AH     0006H                  *** GAP ***
            XDATA   E650H     0001H     ABSOLUTE     
            XDATA   E651H     0001H     ABSOLUTE     
            XDATA   E652H     0001H     ABSOLUTE     
            XDATA   E653H     0001H     ABSOLUTE     
            XDATA   E654H     0001H     ABSOLUTE     
            XDATA   E655H     0001H     ABSOLUTE     
            XDATA   E656H     0001H     ABSOLUTE     
            XDATA   E657H     0001H     ABSOLUTE     
            XDATA   E658H     0001H     ABSOLUTE     
            XDATA   E659H     0001H     ABSOLUTE     
            XDATA   E65AH     0001H     ABSOLUTE     
            XDATA   E65BH     0001H     ABSOLUTE     
            XDATA   E65CH     0001H     ABSOLUTE     
            XDATA   E65DH     0001H     ABSOLUTE     
            XDATA   E65EH     0001H     ABSOLUTE     
            XDATA   E65FH     0001H     ABSOLUTE     
            XDATA   E660H     0001H     ABSOLUTE     
            XDATA   E661H     0001H     ABSOLUTE     
            XDATA   E662H     0001H     ABSOLUTE     
            XDATA   E663H     0001H     ABSOLUTE     
            XDATA   E664H     0001H     ABSOLUTE     
            XDATA   E665H     0001H     ABSOLUTE     
            XDATA   E666H     0001H     ABSOLUTE     
            XDATA   E667H     0001H     ABSOLUTE     
            XDATA   E668H     0001H     ABSOLUTE     
                    E669H     0007H                  *** GAP ***
            XDATA   E670H     0001H     ABSOLUTE     
            XDATA   E671H     0001H     ABSOLUTE     
            XDATA   E672H     0001H     ABSOLUTE     
                    E673H     0005H                  *** GAP ***
            XDATA   E678H     0001H     ABSOLUTE     
            XDATA   E679H     0001H     ABSOLUTE     
            XDATA   E67AH     0001H     ABSOLUTE     
            XDATA   E67BH     0001H     ABSOLUTE     
            XDATA   E67CH     0001H     ABSOLUTE     
            XDATA   E67DH     0001H     ABSOLUTE     
            XDATA   E67EH     0001H     ABSOLUTE     
            XDATA   E67FH     0001H     ABSOLUTE     
            XDATA   E680H     0001H     ABSOLUTE     
            XDATA   E681H     0001H     ABSOLUTE     
            XDATA   E682H     0001H     ABSOLUTE     
            XDATA   E683H     0001H     ABSOLUTE     
            XDATA   E684H     0001H     ABSOLUTE     
            XDATA   E685H     0001H     ABSOLUTE     
            XDATA   E686H     0001H     ABSOLUTE     
            XDATA   E687H     0001H     ABSOLUTE     
                    E688H     0002H                  *** GAP ***
            XDATA   E68AH     0001H     ABSOLUTE     
            XDATA   E68BH     0001H     ABSOLUTE     
                    E68CH     0001H                  *** GAP ***
BL51 BANKED LINKER/LOCATER V5.12                                                      02/25/2008  13:23:26  PAGE 4


            XDATA   E68DH     0001H     ABSOLUTE     
                    E68EH     0001H                  *** GAP ***
            XDATA   E68FH     0001H     ABSOLUTE     
            XDATA   E690H     0001H     ABSOLUTE     
            XDATA   E691H     0001H     ABSOLUTE     
                    E692H     0002H                  *** GAP ***
            XDATA   E694H     0001H     ABSOLUTE     
            XDATA   E695H     0001H     ABSOLUTE     
                    E696H     0002H                  *** GAP ***
            XDATA   E698H     0001H     ABSOLUTE     
            XDATA   E699H     0001H     ABSOLUTE     
                    E69AH     0002H                  *** GAP ***
            XDATA   E69CH     0001H     ABSOLUTE     
            XDATA   E69DH     0001H     ABSOLUTE     
                    E69EH     0002H                  *** GAP ***
            XDATA   E6A0H     0001H     ABSOLUTE     
            XDATA   E6A1H     0001H     ABSOLUTE     
            XDATA   E6A2H     0001H     ABSOLUTE     
            XDATA   E6A3H     0001H     ABSOLUTE     
            XDATA   E6A4H     0001H     ABSOLUTE     
            XDATA   E6A5H     0001H     ABSOLUTE     
            XDATA   E6A6H     0001H     ABSOLUTE     
            XDATA   E6A7H     0001H     ABSOLUTE     
            XDATA   E6A8H     0001H     ABSOLUTE     
            XDATA   E6A9H     0001H     ABSOLUTE     
            XDATA   E6AAH     0001H     ABSOLUTE     
            XDATA   E6ABH     0001H     ABSOLUTE     
            XDATA   E6ACH     0001H     ABSOLUTE     
            XDATA   E6ADH     0001H     ABSOLUTE     
            XDATA   E6AEH     0001H     ABSOLUTE     
            XDATA   E6AFH     0001H     ABSOLUTE     
            XDATA   E6B0H     0001H     ABSOLUTE     
            XDATA   E6B1H     0001H     ABSOLUTE     
            XDATA   E6B2H     0001H     ABSOLUTE     
            XDATA   E6B3H     0001H     ABSOLUTE     
            XDATA   E6B4H     0001H     ABSOLUTE     
            XDATA   E6B5H     0001H     ABSOLUTE     
                    E6B6H     0002H                  *** GAP ***
            XDATA   E6B8H     0008H     ABSOLUTE     
            XDATA   E6C0H     0001H     ABSOLUTE     
            XDATA   E6C1H     0001H     ABSOLUTE     
            XDATA   E6C2H     0001H     ABSOLUTE     
            XDATA   E6C3H     0001H     ABSOLUTE     
            XDATA   E6C4H     0001H     ABSOLUTE     
            XDATA   E6C5H     0001H     ABSOLUTE     
            XDATA   E6C6H     0001H     ABSOLUTE     
            XDATA   E6C7H     0001H     ABSOLUTE     
            XDATA   E6C8H     0001H     ABSOLUTE     
            XDATA   E6C9H     0001H     ABSOLUTE     
            XDATA   E6CAH     0001H     ABSOLUTE     
            XDATA   E6CBH     0001H     ABSOLUTE     
            XDATA   E6CCH     0001H     ABSOLUTE     
            XDATA   E6CDH     0001H     ABSOLUTE     
            XDATA   E6CEH     0001H     ABSOLUTE     
            XDATA   E6CFH     0001H     ABSOLUTE     
            XDATA   E6D0H     0001H     ABSOLUTE     
            XDATA   E6D1H     0001H     ABSOLUTE     
BL51 BANKED LINKER/LOCATER V5.12                                                      02/25/2008  13:23:26  PAGE 5


            XDATA   E6D2H     0001H     ABSOLUTE     
            XDATA   E6D3H     0001H     ABSOLUTE     
            XDATA   E6D4H     0001H     ABSOLUTE     
                    E6D5H     0005H                  *** GAP ***
            XDATA   E6DAH     0001H     ABSOLUTE     
            XDATA   E6DBH     0001H     ABSOLUTE     
            XDATA   E6DCH     0001H     ABSOLUTE     
                    E6DDH     0005H                  *** GAP ***
            XDATA   E6E2H     0001H     ABSOLUTE     
            XDATA   E6E3H     0001H     ABSOLUTE     
            XDATA   E6E4H     0001H     ABSOLUTE     
                    E6E5H     0005H                  *** GAP ***
            XDATA   E6EAH     0001H     ABSOLUTE     
            XDATA   E6EBH     0001H     ABSOLUTE     
            XDATA   E6ECH     0001H     ABSOLUTE     
                    E6EDH     0003H                  *** GAP ***
            XDATA   E6F0H     0001H     ABSOLUTE     
            XDATA   E6F1H     0001H     ABSOLUTE     
            XDATA   E6F2H     0001H     ABSOLUTE     
            XDATA   E6F3H     0001H     ABSOLUTE     
            XDATA   E6F4H     0001H     ABSOLUTE     
            XDATA   E6F5H     0001H     ABSOLUTE     
                    E6F6H     0002H                  *** GAP ***
            XDATA   E6F8H     0001H     ABSOLUTE     
            XDATA   E6F9H     0001H     ABSOLUTE     
            XDATA   E6FAH     0001H     ABSOLUTE     
            XDATA   E6FBH     0001H     ABSOLUTE     
            XDATA   E6FCH     0001H     ABSOLUTE     
            XDATA   E6FDH     0001H     ABSOLUTE     
            XDATA   E6FEH     0001H     ABSOLUTE     
                    E6FFH     0041H                  *** GAP ***
            XDATA   E740H     0040H     ABSOLUTE     
            XDATA   E780H     0040H     ABSOLUTE     
            XDATA   E7C0H     0040H     ABSOLUTE     
                    E800H     0800H                  *** GAP ***
            XDATA   F000H     0400H     ABSOLUTE     
            XDATA   F400H     0400H     ABSOLUTE     
            XDATA   F800H     0400H     ABSOLUTE     
            XDATA   FC00H     0400H     ABSOLUTE     

            * * * * * * *   C O D E   M E M O R Y   * * * * * * *
            CODE    0000H     0003H     ABSOLUTE     
                    0003H     0010H                  *** GAP ***
            CODE    0013H     0003H     ABSOLUTE     
                    0016H     001DH                  *** GAP ***
            CODE    0033H     0003H     ABSOLUTE     
                    0036H     000DH                  *** GAP ***
            CODE    0043H     0003H     ABSOLUTE     
                    0046H     0005H                  *** GAP ***
            CODE    004BH     0003H     ABSOLUTE     
                    004EH     0005H                  *** GAP ***
            CODE    0053H     0003H     ABSOLUTE     
                    0056H     01AAH                  *** GAP ***
            CODE    0200H     0429H     UNIT         ?PR?DR_VENDORCMND?USBAERMINI2_FIRMWARE
            CODE    0629H     020BH     UNIT         ?PR?SETUPCOMMAND?FW
            CODE    0834H     0108H     UNIT         ?PR?I2C_ISR?I2C
            CODE    093CH     00D2H     UNIT         ?C?LIB_CODE
BL51 BANKED LINKER/LOCATER V5.12                                                      02/25/2008  13:23:26  PAGE 6


            CODE    0A0EH     00BEH     UNIT         ?PR?TD_INIT?USBAERMINI2_FIRMWARE
            CODE    0ACCH     0034H     UNIT         ?PR?_EZUSB_READI2C_?I2C
            CODE    0B00H     00B8H     PAGE         ?PR?USB_JUMP_TABLE?USBJT
            CODE    0BB8H     0048H     UNIT         ?PR?SPIWRITEBYTE?MODULE
            CODE    0C00H     0090H     PAGE         DSCR
            CODE    0C90H     005EH     UNIT         ?PR?MAIN?FW
            CODE    0CEEH     0059H     UNIT         ?PR?_EEPROMREAD?USBAERMINI2_FIRMWARE
            CODE    0D47H     0046H     UNIT         ?PR?_EZUSB_DELAY?DELAY
            CODE    0D8DH     0044H     UNIT         ?PR?STOPMONITOR?USBAERMINI2_FIRMWARE
            CODE    0DD1H     0043H     UNIT         ?PR?_EEPROMWRITEBYTE?USBAERMINI2_FIRMWARE
            CODE    0E14H     0038H     UNIT         ?PR?_EZUSB_WAITFOREEPROMWRITE?I2C
            CODE    0E4CH     0037H     UNIT         ?PR?ISR_URES?USBAERMINI2_FIRMWARE
            CODE    0E83H     0037H     UNIT         ?PR?ISR_HIGHSPEED?USBAERMINI2_FIRMWARE
            CODE    0EBAH     0035H     UNIT         ?PR?_EEPROMWRITE?USBAERMINI2_FIRMWARE
            CODE    0EEFH     0032H     UNIT         ?PR?_EZUSB_WRITEI2C_?I2C
            CODE    0F21H     0031H     UNIT         ?PR?ISR_MISSEDEVENT?USBAERMINI2_FIRMWARE
            CODE    0F52H     002FH     UNIT         ?PR?EZUSB_DISCON?DISCON
            CODE    0F81H     002BH     UNIT         ?PR?_EZUSB_GETSTRINGDSCR?GET_STRD
            CODE    0FACH     001EH     UNIT         ?PR?TD_POLL?USBAERMINI2_FIRMWARE
            CODE    0FCAH     001CH     UNIT         ?PR?_EZUSB_READI2C?I2C_RW
            CODE    0FE6H     001CH     UNIT         ?PR?_EZUSB_WRITEI2C?I2C_RW
            CODE    1002H     0018H     UNIT         ?PR?ISR_SUDAV?USBAERMINI2_FIRMWARE
            CODE    101AH     0016H     UNIT         ?PR?ISR_SUTOK?USBAERMINI2_FIRMWARE
            CODE    1030H     0016H     UNIT         ?PR?ISR_SOF?USBAERMINI2_FIRMWARE
            CODE    1046H     0011H     UNIT         EZUSB
            CODE    1057H     0010H     UNIT         ?PR?DR_GETCONFIGURATION?USBAERMINI2_FIRMWARE
            CODE    1067H     0010H     UNIT         ?PR?DR_GETINTERFACE?USBAERMINI2_FIRMWARE
            CODE    1077H     000CH     UNIT         ?C_C51STARTUP
            CODE    1083H     000AH     UNIT         ?CO?FW
            CODE    108DH     0008H     UNIT         ?PR?EZUSB_INITI2C?I2C
            CODE    1095H     0007H     UNIT         ?PR?STARTMONITOR?USBAERMINI2_FIRMWARE
            CODE    109CH     0004H     UNIT         ?PR?RESUME_ISR?FW
            CODE    10A0H     0002H     UNIT         ?PR?HIGHSPEEDCAPABLE?FW
            CODE    10A2H     0001H     UNIT         ?PR?ISR_SUSP?USBAERMINI2_FIRMWARE
            CODE    10A3H     0001H     UNIT         ?PR?ISR_EP0ACK?USBAERMINI2_FIRMWARE
            CODE    10A4H     0001H     UNIT         ?PR?ISR_STUB?USBAERMINI2_FIRMWARE
            CODE    10A5H     0001H     UNIT         ?PR?ISR_EP0IN?USBAERMINI2_FIRMWARE
            CODE    10A6H     0001H     UNIT         ?PR?ISR_EP0OUT?USBAERMINI2_FIRMWARE
            CODE    10A7H     0001H     UNIT         ?PR?ISR_EP1IN?USBAERMINI2_FIRMWARE
            CODE    10A8H     0001H     UNIT         ?PR?ISR_EP1OUT?USBAERMINI2_FIRMWARE
            CODE    10A9H     0001H     UNIT         ?PR?ISR_EP2INOUT?USBAERMINI2_FIRMWARE
            CODE    10AAH     0001H     UNIT         ?PR?ISR_EP4INOUT?USBAERMINI2_FIRMWARE
            CODE    10ABH     0001H     UNIT         ?PR?ISR_EP6INOUT?USBAERMINI2_FIRMWARE
            CODE    10ACH     0001H     UNIT         ?PR?ISR_EP8INOUT?USBAERMINI2_FIRMWARE
            CODE    10ADH     0001H     UNIT         ?PR?ISR_IBN?USBAERMINI2_FIRMWARE
            CODE    10AEH     0001H     UNIT         ?PR?ISR_EP0PINGNAK?USBAERMINI2_FIRMWARE
            CODE    10AFH     0001H     UNIT         ?PR?ISR_EP1PINGNAK?USBAERMINI2_FIRMWARE
            CODE    10B0H     0001H     UNIT         ?PR?ISR_EP2PINGNAK?USBAERMINI2_FIRMWARE
            CODE    10B1H     0001H     UNIT         ?PR?ISR_EP4PINGNAK?USBAERMINI2_FIRMWARE
            CODE    10B2H     0001H     UNIT         ?PR?ISR_EP6PINGNAK?USBAERMINI2_FIRMWARE
            CODE    10B3H     0001H     UNIT         ?PR?ISR_EP8PINGNAK?USBAERMINI2_FIRMWARE
            CODE    10B4H     0001H     UNIT         ?PR?ISR_ERRORLIMIT?USBAERMINI2_FIRMWARE
            CODE    10B5H     0001H     UNIT         ?PR?ISR_EP2PIDERROR?USBAERMINI2_FIRMWARE
            CODE    10B6H     0001H     UNIT         ?PR?ISR_EP4PIDERROR?USBAERMINI2_FIRMWARE
            CODE    10B7H     0001H     UNIT         ?PR?ISR_EP6PIDERROR?USBAERMINI2_FIRMWARE
            CODE    10B8H     0001H     UNIT         ?PR?ISR_EP8PIDERROR?USBAERMINI2_FIRMWARE
            CODE    10B9H     0001H     UNIT         ?PR?ISR_EP2PFLAG?USBAERMINI2_FIRMWARE
BL51 BANKED LINKER/LOCATER V5.12                                                      02/25/2008  13:23:26  PAGE 7


            CODE    10BAH     0001H     UNIT         ?PR?ISR_EP4PFLAG?USBAERMINI2_FIRMWARE
            CODE    10BBH     0001H     UNIT         ?PR?ISR_EP6PFLAG?USBAERMINI2_FIRMWARE
            CODE    10BCH     0001H     UNIT         ?PR?ISR_EP8PFLAG?USBAERMINI2_FIRMWARE
            CODE    10BDH     0001H     UNIT         ?PR?ISR_EP2EFLAG?USBAERMINI2_FIRMWARE
            CODE    10BEH     0001H     UNIT         ?PR?ISR_EP4EFLAG?USBAERMINI2_FIRMWARE
            CODE    10BFH     0001H     UNIT         ?PR?ISR_EP6EFLAG?USBAERMINI2_FIRMWARE
            CODE    10C0H     0001H     UNIT         ?PR?ISR_EP8EFLAG?USBAERMINI2_FIRMWARE
            CODE    10C1H     0001H     UNIT         ?PR?ISR_EP2FFLAG?USBAERMINI2_FIRMWARE
            CODE    10C2H     0001H     UNIT         ?PR?ISR_EP4FFLAG?USBAERMINI2_FIRMWARE
            CODE    10C3H     0001H     UNIT         ?PR?ISR_EP6FFLAG?USBAERMINI2_FIRMWARE
            CODE    10C4H     0001H     UNIT         ?PR?ISR_EP8FFLAG?USBAERMINI2_FIRMWARE
            CODE    10C5H     0001H     UNIT         ?PR?ISR_GPIFCOMPLETE?USBAERMINI2_FIRMWARE
            CODE    10C6H     0001H     UNIT         ?PR?ISR_GPIFWAVEFORM?USBAERMINI2_FIRMWARE



OVERLAY MAP OF MODULE:   USBAERmini2 (FW)


SEGMENT                                             BIT_GROUP          DATA_GROUP          XDATA_GROUP
  +--> CALLED SEGMENT                            START    LENGTH     START    LENGTH     START    LENGTH
--------------------------------------------------------------------------------------------------------
?PR?USB_JUMP_TABLE?USBJT                         -----    -----      -----    -----      -----    -----
  +--> ?PR?ISR_SUDAV?USBAERMINI2_FIRMWARE
  +--> ?PR?ISR_SOF?USBAERMINI2_FIRMWARE
  +--> ?PR?ISR_SUTOK?USBAERMINI2_FIRMWARE
  +--> ?PR?ISR_SUSP?USBAERMINI2_FIRMWARE
  +--> ?PR?ISR_URES?USBAERMINI2_FIRMWARE
  +--> ?PR?ISR_HIGHSPEED?USBAERMINI2_FIRMWARE
  +--> ?PR?ISR_EP0ACK?USBAERMINI2_FIRMWARE
  +--> ?PR?ISR_STUB?USBAERMINI2_FIRMWARE
  +--> ?PR?ISR_EP0IN?USBAERMINI2_FIRMWARE
  +--> ?PR?ISR_EP0OUT?USBAERMINI2_FIRMWARE
  +--> ?PR?ISR_EP1IN?USBAERMINI2_FIRMWARE
  +--> ?PR?ISR_EP1OUT?USBAERMINI2_FIRMWARE
  +--> ?PR?ISR_EP2INOUT?USBAERMINI2_FIRMWARE
  +--> ?PR?ISR_EP4INOUT?USBAERMINI2_FIRMWARE
  +--> ?PR?ISR_EP6INOUT?USBAERMINI2_FIRMWARE
  +--> ?PR?ISR_EP8INOUT?USBAERMINI2_FIRMWARE
  +--> ?PR?ISR_IBN?USBAERMINI2_FIRMWARE
  +--> ?PR?ISR_EP0PINGNAK?USBAERMINI2_FIRMWARE
  +--> ?PR?ISR_EP1PINGNAK?USBAERMINI2_FIRMWARE
  +--> ?PR?ISR_EP2PINGNAK?USBAERMINI2_FIRMWARE
  +--> ?PR?ISR_EP4PINGNAK?USBAERMINI2_FIRMWARE
  +--> ?PR?ISR_EP6PINGNAK?USBAERMINI2_FIRMWARE
  +--> ?PR?ISR_EP8PINGNAK?USBAERMINI2_FIRMWARE
  +--> ?PR?ISR_ERRORLIMIT?USBAERMINI2_FIRMWARE
  +--> ?PR?ISR_EP2PIDERROR?USBAERMINI2_FIRMWARE
  +--> ?PR?ISR_EP4PIDERROR?USBAERMINI2_FIRMWARE
  +--> ?PR?ISR_EP6PIDERROR?USBAERMINI2_FIRMWARE
  +--> ?PR?ISR_EP8PIDERROR?USBAERMINI2_FIRMWARE
  +--> ?PR?ISR_EP2PFLAG?USBAERMINI2_FIRMWARE
  +--> ?PR?ISR_EP4PFLAG?USBAERMINI2_FIRMWARE
  +--> ?PR?ISR_EP6PFLAG?USBAERMINI2_FIRMWARE
  +--> ?PR?ISR_EP8PFLAG?USBAERMINI2_FIRMWARE
  +--> ?PR?ISR_EP2EFLAG?USBAERMINI2_FIRMWARE
  +--> ?PR?ISR_EP4EFLAG?USBAERMINI2_FIRMWARE
BL51 BANKED LINKER/LOCATER V5.12                                                      02/25/2008  13:23:26  PAGE 8


  +--> ?PR?ISR_EP6EFLAG?USBAERMINI2_FIRMWARE
  +--> ?PR?ISR_EP8EFLAG?USBAERMINI2_FIRMWARE
  +--> ?PR?ISR_EP2FFLAG?USBAERMINI2_FIRMWARE
  +--> ?PR?ISR_EP4FFLAG?USBAERMINI2_FIRMWARE
  +--> ?PR?ISR_EP6FFLAG?USBAERMINI2_FIRMWARE
  +--> ?PR?ISR_EP8FFLAG?USBAERMINI2_FIRMWARE
  +--> ?PR?ISR_GPIFCOMPLETE?USBAERMINI2_FIRM...
  +--> ?PR?ISR_GPIFWAVEFORM?USBAERMINI2_FIRM...

*** NEW ROOT ***************************************************

?C_C51STARTUP                                    -----    -----      -----    -----      -----    -----
  +--> ?PR?MAIN?FW

?PR?MAIN?FW                                      -----    -----      -----    -----      -----    -----
  +--> ?PR?TD_INIT?USBAERMINI2_FIRMWARE
  +--> ?PR?EZUSB_DISCON?DISCON
  +--> ?PR?TD_POLL?USBAERMINI2_FIRMWARE
  +--> ?PR?SETUPCOMMAND?FW

?PR?TD_INIT?USBAERMINI2_FIRMWARE                 -----    -----      -----    -----      -----    -----
  +--> ?PR?EZUSB_INITI2C?I2C

?PR?EZUSB_DISCON?DISCON                          0020H.4  0000H.1    -----    -----      -----    -----
  +--> ?PR?_EZUSB_DELAY?DELAY

?PR?_EZUSB_DELAY?DELAY                           -----    -----      0021H    0002H      -----    -----

?PR?SETUPCOMMAND?FW                              -----    -----      -----    -----      -----    -----
  +--> ?PR?HIGHSPEEDCAPABLE?FW
  +--> ?PR?_EZUSB_GETSTRINGDSCR?GET_STRD
  +--> ?PR?DR_GETINTERFACE?USBAERMINI2_FIRMWARE
  +--> ?PR?DR_GETCONFIGURATION?USBAERMINI2_F...
  +--> ?CO?FW
  +--> ?PR?DR_VENDORCMND?USBAERMINI2_FIRMWARE

?PR?DR_VENDORCMND?USBAERMINI2_FIRMWARE           -----    -----      0021H    0008H      -----    -----
  +--> ?PR?STARTMONITOR?USBAERMINI2_FIRMWARE
  +--> ?PR?STOPMONITOR?USBAERMINI2_FIRMWARE
  +--> ?PR?SPIWRITEBYTE?MODULE
  +--> ?PR?_EEPROMREAD?USBAERMINI2_FIRMWARE
  +--> ?PR?_EEPROMWRITE?USBAERMINI2_FIRMWARE

?PR?SPIWRITEBYTE?MODULE                          -----    -----      0029H    0001H      -----    -----

?PR?_EEPROMREAD?USBAERMINI2_FIRMWARE             -----    -----      0029H    0005H      1901H    0002H
  +--> ?PR?_EZUSB_WRITEI2C?I2C_RW
  +--> ?PR?_EZUSB_READI2C?I2C_RW

?PR?_EZUSB_WRITEI2C?I2C_RW                       -----    -----      -----    -----      -----    -----
  +--> ?PR?_EZUSB_WRITEI2C_?I2C

?PR?_EZUSB_READI2C?I2C_RW                        -----    -----      -----    -----      -----    -----
  +--> ?PR?_EZUSB_READI2C_?I2C

?PR?_EEPROMWRITE?USBAERMINI2_FIRMWARE            -----    -----      0029H    0006H      -----    -----
  +--> ?PR?_EEPROMWRITEBYTE?USBAERMINI2_FIRM...
BL51 BANKED LINKER/LOCATER V5.12                                                      02/25/2008  13:23:26  PAGE 9



?PR?_EEPROMWRITEBYTE?USBAERMINI2_FIRM...         -----    -----      -----    -----      1901H    0003H
  +--> ?PR?_EZUSB_WRITEI2C?I2C_RW
  +--> ?PR?_EZUSB_WAITFOREEPROMWRITE?I2C



SYMBOL TABLE OF MODULE:  USBAERmini2 (FW)

  VALUE           TYPE          NAME
  ----------------------------------

  -------         MODULE        FW
  C:0000H         SYMBOL        _ICE_DUMMY_
  B:00A8H.7       PUBLIC        EA
  B:0020H.0       PUBLIC        Rwuen
  B:0020H.1       PUBLIC        GotSUD
  C:1083H         PUBLIC        EPCS_Offset_Lookup_Table
  C:10A0H         PUBLIC        HighSpeedCapable
  C:0C90H         PUBLIC        main
  B:00E8H.0       PUBLIC        EUSB
  C:109CH         PUBLIC        resume_isr
  D:0008H         PUBLIC        pHighSpeedConfigDscr
  D:000AH         PUBLIC        pDeviceDscr
  C:0629H         PUBLIC        SetupCommand
  D:000CH         PUBLIC        pConfigDscr
  D:000EH         PUBLIC        pOtherConfigDscr
  D:0010H         PUBLIC        pFullSpeedConfigDscr
  B:0020H.2       PUBLIC        Selfpwr
  D:0012H         PUBLIC        pDeviceQualDscr
  D:00D8H         PUBLIC        EICON
  D:008EH         PUBLIC        CKCON
  D:0014H         PUBLIC        pStringDscr
  -------         PROC          MAIN
  C:0C90H         LINE#         90
  C:0C90H         LINE#         91
  C:0C90H         LINE#         94
  C:0C92H         LINE#         95
  C:0C94H         LINE#         96
  C:0C96H         LINE#         99
  C:0C99H         LINE#         100
  C:0C9BH         LINE#         102
  C:0CA1H         LINE#         103
  C:0CA7H         LINE#         104
  C:0CADH         LINE#         105
  C:0CB3H         LINE#         106
  C:0CB9H         LINE#         108
  C:0CBBH         LINE#         111
  C:0CC2H         LINE#         114
  C:0CC9H         LINE#         115
  C:0CCBH         LINE#         122
  C:0CD2H         LINE#         123
  C:0CD2H         LINE#         124
  C:0CD7H         LINE#         125
  C:0CD7H         LINE#         131
  C:0CDEH         LINE#         133
  C:0CE1H         LINE#         142
BL51 BANKED LINKER/LOCATER V5.12                                                      02/25/2008  13:23:26  PAGE 10


  C:0CE1H         LINE#         143
  C:0CE1H         LINE#         145
  C:0CE4H         LINE#         148
  C:0CE7H         LINE#         149
  C:0CE7H         LINE#         150
  C:0CEAH         LINE#         151
  C:0CECH         LINE#         152
  C:0CECH         LINE#         177
  -------         ENDPROC       MAIN
  -------         PROC          HIGHSPEEDCAPABLE
  C:10A0H         LINE#         180
  C:10A0H         LINE#         181
  C:10A0H         LINE#         189
  C:10A1H         LINE#         190
  -------         ENDPROC       HIGHSPEEDCAPABLE
  -------         PROC          SETUPCOMMAND
  -------         DO            
  D:0001H         SYMBOL        dscr_ptr
  -------         ENDDO         
  C:0629H         LINE#         193
  C:0629H         LINE#         194
  C:0629H         LINE#         197
  C:065CH         LINE#         198
  C:065CH         LINE#         199
  C:065CH         LINE#         200
  C:065CH         LINE#         201
  C:0672H         LINE#         202
  C:0672H         LINE#         203
  C:0672H         LINE#         204
  C:0678H         LINE#         205
  C:067AH         LINE#         206
  C:067CH         LINE#         207
  C:067CH         LINE#         210
  C:0681H         LINE#         211
  C:0681H         LINE#         212
  C:0687H         LINE#         213
  C:0689H         LINE#         214
  C:068BH         LINE#         220
  C:068BH         LINE#         221
  C:0691H         LINE#         222
  C:0693H         LINE#         223
  C:0695H         LINE#         224
  C:0695H         LINE#         225
  C:069BH         LINE#         226
  C:069DH         LINE#         227
  C:069FH         LINE#         228
  C:069FH         LINE#         229
  C:06B2H         LINE#         230
  C:06B2H         LINE#         231
  C:06B7H         LINE#         232
  C:06BCH         LINE#         233
  C:06BFH         LINE#         235
  C:06BFH         LINE#         236
  C:06C2H         LINE#         237
  C:06C2H         LINE#         238
  C:06C2H         LINE#         239
  C:06C2H         LINE#         240
BL51 BANKED LINKER/LOCATER V5.12                                                      02/25/2008  13:23:26  PAGE 11


  C:06C5H         LINE#         241
  C:06C5H         LINE#         242
  C:06C8H         LINE#         243
  C:06CBH         LINE#         244
  C:06CBH         LINE#         246
  C:06CBH         LINE#         247
  C:06CBH         LINE#         249
  C:06CBH         LINE#         250
  C:06CBH         LINE#         251
  C:06CEH         LINE#         252
  C:06D1H         LINE#         253
  C:06D1H         LINE#         254
  C:06D1H         LINE#         255
  C:06E0H         LINE#         256
  C:06E0H         LINE#         257
  C:06E0H         LINE#         258
  C:06ECH         LINE#         259
  C:06ECH         LINE#         260
  C:06ECH         LINE#         261
  C:06ECH         LINE#         262
  C:06EEH         LINE#         263
  C:06EEH         LINE#         264
  C:06F3H         LINE#         265
  C:06F3H         LINE#         266
  C:06F3H         LINE#         267
  C:06F3H         LINE#         268
  C:06F5H         LINE#         269
  C:06F5H         LINE#         270
  C:0733H         LINE#         271
  C:0736H         LINE#         272
  C:073AH         LINE#         273
  C:0740H         LINE#         274
  C:0743H         LINE#         275
  C:0743H         LINE#         276
  C:0743H         LINE#         277
  C:0743H         LINE#         278
  C:0746H         LINE#         279
  C:0746H         LINE#         280
  C:0746H         LINE#         281
  C:0755H         LINE#         282
  C:0755H         LINE#         283
  C:0755H         LINE#         284
  C:075CH         LINE#         285
  C:0761H         LINE#         287
  C:0761H         LINE#         288
  C:0764H         LINE#         289
  C:0764H         LINE#         290
  C:076AH         LINE#         291
  C:076AH         LINE#         292
  C:07A5H         LINE#         293
  C:07BDH         LINE#         294
  C:07BFH         LINE#         296
  C:07BFH         LINE#         297
  C:07C1H         LINE#         298
  C:07C1H         LINE#         299
  C:07C1H         LINE#         300
  C:07C1H         LINE#         301
BL51 BANKED LINKER/LOCATER V5.12                                                      02/25/2008  13:23:26  PAGE 12


  C:07C1H         LINE#         302
  C:07CDH         LINE#         303
  C:07CDH         LINE#         304
  C:07CDH         LINE#         305
  C:07D4H         LINE#         306
  C:07D8H         LINE#         307
  C:07E0H         LINE#         313
  C:07E0H         LINE#         315
  C:07E0H         LINE#         316
  C:07E2H         LINE#         317
  C:07E2H         LINE#         318
  C:0819H         LINE#         319
  C:081BH         LINE#         320
  C:081BH         LINE#         321
  C:081EH         LINE#         322
  C:081EH         LINE#         323
  C:0820H         LINE#         324
  C:0820H         LINE#         325
  C:0825H         LINE#         326
  C:082CH         LINE#         327
  C:082CH         LINE#         330
  C:0833H         LINE#         331
  -------         ENDPROC       SETUPCOMMAND
  -------         PROC          RESUME_ISR
  C:109CH         LINE#         334
  C:109CH         LINE#         336
  C:109FH         LINE#         337
  -------         ENDPROC       RESUME_ISR
  -------         ENDMOD        FW

  -------         MODULE        DSCR
  C:0C00H         SEGMENT       DSCR
  C:0C00H         PUBLIC        DEVICEDSCR
  C:0C12H         PUBLIC        DEVICEQUALDSCR
  C:0C43H         PUBLIC        FULLSPEEDCONFIGDSCR
  C:0C1CH         PUBLIC        HIGHSPEEDCONFIGDSCR
  C:0C6AH         PUBLIC        STRINGDSCR
  C:0C8EH         PUBLIC        USERDSCR
  N:0002H         SYMBOL        DSCR_CONFIG
  N:0009H         SYMBOL        DSCR_CONFIG_LEN
  N:0001H         SYMBOL        DSCR_DEVICE
  N:0012H         SYMBOL        DSCR_DEVICE_LEN
  N:0006H         SYMBOL        DSCR_DEVQUAL
  N:000AH         SYMBOL        DSCR_DEVQUAL_LEN
  N:0005H         SYMBOL        DSCR_ENDPNT
  N:0007H         SYMBOL        DSCR_ENDPNT_LEN
  N:0004H         SYMBOL        DSCR_INTRFC
  N:0009H         SYMBOL        DSCR_INTRFC_LEN
  N:0003H         SYMBOL        DSCR_STRING
  N:0002H         SYMBOL        ET_BULK
  N:0000H         SYMBOL        ET_CONTROL
  N:0003H         SYMBOL        ET_INT
  N:0001H         SYMBOL        ET_ISO
  C:0C6AH         SYMBOL        FULLSPEEDCONFIGDSCREND
  C:0C43H         SYMBOL        HIGHSPEEDCONFIGDSCREND
  C:0C6AH         SYMBOL        STRINGDSCR0
  C:0C6EH         SYMBOL        STRINGDSCR0END
BL51 BANKED LINKER/LOCATER V5.12                                                      02/25/2008  13:23:26  PAGE 13


  C:0C6EH         SYMBOL        STRINGDSCR1
  C:0C76H         SYMBOL        STRINGDSCR1END
  C:0C76H         SYMBOL        STRINGDSCR2
  C:0C8EH         SYMBOL        STRINGDSCR2END
  -------         ENDMOD        DSCR

  -------         MODULE        USBAERMINI2_FIRMWARE
  C:0000H         SYMBOL        _ICE_DUMMY_
  C:10B4H         PUBLIC        ISR_Errorlimit
  D:0016H         PUBLIC        missedEvents
  C:10A5H         PUBLIC        ISR_Ep0in
  D:00A8H         PUBLIC        IE
  C:10A7H         PUBLIC        ISR_Ep1in
  C:0A0EH         PUBLIC        TD_Init
  C:10A6H         PUBLIC        ISR_Ep0out
  C:10A8H         PUBLIC        ISR_Ep1out
  C:0FACH         PUBLIC        TD_Poll
  C:10C5H         PUBLIC        ISR_GpifComplete
  C:1095H         PUBLIC        startMonitor
  C:10AEH         PUBLIC        ISR_Ep0pingnak
  C:10AFH         PUBLIC        ISR_Ep1pingnak
  C:10C6H         PUBLIC        ISR_GpifWaveform
  C:10B5H         PUBLIC        ISR_Ep2piderror
  C:10B0H         PUBLIC        ISR_Ep2pingnak
  C:10B6H         PUBLIC        ISR_Ep4piderror
  C:10B1H         PUBLIC        ISR_Ep4pingnak
  C:10B7H         PUBLIC        ISR_Ep6piderror
  C:10B2H         PUBLIC        ISR_Ep6pingnak
  C:0CEEH         PUBLIC        _EEPROMRead
  C:10B8H         PUBLIC        ISR_Ep8piderror
  C:10B3H         PUBLIC        ISR_Ep8pingnak
  X:1800H         PUBLIC        biasBytes
  D:0091H         PUBLIC        EXIF
  C:1067H         PUBLIC        DR_GetInterface
  C:0D8DH         PUBLIC        stopMonitor
  C:0EBAH         PUBLIC        _EEPROMWrite
  C:10BDH         PUBLIC        ISR_Ep2eflag
  C:10C1H         PUBLIC        ISR_Ep2fflag
  C:10BEH         PUBLIC        ISR_Ep4eflag
  C:10C2H         PUBLIC        ISR_Ep4fflag
  C:10BFH         PUBLIC        ISR_Ep6eflag
  C:0F21H         PUBLIC        ISR_MissedEvent
  C:10C3H         PUBLIC        ISR_Ep6fflag
  C:10C0H         PUBLIC        ISR_Ep8eflag
  C:10C4H         PUBLIC        ISR_Ep8fflag
  B:00A0H.0       PUBLIC        PC0
  C:10B9H         PUBLIC        ISR_Ep2pflag
  B:00A0H.2       PUBLIC        PC2
  B:00A0H.3       PUBLIC        PC3
  C:10BAH         PUBLIC        ISR_Ep4pflag
  B:00A0H.4       PUBLIC        PC4
  B:00A0H.5       PUBLIC        PC5
  B:0080H.7       PUBLIC        PA7
  C:10BBH         PUBLIC        ISR_Ep6pflag
  B:00A0H.6       PUBLIC        PC6
  B:00A0H.7       PUBLIC        PC7
  C:10BCH         PUBLIC        ISR_Ep8pflag
BL51 BANKED LINKER/LOCATER V5.12                                                      02/25/2008  13:23:26  PAGE 14


  B:00A8H.2       PUBLIC        EX1
  B:0088H.2       PUBLIC        IT1
  C:0DD1H         PUBLIC        _EEPROMWriteByte
  D:00E8H         PUBLIC        EIE
  C:1002H         PUBLIC        ISR_Sudav
  D:00B2H         PUBLIC        OEA
  D:00B4H         PUBLIC        OEC
  D:00B6H         PUBLIC        OEE
  D:0080H         PUBLIC        IOA
  D:0090H         PUBLIC        IOB
  D:00A0H         PUBLIC        IOC
  D:00B0H         PUBLIC        IOD
  D:00B1H         PUBLIC        IOE
  X:18FFH         PUBLIC        numBiasBytes
  D:001AH         PUBLIC        operationMode
  C:10A3H         PUBLIC        ISR_Ep0ack
  C:0E83H         PUBLIC        ISR_Highspeed
  C:101AH         PUBLIC        ISR_Sutok
  C:10ADH         PUBLIC        ISR_Ibn
  C:10A9H         PUBLIC        ISR_Ep2inout
  C:10AAH         PUBLIC        ISR_Ep4inout
  C:0200H         PUBLIC        DR_VendorCmnd
  C:10ABH         PUBLIC        ISR_Ep6inout
  C:10A4H         PUBLIC        ISR_Stub
  C:10ACH         PUBLIC        ISR_Ep8inout
  C:0E4CH         PUBLIC        ISR_Ures
  B:0020H.3       PUBLIC        monitorRunning
  C:1030H         PUBLIC        ISR_Sof
  D:001BH         PUBLIC        cycleCounter
  C:1057H         PUBLIC        DR_GetConfiguration
  C:10A2H         PUBLIC        ISR_Susp
  -------         PROC          TD_INIT
  C:0A0EH         LINE#         104
  C:0A0EH         LINE#         105
  C:0A0EH         LINE#         107
  C:0A17H         LINE#         110
  C:0A1DH         LINE#         113
  C:0A20H         LINE#         116
  C:0A23H         LINE#         132
  C:0A28H         LINE#         133
  C:0A2BH         LINE#         134
  C:0A31H         LINE#         135
  C:0A34H         LINE#         136
  C:0A39H         LINE#         137
  C:0A3CH         LINE#         138
  C:0A40H         LINE#         139
  C:0A43H         LINE#         140
  C:0A49H         LINE#         141
  C:0A4CH         LINE#         142
  C:0A51H         LINE#         144
  C:0A54H         LINE#         145
  C:0A5AH         LINE#         147
  C:0A5FH         LINE#         148
  C:0A64H         LINE#         150
  C:0A67H         LINE#         151
  C:0A6DH         LINE#         154
  C:0A70H         LINE#         155
BL51 BANKED LINKER/LOCATER V5.12                                                      02/25/2008  13:23:26  PAGE 15


  C:0A76H         LINE#         158
  C:0A79H         LINE#         159
  C:0A7EH         LINE#         160
  C:0A81H         LINE#         161
  C:0A87H         LINE#         162
  C:0A8AH         LINE#         163
  C:0A8FH         LINE#         166
  C:0A92H         LINE#         167
  C:0A95H         LINE#         168
  C:0A98H         LINE#         172
  C:0A9BH         LINE#         175
  C:0A9DH         LINE#         176
  C:0A9FH         LINE#         178
  C:0AA7H         LINE#         179
  C:0AB1H         LINE#         180
  C:0AB3H         LINE#         181
  C:0AB5H         LINE#         183
  C:0AC1H         LINE#         184
  C:0AC4H         LINE#         186
  C:0AC7H         LINE#         192
  C:0AC9H         LINE#         193
  C:0ACBH         LINE#         196
  -------         ENDPROC       TD_INIT
  -------         PROC          TD_POLL
  C:0FACH         LINE#         198
  C:0FACH         LINE#         199
  C:0FACH         LINE#         200
  C:0FBEH         LINE#         202
  C:0FC0H         LINE#         204
  C:0FC9H         LINE#         205
  C:0FC9H         LINE#         206
  -------         ENDPROC       TD_POLL
  -------         PROC          STARTMONITOR
  C:1095H         LINE#         228
  C:1095H         LINE#         229
  C:1095H         LINE#         231
  C:1097H         LINE#         232
  C:1099H         LINE#         234
  C:109BH         LINE#         235
  -------         ENDPROC       STARTMONITOR
  -------         PROC          STOPMONITOR
  C:0D8DH         LINE#         237
  C:0D8DH         LINE#         238
  C:0D8DH         LINE#         239
  C:0D8FH         LINE#         240
  C:0D91H         LINE#         242
  C:0D92H         LINE#         243
  C:0D93H         LINE#         244
  C:0D94H         LINE#         245
  C:0D95H         LINE#         246
  C:0D96H         LINE#         247
  C:0D97H         LINE#         248
  C:0D98H         LINE#         249
  C:0D99H         LINE#         251
  C:0D9BH         LINE#         255
  C:0DA1H         LINE#         256
  C:0DA4H         LINE#         258
BL51 BANKED LINKER/LOCATER V5.12                                                      02/25/2008  13:23:26  PAGE 16


  C:0DAAH         LINE#         259
  C:0DAAH         LINE#         260
  C:0DB0H         LINE#         261
  C:0DB3H         LINE#         262
  C:0DB3H         LINE#         265
  C:0DB9H         LINE#         266
  C:0DBCH         LINE#         267
  C:0DBFH         LINE#         268
  C:0DC2H         LINE#         269
  C:0DC4H         LINE#         270
  C:0DC7H         LINE#         272
  C:0DCDH         LINE#         273
  C:0DD0H         LINE#         274
  -------         ENDPROC       STOPMONITOR
  -------         PROC          _EEPROMWRITEBYTE
  D:0002H         SYMBOL        addr
  D:0004H         SYMBOL        value
  -------         DO            
  D:0005H         SYMBOL        i
  X:1901H         SYMBOL        ee_str
  -------         ENDDO         
  C:0DD1H         LINE#         277
  C:0DD5H         LINE#         278
  C:0DD5H         LINE#         279
  C:0DD7H         LINE#         281
  C:0DD7H         LINE#         282
  C:0DE6H         LINE#         284
  C:0DF4H         LINE#         285
  C:0E02H         LINE#         287
  C:0E04H         LINE#         288
  C:0E0DH         LINE#         289
  C:0E0FH         LINE#         290
  -------         ENDPROC       _EEPROMWRITEBYTE
  -------         PROC          _EEPROMWRITE
  D:0029H         SYMBOL        addr
  D:002BH         SYMBOL        length
  D:002CH         SYMBOL        buf
  -------         DO            
  D:002EH         SYMBOL        i
  -------         ENDDO         
  C:0EBAH         LINE#         293
  C:0EC4H         LINE#         294
  C:0EC4H         LINE#         296
  C:0ECEH         LINE#         297
  C:0EEEH         LINE#         298
  -------         ENDPROC       _EEPROMWRITE
  -------         PROC          _EEPROMREAD
  D:0029H         SYMBOL        addr
  D:002BH         SYMBOL        length
  D:002CH         SYMBOL        buf
  -------         DO            
  D:0005H         SYMBOL        i
  D:0007H         SYMBOL        j
  X:1901H         SYMBOL        ee_str
  -------         ENDDO         
  C:0CEEH         LINE#         300
  C:0CF8H         LINE#         301
BL51 BANKED LINKER/LOCATER V5.12                                                      02/25/2008  13:23:26  PAGE 17


  C:0CF8H         LINE#         302
  C:0CFAH         LINE#         303
  C:0CFAH         LINE#         306
  C:0CFAH         LINE#         307
  C:0D0CH         LINE#         309
  C:0D1BH         LINE#         311
  C:0D24H         LINE#         313
  C:0D2CH         LINE#         314
  C:0D3CH         LINE#         316
  -------         ENDPROC       _EEPROMREAD
  -------         PROC          DR_GETCONFIGURATION
  C:1057H         LINE#         355
  C:1057H         LINE#         356
  C:1057H         LINE#         357
  C:105CH         LINE#         358
  C:1060H         LINE#         359
  C:1065H         LINE#         360
  C:1066H         LINE#         361
  -------         ENDPROC       DR_GETCONFIGURATION
  -------         PROC          DR_GETINTERFACE
  C:1067H         LINE#         369
  C:1067H         LINE#         370
  C:1067H         LINE#         371
  C:106CH         LINE#         372
  C:1070H         LINE#         373
  C:1075H         LINE#         374
  C:1076H         LINE#         375
  -------         ENDPROC       DR_GETINTERFACE
  -------         PROC          DR_VENDORCMND
  -------         DO            
  D:0021H         SYMBOL        addr
  D:0023H         SYMBOL        len
  D:0025H         SYMBOL        bc
  D:0027H         SYMBOL        i
  -------         ENDDO         
  C:0200H         LINE#         402
  C:0200H         LINE#         403
  C:0200H         LINE#         410
  C:0235H         LINE#         411
  C:0235H         LINE#         412
  C:0235H         LINE#         413
  C:0238H         LINE#         414
  C:023BH         LINE#         415
  C:023BH         LINE#         416
  C:023BH         LINE#         417
  C:023BH         LINE#         418
  C:023EH         LINE#         419
  C:0241H         LINE#         420
  C:0241H         LINE#         421
  C:0241H         LINE#         422
  C:0241H         LINE#         423
  C:0244H         LINE#         424
  C:024AH         LINE#         425
  C:024DH         LINE#         426
  C:0253H         LINE#         427
  C:0256H         LINE#         428
  C:0259H         LINE#         429
BL51 BANKED LINKER/LOCATER V5.12                                                      02/25/2008  13:23:26  PAGE 18


  C:025CH         LINE#         430
  C:025EH         LINE#         433
  C:0261H         LINE#         434
  C:0267H         LINE#         435
  C:026AH         LINE#         436
  C:026AH         LINE#         473
  C:026AH         LINE#         474
  C:026AH         LINE#         475
  C:026CH         LINE#         476
  C:026EH         LINE#         478
  C:0271H         LINE#         479
  C:0271H         LINE#         480
  C:0271H         LINE#         481
  C:0271H         LINE#         482
  C:0271H         LINE#         483
  C:0274H         LINE#         484
  C:027DH         LINE#         485
  C:0283H         LINE#         486
  C:028CH         LINE#         487
  C:0292H         LINE#         488
  C:029CH         LINE#         489
  C:02A5H         LINE#         491
  C:02AAH         LINE#         492
  C:02AEH         LINE#         493
  C:02B5H         LINE#         494
  C:02BEH         LINE#         496
  C:02C6H         LINE#         497
  C:02D5H         LINE#         498
  C:02E5H         LINE#         499
  C:02FFH         LINE#         500
  C:0309H         LINE#         501
  C:0309H         LINE#         503
  C:0309H         LINE#         504
  C:0315H         LINE#         505
  C:0322H         LINE#         506
  C:0325H         LINE#         507
  C:032CH         LINE#         508
  C:0335H         LINE#         511
  C:0335H         LINE#         512
  C:033AH         LINE#         513
  C:033EH         LINE#         514
  C:0340H         LINE#         515
  C:0340H         LINE#         516
  C:0340H         LINE#         517
  C:0340H         LINE#         518
  C:0346H         LINE#         519
  C:0346H         LINE#         520
  C:0349H         LINE#         521
  C:034BH         LINE#         522
  C:034BH         LINE#         523
  C:034EH         LINE#         524
  C:034EH         LINE#         525
  C:0354H         LINE#         526
  C:0357H         LINE#         527
  C:035CH         LINE#         528
  C:0361H         LINE#         529
  C:0368H         LINE#         530
BL51 BANKED LINKER/LOCATER V5.12                                                      02/25/2008  13:23:26  PAGE 19


  C:036BH         LINE#         532
  C:036BH         LINE#         533
  C:036BH         LINE#         534
  C:036BH         LINE#         535
  C:0372H         LINE#         536
  C:0372H         LINE#         537
  C:0375H         LINE#         538
  C:0377H         LINE#         539
  C:0377H         LINE#         540
  C:037AH         LINE#         541
  C:037AH         LINE#         543
  C:037FH         LINE#         544
  C:037FH         LINE#         545
  C:037FH         LINE#         546
  C:037FH         LINE#         547
  C:037FH         LINE#         548
  C:0381H         LINE#         550
  C:0381H         LINE#         551
  C:0381H         LINE#         552
  C:0381H         LINE#         553
  C:0384H         LINE#         554
  C:0385H         LINE#         555
  C:0386H         LINE#         556
  C:0387H         LINE#         557
  C:0388H         LINE#         558
  C:0389H         LINE#         559
  C:038AH         LINE#         560
  C:038BH         LINE#         561
  C:038CH         LINE#         562
  C:038DH         LINE#         563
  C:038EH         LINE#         564
  C:038FH         LINE#         565
  C:0390H         LINE#         566
  C:0391H         LINE#         567
  C:0392H         LINE#         568
  C:0395H         LINE#         569
  C:039BH         LINE#         570
  C:039EH         LINE#         571
  C:039EH         LINE#         572
  C:039EH         LINE#         573
  C:039EH         LINE#         574
  C:03A1H         LINE#         575
  C:03A1H         LINE#         580
  C:03A1H         LINE#         581
  C:03A1H         LINE#         582
  C:03A8H         LINE#         583
  C:03A8H         LINE#         584
  C:03AEH         LINE#         586
  C:03B2H         LINE#         588
  C:03B7H         LINE#         589
  C:03BCH         LINE#         590
  C:03BCH         LINE#         591
  C:03BEH         LINE#         592
  C:03BEH         LINE#         593
  C:03C4H         LINE#         594
  C:03C6H         LINE#         595
  C:03C6H         LINE#         596
BL51 BANKED LINKER/LOCATER V5.12                                                      02/25/2008  13:23:26  PAGE 20


  C:03C8H         LINE#         597
  C:03CAH         LINE#         598
  C:03D1H         LINE#         599
  C:03D1H         LINE#         600
  C:03D3H         LINE#         601
  C:03D5H         LINE#         602
  C:03DCH         LINE#         603
  C:03DCH         LINE#         604
  C:03DEH         LINE#         605
  C:03E0H         LINE#         606
  C:03E7H         LINE#         607
  C:03E7H         LINE#         608
  C:03E9H         LINE#         609
  C:03EBH         LINE#         610
  C:03EBH         LINE#         612
  C:03F3H         LINE#         613
  C:03F8H         LINE#         614
  C:03FDH         LINE#         615
  C:0404H         LINE#         616
  C:0404H         LINE#         617
  C:0406H         LINE#         618
  C:0406H         LINE#         619
  C:0406H         LINE#         620
  C:0406H         LINE#         621
  C:040EH         LINE#         622
  C:0414H         LINE#         623
  C:0419H         LINE#         624
  C:041EH         LINE#         625
  C:041EH         LINE#         627
  C:0421H         LINE#         628
  C:0421H         LINE#         629
  C:0421H         LINE#         630
  C:0421H         LINE#         631
  C:0423H         LINE#         632
  C:042BH         LINE#         633
  C:043DH         LINE#         634
  C:044FH         LINE#         635
  C:0461H         LINE#         636
  C:0469H         LINE#         637
  C:046EH         LINE#         638
  C:0474H         LINE#         639
  C:047BH         LINE#         641
  C:0484H         LINE#         642
  C:0486H         LINE#         643
  C:0488H         LINE#         644
  C:0488H         LINE#         645
  C:0488H         LINE#         646
  C:0488H         LINE#         647
  C:0488H         LINE#         648
  C:0491H         LINE#         649
  C:0497H         LINE#         650
  C:04A0H         LINE#         651
  C:04A6H         LINE#         654
  C:04B1H         LINE#         655
  C:04B1H         LINE#         656
  C:04BAH         LINE#         657
  C:04BAH         LINE#         659
BL51 BANKED LINKER/LOCATER V5.12                                                      02/25/2008  13:23:26  PAGE 21


  C:04C1H         LINE#         661
  C:04CCH         LINE#         662
  C:04D4H         LINE#         664
  C:04DAH         LINE#         667
  C:04E1H         LINE#         668
  C:04E1H         LINE#         669
  C:04F1H         LINE#         670
  C:0516H         LINE#         671
  C:0516H         LINE#         673
  C:0516H         LINE#         674
  C:0526H         LINE#         675
  C:053EH         LINE#         676
  C:054FH         LINE#         677
  C:054FH         LINE#         679
  C:0554H         LINE#         680
  C:055AH         LINE#         682
  C:0564H         LINE#         683
  C:0571H         LINE#         685
  C:0574H         LINE#         686
  C:0574H         LINE#         688
  C:057FH         LINE#         689
  C:057FH         LINE#         690
  C:0588H         LINE#         691
  C:0588H         LINE#         693
  C:058DH         LINE#         694
  C:0591H         LINE#         696
  C:0598H         LINE#         698
  C:05A1H         LINE#         701
  C:05A8H         LINE#         702
  C:05A8H         LINE#         703
  C:05B8H         LINE#         704
  C:05DDH         LINE#         705
  C:05DDH         LINE#         707
  C:05EEH         LINE#         709
  C:05FAH         LINE#         710
  C:0607H         LINE#         711
  C:060AH         LINE#         712
  C:060AH         LINE#         713
  C:060CH         LINE#         714
  C:060CH         LINE#         715
  C:060CH         LINE#         716
  C:060CH         LINE#         717
  C:060EH         LINE#         718
  C:060EH         LINE#         719
  C:060EH         LINE#         721
  C:0616H         LINE#         722
  C:061BH         LINE#         723
  C:0620H         LINE#         724
  C:0627H         LINE#         726
  C:0628H         LINE#         727
  -------         ENDPROC       DR_VENDORCMND
  -------         PROC          ISR_MISSEDEVENT
  C:0F21H         LINE#         730
  C:0F2EH         LINE#         731
  C:0F47H         LINE#         732
  -------         ENDPROC       ISR_MISSEDEVENT
  -------         PROC          ISR_SUDAV
BL51 BANKED LINKER/LOCATER V5.12                                                      02/25/2008  13:23:26  PAGE 22


  C:1002H         LINE#         740
  C:1008H         LINE#         742
  C:100AH         LINE#         743
  C:100DH         LINE#         744
  C:1013H         LINE#         745
  -------         ENDPROC       ISR_SUDAV
  -------         PROC          ISR_SUTOK
  C:101AH         LINE#         748
  C:1020H         LINE#         750
  C:1023H         LINE#         751
  C:1029H         LINE#         752
  -------         ENDPROC       ISR_SUTOK
  -------         PROC          ISR_SOF
  C:1030H         LINE#         754
  C:1036H         LINE#         756
  C:1039H         LINE#         757
  C:103FH         LINE#         758
  -------         ENDPROC       ISR_SOF
  -------         PROC          ISR_URES
  C:0E4CH         LINE#         760
  C:0E52H         LINE#         762
  C:0E59H         LINE#         763
  C:0E59H         LINE#         764
  C:0E5FH         LINE#         765
  C:0E65H         LINE#         768
  C:0E67H         LINE#         770
  C:0E67H         LINE#         771
  C:0E6DH         LINE#         772
  C:0E73H         LINE#         774
  C:0E73H         LINE#         776
  C:0E76H         LINE#         777
  C:0E7CH         LINE#         778
  -------         ENDPROC       ISR_URES
  -------         PROC          ISR_SUSP
  C:10A2H         LINE#         780
  C:10A2H         LINE#         785
  -------         ENDPROC       ISR_SUSP
  -------         PROC          ISR_HIGHSPEED
  C:0E83H         LINE#         787
  C:0E89H         LINE#         789
  C:0E90H         LINE#         790
  C:0E90H         LINE#         791
  C:0E96H         LINE#         792
  C:0E9CH         LINE#         795
  C:0E9EH         LINE#         797
  C:0E9EH         LINE#         798
  C:0EA4H         LINE#         799
  C:0EAAH         LINE#         801
  C:0EAAH         LINE#         803
  C:0EADH         LINE#         804
  C:0EB3H         LINE#         805
  -------         ENDPROC       ISR_HIGHSPEED
  -------         PROC          ISR_EP0ACK
  C:10A3H         LINE#         806
  C:10A3H         LINE#         808
  -------         ENDPROC       ISR_EP0ACK
  -------         PROC          ISR_STUB
BL51 BANKED LINKER/LOCATER V5.12                                                      02/25/2008  13:23:26  PAGE 23


  C:10A4H         LINE#         809
  C:10A4H         LINE#         811
  -------         ENDPROC       ISR_STUB
  -------         PROC          ISR_EP0IN
  C:10A5H         LINE#         812
  C:10A5H         LINE#         814
  -------         ENDPROC       ISR_EP0IN
  -------         PROC          ISR_EP0OUT
  C:10A6H         LINE#         815
  C:10A6H         LINE#         817
  -------         ENDPROC       ISR_EP0OUT
  -------         PROC          ISR_EP1IN
  C:10A7H         LINE#         818
  C:10A7H         LINE#         820
  -------         ENDPROC       ISR_EP1IN
  -------         PROC          ISR_EP1OUT
  C:10A8H         LINE#         821
  C:10A8H         LINE#         823
  -------         ENDPROC       ISR_EP1OUT
  -------         PROC          ISR_EP2INOUT
  C:10A9H         LINE#         824
  C:10A9H         LINE#         826
  -------         ENDPROC       ISR_EP2INOUT
  -------         PROC          ISR_EP4INOUT
  C:10AAH         LINE#         827
  C:10AAH         LINE#         829
  -------         ENDPROC       ISR_EP4INOUT
  -------         PROC          ISR_EP6INOUT
  C:10ABH         LINE#         830
  C:10ABH         LINE#         832
  -------         ENDPROC       ISR_EP6INOUT
  -------         PROC          ISR_EP8INOUT
  C:10ACH         LINE#         833
  C:10ACH         LINE#         835
  -------         ENDPROC       ISR_EP8INOUT
  -------         PROC          ISR_IBN
  C:10ADH         LINE#         836
  C:10ADH         LINE#         838
  -------         ENDPROC       ISR_IBN
  -------         PROC          ISR_EP0PINGNAK
  C:10AEH         LINE#         839
  C:10AEH         LINE#         841
  -------         ENDPROC       ISR_EP0PINGNAK
  -------         PROC          ISR_EP1PINGNAK
  C:10AFH         LINE#         842
  C:10AFH         LINE#         844
  -------         ENDPROC       ISR_EP1PINGNAK
  -------         PROC          ISR_EP2PINGNAK
  C:10B0H         LINE#         845
  C:10B0H         LINE#         847
  -------         ENDPROC       ISR_EP2PINGNAK
  -------         PROC          ISR_EP4PINGNAK
  C:10B1H         LINE#         848
  C:10B1H         LINE#         850
  -------         ENDPROC       ISR_EP4PINGNAK
  -------         PROC          ISR_EP6PINGNAK
  C:10B2H         LINE#         851
BL51 BANKED LINKER/LOCATER V5.12                                                      02/25/2008  13:23:26  PAGE 24


  C:10B2H         LINE#         853
  -------         ENDPROC       ISR_EP6PINGNAK
  -------         PROC          ISR_EP8PINGNAK
  C:10B3H         LINE#         854
  C:10B3H         LINE#         856
  -------         ENDPROC       ISR_EP8PINGNAK
  -------         PROC          ISR_ERRORLIMIT
  C:10B4H         LINE#         857
  C:10B4H         LINE#         859
  -------         ENDPROC       ISR_ERRORLIMIT
  -------         PROC          ISR_EP2PIDERROR
  C:10B5H         LINE#         860
  C:10B5H         LINE#         862
  -------         ENDPROC       ISR_EP2PIDERROR
  -------         PROC          ISR_EP4PIDERROR
  C:10B6H         LINE#         863
  C:10B6H         LINE#         865
  -------         ENDPROC       ISR_EP4PIDERROR
  -------         PROC          ISR_EP6PIDERROR
  C:10B7H         LINE#         866
  C:10B7H         LINE#         868
  -------         ENDPROC       ISR_EP6PIDERROR
  -------         PROC          ISR_EP8PIDERROR
  C:10B8H         LINE#         869
  C:10B8H         LINE#         871
  -------         ENDPROC       ISR_EP8PIDERROR
  -------         PROC          ISR_EP2PFLAG
  C:10B9H         LINE#         872
  C:10B9H         LINE#         874
  -------         ENDPROC       ISR_EP2PFLAG
  -------         PROC          ISR_EP4PFLAG
  C:10BAH         LINE#         875
  C:10BAH         LINE#         877
  -------         ENDPROC       ISR_EP4PFLAG
  -------         PROC          ISR_EP6PFLAG
  C:10BBH         LINE#         878
  C:10BBH         LINE#         880
  -------         ENDPROC       ISR_EP6PFLAG
  -------         PROC          ISR_EP8PFLAG
  C:10BCH         LINE#         881
  C:10BCH         LINE#         883
  -------         ENDPROC       ISR_EP8PFLAG
  -------         PROC          ISR_EP2EFLAG
  C:10BDH         LINE#         884
  C:10BDH         LINE#         886
  -------         ENDPROC       ISR_EP2EFLAG
  -------         PROC          ISR_EP4EFLAG
  C:10BEH         LINE#         887
  C:10BEH         LINE#         889
  -------         ENDPROC       ISR_EP4EFLAG
  -------         PROC          ISR_EP6EFLAG
  C:10BFH         LINE#         890
  C:10BFH         LINE#         892
  -------         ENDPROC       ISR_EP6EFLAG
  -------         PROC          ISR_EP8EFLAG
  C:10C0H         LINE#         893
  C:10C0H         LINE#         895
BL51 BANKED LINKER/LOCATER V5.12                                                      02/25/2008  13:23:26  PAGE 25


  -------         ENDPROC       ISR_EP8EFLAG
  -------         PROC          ISR_EP2FFLAG
  C:10C1H         LINE#         896
  C:10C1H         LINE#         898
  -------         ENDPROC       ISR_EP2FFLAG
  -------         PROC          ISR_EP4FFLAG
  C:10C2H         LINE#         899
  C:10C2H         LINE#         901
  -------         ENDPROC       ISR_EP4FFLAG
  -------         PROC          ISR_EP6FFLAG
  C:10C3H         LINE#         902
  C:10C3H         LINE#         904
  -------         ENDPROC       ISR_EP6FFLAG
  -------         PROC          ISR_EP8FFLAG
  C:10C4H         LINE#         905
  C:10C4H         LINE#         907
  -------         ENDPROC       ISR_EP8FFLAG
  -------         PROC          ISR_GPIFCOMPLETE
  C:10C5H         LINE#         908
  C:10C5H         LINE#         910
  -------         ENDPROC       ISR_GPIFCOMPLETE
  -------         PROC          ISR_GPIFWAVEFORM
  C:10C6H         LINE#         911
  C:10C6H         LINE#         913
  -------         ENDPROC       ISR_GPIFWAVEFORM
  -------         ENDMOD        USBAERMINI2_FIRMWARE

  -------         MODULE        DISCON
  C:0000H         SYMBOL        _ICE_DUMMY_
  D:0091H         PUBLIC        EXIF
  C:0F52H         PUBLIC        EZUSB_Discon
  -------         PROC          EZUSB_DISCON
  B:0020H.4       SYMBOL        renum
  C:0F52H         LINE#         39
  C:0F52H         LINE#         40
  C:0F52H         LINE#         42
  C:0F55H         LINE#         43
  C:0F5EH         LINE#         45
  C:0F65H         LINE#         47
  C:0F6CH         LINE#         49
  C:0F72H         LINE#         50
  C:0F76H         LINE#         51
  C:0F79H         LINE#         53
  C:0F80H         LINE#         54
  -------         ENDPROC       EZUSB_DISCON
  -------         ENDMOD        DISCON

  -------         MODULE        EZREGS
  C:0000H         SYMBOL        _ICE_DUMMY_
  X:E652H         PUBLIC        EP4FIFOIE
  X:E668H         PUBLIC        INTSETUP
  X:E600H         PUBLIC        CPUCS
  X:E654H         PUBLIC        EP6FIFOIE
  X:E680H         PUBLIC        USBCS
  X:E65FH         PUBLIC        EPIRQ
  X:E656H         PUBLIC        EP8FIFOIE
  X:E6F2H         PUBLIC        XGPIFSGLDATLNOX
BL51 BANKED LINKER/LOCATER V5.12                                                      02/25/2008  13:23:26  PAGE 26


  X:E6C0H         PUBLIC        GPIFWFSELECT
  X:E6F0H         PUBLIC        XGPIFSGLDATH
  X:E605H         PUBLIC        BREAKPT
  X:E609H         PUBLIC        FIFOPINPOLAR
  X:E640H         PUBLIC        EP2ISOINPKTS
  X:E678H         PUBLIC        I2CS
  X:E610H         PUBLIC        EP1OUTCFG
  X:E6F9H         PUBLIC        TESTCFG
  X:E641H         PUBLIC        EP4ISOINPKTS
  X:E68AH         PUBLIC        EP0BCH
  X:E661H         PUBLIC        GPIFIRQ
  X:E642H         PUBLIC        EP6ISOINPKTS
  X:E690H         PUBLIC        EP2BCH
  X:E643H         PUBLIC        EP8ISOINPKTS
  X:E694H         PUBLIC        EP4BCH
  X:E68BH         PUBLIC        EP0BCL
  X:E612H         PUBLIC        EP2CFG
  X:E698H         PUBLIC        EP6BCH
  X:E691H         PUBLIC        EP2BCL
  X:E613H         PUBLIC        EP4CFG
  X:E6A7H         PUBLIC        EP2FIFOFLGS
  X:E69CH         PUBLIC        EP8BCH
  X:E695H         PUBLIC        EP4BCL
  X:E628H         PUBLIC        ECCCFG
  X:E614H         PUBLIC        EP6CFG
  X:E6A8H         PUBLIC        EP4FIFOFLGS
  X:E699H         PUBLIC        EP6BCL
  X:E780H         PUBLIC        EP1OUTBUF
  X:E67BH         PUBLIC        XAUTODAT1
  X:E615H         PUBLIC        EP8CFG
  X:E6A9H         PUBLIC        EP6FIFOFLGS
  X:E69DH         PUBLIC        EP8BCL
  X:E67CH         PUBLIC        XAUTODAT2
  X:E684H         PUBLIC        USBFRAMEH
  X:E6F5H         PUBLIC        GPIFABORT
  X:E6AAH         PUBLIC        EP8FIFOFLGS
  X:E6F8H         PUBLIC        DBUG
  X:E740H         PUBLIC        EP0BUF
  X:E6CBH         PUBLIC        FLOWSTB
  X:E65EH         PUBLIC        EPIE
  X:E685H         PUBLIC        USBFRAMEL
  X:E681H         PUBLIC        SUSPEND
  X:E60CH         PUBLIC        GPIFHOLDAMOUNT
  X:E6D4H         PUBLIC        EP2GPIFTRIG
  X:E6C7H         PUBLIC        FLOWLOGIC
  X:E6DCH         PUBLIC        EP4GPIFTRIG
  X:E604H         PUBLIC        FIFORESET
  X:E6E4H         PUBLIC        EP6GPIFTRIG
  X:E6C2H         PUBLIC        GPIFIDLECTL
  X:E6FAH         PUBLIC        USBTEST
  X:E6B3H         PUBLIC        SUDPTRH
  X:E6ECH         PUBLIC        EP8GPIFTRIG
  X:E6D2H         PUBLIC        EP2GPIFFLGSEL
  X:E611H         PUBLIC        EP1INCFG
  X:E6B4H         PUBLIC        SUDPTRL
  X:E687H         PUBLIC        FNADDR
  X:E6DAH         PUBLIC        EP4GPIFFLGSEL
BL51 BANKED LINKER/LOCATER V5.12                                                      02/25/2008  13:23:26  PAGE 27


  X:E6D1H         PUBLIC        GPIFTCB0
  X:E6CDH         PUBLIC        FLOWSTBHPERIOD
  X:E6D0H         PUBLIC        GPIFTCB1
  X:E665H         PUBLIC        CLRERRCNT
  X:E6E2H         PUBLIC        EP6GPIFFLGSEL
  X:E6CFH         PUBLIC        GPIFTCB2
  X:E664H         PUBLIC        ERRCNTLIM
  X:E6CEH         PUBLIC        GPIFTCB3
  X:E6EAH         PUBLIC        EP8GPIFFLGSEL
  X:E660H         PUBLIC        GPIFIE
  X:E67FH         PUBLIC        UDMACRCQUAL
  X:E400H         PUBLIC        GPIF_WAVE_DATA
  X:E6CCH         PUBLIC        FLOWSTBEDGE
  X:E6ABH         PUBLIC        EP2FIFOBCH
  X:E7C0H         PUBLIC        EP1INBUF
  X:E6C6H         PUBLIC        FLOWSTATE
  X:E6ADH         PUBLIC        EP4FIFOBCH
  X:E6CAH         PUBLIC        FLOWHOLDOFF
  X:E618H         PUBLIC        EP2FIFOCFG
  X:E6AFH         PUBLIC        EP6FIFOBCH
  X:E6ACH         PUBLIC        EP2FIFOBCL
  X:E619H         PUBLIC        EP4FIFOCFG
  X:E6B1H         PUBLIC        EP8FIFOBCH
  X:E6AEH         PUBLIC        EP4FIFOBCL
  X:E649H         PUBLIC        OUTPKTEND
  X:E663H         PUBLIC        USBERRIRQ
  X:E61AH         PUBLIC        EP6FIFOCFG
  X:E6B0H         PUBLIC        EP6FIFOBCL
  X:E620H         PUBLIC        EP2AUTOINLENH
  X:E61BH         PUBLIC        EP8FIFOCFG
  X:E6B2H         PUBLIC        EP8FIFOBCL
  X:E68DH         PUBLIC        EP1OUTBC
  X:E622H         PUBLIC        EP4AUTOINLENH
  X:E666H         PUBLIC        INT2IVEC
  X:E659H         PUBLIC        IBNIRQ
  X:E6FBH         PUBLIC        CT1
  X:E6C4H         PUBLIC        GPIFADRH
  X:E65BH         PUBLIC        NAKIRQ
  X:E624H         PUBLIC        EP6AUTOINLENH
  X:E621H         PUBLIC        EP2AUTOINLENL
  X:E601H         PUBLIC        IFCONFIG
  X:E6FCH         PUBLIC        CT2
  X:E6B5H         PUBLIC        SUDPTRCTL
  X:E667H         PUBLIC        INT4IVEC
  X:E6FDH         PUBLIC        CT3
  X:E67DH         PUBLIC        UDMACRCH
  X:E626H         PUBLIC        EP8AUTOINLENH
  X:E623H         PUBLIC        EP4AUTOINLENL
  X:E6FEH         PUBLIC        CT4
  X:F000H         PUBLIC        EP2FIFOBUF
  X:E6C5H         PUBLIC        GPIFADRL
  X:E625H         PUBLIC        EP6AUTOINLENL
  X:E630H         PUBLIC        EP2FIFOPFH
  X:F400H         PUBLIC        EP4FIFOBUF
  X:E67EH         PUBLIC        UDMACRCL
  X:E627H         PUBLIC        EP8AUTOINLENL
  X:E6D3H         PUBLIC        EP2GPIFPFSTOP
BL51 BANKED LINKER/LOCATER V5.12                                                      02/25/2008  13:23:26  PAGE 28


  X:E683H         PUBLIC        TOGCTL
  X:E632H         PUBLIC        EP4FIFOPFH
  X:F800H         PUBLIC        EP6FIFOBUF
  X:E629H         PUBLIC        ECCRESET
  X:E6DBH         PUBLIC        EP4GPIFPFSTOP
  X:E634H         PUBLIC        EP6FIFOPFH
  X:E631H         PUBLIC        EP2FIFOPFL
  X:FC00H         PUBLIC        EP8FIFOBUF
  X:E60BH         PUBLIC        REVCTL
  X:E6E3H         PUBLIC        EP6GPIFPFSTOP
  X:E636H         PUBLIC        EP8FIFOPFH
  X:E633H         PUBLIC        EP4FIFOPFL
  X:E608H         PUBLIC        UART230
  X:E480H         PUBLIC        RES_WAVEDATA_END
  X:E6EBH         PUBLIC        EP8GPIFPFSTOP
  X:E679H         PUBLIC        I2DAT
  X:E635H         PUBLIC        EP6FIFOPFL
  X:E6A1H         PUBLIC        EP1OUTCS
  X:E637H         PUBLIC        EP8FIFOPFL
  X:E65DH         PUBLIC        USBIRQ
  X:E670H         PUBLIC        PORTACFG
  X:E671H         PUBLIC        PORTCCFG
  X:E651H         PUBLIC        EP2FIFOIRQ
  X:E602H         PUBLIC        PINFLAGSAB
  X:E6A0H         PUBLIC        EP0CS
  X:E6F4H         PUBLIC        GPIFREADYSTAT
  X:E6C3H         PUBLIC        GPIFCTLCFG
  X:E672H         PUBLIC        PORTECFG
  X:E653H         PUBLIC        EP4FIFOIRQ
  X:E6C1H         PUBLIC        GPIFIDLECS
  X:E6A3H         PUBLIC        EP2CS
  X:E509H         PUBLIC        GPCR2
  X:E67AH         PUBLIC        I2CTL
  X:E655H         PUBLIC        EP6FIFOIRQ
  X:E603H         PUBLIC        PINFLAGSCD
  X:E6A4H         PUBLIC        EP4CS
  X:E648H         PUBLIC        INPKTEND
  X:E657H         PUBLIC        EP8FIFOIRQ
  X:E6A5H         PUBLIC        EP6CS
  X:E6A6H         PUBLIC        EP8CS
  X:E68FH         PUBLIC        EP1INBC
  X:E662H         PUBLIC        USBERRIE
  X:E6C8H         PUBLIC        FLOWEQ0CTL
  X:E6C9H         PUBLIC        FLOWEQ1CTL
  X:E682H         PUBLIC        WAKEUPCS
  X:E6F1H         PUBLIC        XGPIFSGLDATLX
  X:E658H         PUBLIC        IBNIE
  X:E686H         PUBLIC        MICROFRAME
  X:E65AH         PUBLIC        NAKIE
  X:E6B8H         PUBLIC        SETUPDAT
  X:E62AH         PUBLIC        ECC1B0
  X:E62DH         PUBLIC        ECC2B0
  X:E62BH         PUBLIC        ECC1B1
  X:E6F3H         PUBLIC        GPIFREADYCFG
  X:E62EH         PUBLIC        ECC2B1
  X:E62CH         PUBLIC        ECC1B2
  X:E62FH         PUBLIC        ECC2B2
BL51 BANKED LINKER/LOCATER V5.12                                                      02/25/2008  13:23:26  PAGE 29


  X:E6A2H         PUBLIC        EP1INCS
  X:E606H         PUBLIC        BPADDRH
  X:E65CH         PUBLIC        USBIE
  X:E60AH         PUBLIC        REVID
  X:E607H         PUBLIC        BPADDRL
  X:E650H         PUBLIC        EP2FIFOIE
  -------         ENDMOD        EZREGS

  -------         MODULE        I2C
  C:0000H         SYMBOL        _ICE_DUMMY_
  B:00E8H.1       PUBLIC        EI2C
  B:00A8H.7       PUBLIC        EA
  D:0091H         PUBLIC        EXIF
  C:0834H         PUBLIC        i2c_isr
  C:108DH         PUBLIC        EZUSB_InitI2C
  D:002FH         PUBLIC        I2CPckt
  C:0E14H         PUBLIC        _EZUSB_WaitForEEPROMWrite
  C:0ACCH         PUBLIC        _EZUSB_ReadI2C_
  C:0EEFH         PUBLIC        _EZUSB_WriteI2C_
  -------         PROC          EZUSB_INITI2C
  C:108DH         LINE#         40
  C:108DH         LINE#         41
  C:108DH         LINE#         42
  C:1090H         LINE#         44
  C:1092H         LINE#         45
  C:1094H         LINE#         50
  -------         ENDPROC       EZUSB_INITI2C
  -------         PROC          _EZUSB_WAITFOREEPROMWRITE
  D:0005H         SYMBOL        addr
  C:0E14H         LINE#         52
  C:0E16H         LINE#         53
  C:0E16H         LINE#         56
  C:0E1DH         LINE#         60
  C:0E1FH         LINE#         63
  C:0E1FH         LINE#         64
  C:0E26H         LINE#         65
  C:0E2DH         LINE#         66
  C:0E34H         LINE#         67
  C:0E3BH         LINE#         68
  C:0E42H         LINE#         69
  C:0E49H         LINE#         72
  C:0E4BH         LINE#         74
  -------         ENDPROC       _EZUSB_WAITFOREEPROMWRITE
  -------         PROC          _EZUSB_WRITEI2C_
  D:0004H         SYMBOL        addr
  D:0005H         SYMBOL        length
  D:0002H         SYMBOL        dat
  C:0EEFH         LINE#         75
  C:0EF1H         LINE#         76
  C:0EF1H         LINE#         79
  C:0EF8H         LINE#         82
  C:0EFCH         LINE#         83
  C:0EFCH         LINE#         84
  C:0F03H         LINE#         85
  C:0F0AH         LINE#         87
  C:0F0CH         LINE#         88
  C:0F17H         LINE#         89
BL51 BANKED LINKER/LOCATER V5.12                                                      02/25/2008  13:23:26  PAGE 30


  C:0F1AH         LINE#         90
  C:0F1DH         LINE#         92
  C:0F1FH         LINE#         93
  C:0F1FH         LINE#         95
  C:0F20H         LINE#         96
  -------         ENDPROC       _EZUSB_WRITEI2C_
  -------         PROC          _EZUSB_READI2C_
  D:0004H         SYMBOL        addr
  D:0005H         SYMBOL        length
  D:0002H         SYMBOL        dat
  C:0ACCH         LINE#         98
  C:0ACEH         LINE#         99
  C:0ACEH         LINE#         102
  C:0AD5H         LINE#         105
  C:0AD9H         LINE#         106
  C:0AD9H         LINE#         107
  C:0AE0H         LINE#         108
  C:0AE9H         LINE#         110
  C:0AEBH         LINE#         111
  C:0AF6H         LINE#         112
  C:0AF9H         LINE#         113
  C:0AFCH         LINE#         115
  C:0AFEH         LINE#         116
  C:0AFEH         LINE#         118
  C:0AFFH         LINE#         119
  -------         ENDPROC       _EZUSB_READI2C_
  -------         PROC          I2C_ISR
  C:0834H         LINE#         121
  C:0854H         LINE#         123
  C:085BH         LINE#         124
  C:0861H         LINE#         125
  C:086EH         LINE#         126
  C:0874H         LINE#         128
  C:0892H         LINE#         129
  C:0892H         LINE#         130
  C:0892H         LINE#         131
  C:08A8H         LINE#         132
  C:08AEH         LINE#         133
  C:08B1H         LINE#         134
  C:08B3H         LINE#         135
  C:08B3H         LINE#         136
  C:08C7H         LINE#         137
  C:08CAH         LINE#         138
  C:08D0H         LINE#         139
  C:08D7H         LINE#         140
  C:08D9H         LINE#         141
  C:08D9H         LINE#         142
  C:08E0H         LINE#         143
  C:08E7H         LINE#         144
  C:08EDH         LINE#         145
  C:08EDH         LINE#         146
  C:08F4H         LINE#         147
  C:08F7H         LINE#         148
  C:08F7H         LINE#         149
  C:090BH         LINE#         150
  C:090DH         LINE#         151
  C:090FH         LINE#         152
BL51 BANKED LINKER/LOCATER V5.12                                                      02/25/2008  13:23:26  PAGE 31


  C:090FH         LINE#         153
  C:0916H         LINE#         157
  C:0919H         LINE#         159
  C:091BH         LINE#         160
  C:091BH         LINE#         161
  C:091EH         LINE#         162
  C:091EH         LINE#         163
  C:091EH         LINE#         164
  C:0921H         LINE#         165
  -------         ENDPROC       I2C_ISR
  -------         ENDMOD        I2C

  -------         MODULE        GET_STRD
  C:0000H         SYMBOL        _ICE_DUMMY_
[...]
  X:E607H         SYMBOL        BPADDRL
  X:E605H         SYMBOL        BREAKPT
  D:008EH         SYMBOL        CKCON
  X:E665H         SYMBOL        CLRERRCNT
  X:E600H         SYMBOL        CPUCS
  B:00C8H.0       SYMBOL        CP_RL2
  X:E6FBH         SYMBOL        CT1
  X:E6FCH         SYMBOL        CT2
  X:E6FDH         SYMBOL        CT3
  X:E6FEH         SYMBOL        CT4
  B:00D0H.7       SYMBOL        CY
  B:00C8H.1       SYMBOL        C_T2
  X:E6F8H         SYMBOL        DBUG
  N:0000H         SYMBOL        DELAY1MS
  D:0083H         SYMBOL        DPH
  D:0085H         SYMBOL        DPH1
  D:0082H         SYMBOL        DPL
  D:0084H         SYMBOL        DPL1
  D:0086H         SYMBOL        DPS
  B:00A8H.7       SYMBOL        EA
  X:E62AH         SYMBOL        ECC1B0
  X:E62BH         SYMBOL        ECC1B1
  X:E62CH         SYMBOL        ECC1B2
  X:E62DH         SYMBOL        ECC2B0
  X:E62EH         SYMBOL        ECC2B1
  X:E62FH         SYMBOL        ECC2B2
  X:E628H         SYMBOL        ECCCFG
  X:E629H         SYMBOL        ECCRESET
  B:00E8H.1       SYMBOL        EI2C
  D:00D8H         SYMBOL        EICON
  D:00E8H         SYMBOL        EIE
  B:00E8H.2       SYMBOL        EIEX4
  B:00E8H.3       SYMBOL        EIEX5
  B:00E8H.4       SYMBOL        EIEX6
  D:00F8H         SYMBOL        EIP
  B:00F8H.2       SYMBOL        EIPX4
  B:00F8H.3       SYMBOL        EIPX5
  B:00F8H.4       SYMBOL        EIPX6
  D:00BAH         SYMBOL        EP01STAT
  X:E68AH         SYMBOL        EP0BCH
  X:E68BH         SYMBOL        EP0BCL
  X:E740H         SYMBOL        EP0BUF
  X:E6A0H         SYMBOL        EP0CS
  X:E780H         SYMBOL        EP10UTBUF
  X:E68FH         SYMBOL        EP1INBC
  X:E7C0H         SYMBOL        EP1INBUF
  X:E611H         SYMBOL        EP1INCFG
  X:E6A2H         SYMBOL        EP1INCS
  X:E68DH         SYMBOL        EP1OUTBC
  X:E610H         SYMBOL        EP1OUTCFG
  X:E6A1H         SYMBOL        EP1OUTCS
  D:00AAH         SYMBOL        EP2468STAT
  D:00ABH         SYMBOL        EP24FIFOFLGS
  X:E620H         SYMBOL        EP2AUTOINLENH
  X:E621H         SYMBOL        EP2AUTOINLENL
  X:E690H         SYMBOL        EP2BCH
BL51 BANKED LINKER/LOCATER V5.12                                                      02/25/2008  13:23:26  PAGE 34


  X:E691H         SYMBOL        EP2BCL
  X:E612H         SYMBOL        EP2CFG
  X:E6A3H         SYMBOL        EP2CS
  X:E6ABH         SYMBOL        EP2FIFOBCH
  X:E6ACH         SYMBOL        EP2FIFOBCL
  X:F000H         SYMBOL        EP2FIFOBUF
  X:E618H         SYMBOL        EP2FIFOCFG
  X:E6A7H         SYMBOL        EP2FIFOFLGS
  X:E650H         SYMBOL        EP2FIFOIE
  X:E651H         SYMBOL        EP2FIFOIRQ
  X:E630H         SYMBOL        EP2FIFOPFH
  X:E631H         SYMBOL        EP2FIFOPFL
  X:E6D2H         SYMBOL        EP2GPIFFLGSEL
  X:E6D3H         SYMBOL        EP2GPIFPFSTOP
  X:E6D0H         SYMBOL        EP2GPIFTCH
  X:E6D1H         SYMBOL        EP2GPIFTCL
  X:E6D4H         SYMBOL        EP2GPIFTRIG
  X:E640H         SYMBOL        EP2ISOINPKTS
  X:E622H         SYMBOL        EP4AUTOINLENH
  X:E623H         SYMBOL        EP4AUTOINLENL
  X:E694H         SYMBOL        EP4BCH
  X:E695H         SYMBOL        EP4BCL
  X:E613H         SYMBOL        EP4CFG
  X:E6A4H         SYMBOL        EP4CS
  X:E6ADH         SYMBOL        EP4FIFOBCH
  X:E6AEH         SYMBOL        EP4FIFOBCL
  X:F400H         SYMBOL        EP4FIFOBUF
  X:E619H         SYMBOL        EP4FIFOCFG
  X:E6A8H         SYMBOL        EP4FIFOFLGS
  X:E652H         SYMBOL        EP4FIFOIE
  X:E653H         SYMBOL        EP4FIFOIRQ
  X:E632H         SYMBOL        EP4FIFOPFH
  X:E633H         SYMBOL        EP4FIFOPFL
  X:E6DAH         SYMBOL        EP4GPIFFLGSEL
  X:E6DBH         SYMBOL        EP4GPIFPFSTOP
  X:E6D0H         SYMBOL        EP4GPIFTCH
  X:E6D1H         SYMBOL        EP4GPIFTCL
  X:E6DCH         SYMBOL        EP4GPIFTRIG
  X:E641H         SYMBOL        EP4ISOINPKTS
  D:00ACH         SYMBOL        EP68FIFOFLGS
  X:E624H         SYMBOL        EP6AUTOINLENH
  X:E625H         SYMBOL        EP6AUTOINLENL
  X:E698H         SYMBOL        EP6BCH
  X:E699H         SYMBOL        EP6BCL
  X:E614H         SYMBOL        EP6CFG
  X:E6A5H         SYMBOL        EP6CS
  X:E6AFH         SYMBOL        EP6FIFOBCH
  X:E6B0H         SYMBOL        EP6FIFOBCL
  X:F800H         SYMBOL        EP6FIFOBUF
  X:E61AH         SYMBOL        EP6FIFOCFG
  X:E6A9H         SYMBOL        EP6FIFOFLGS
  X:E654H         SYMBOL        EP6FIFOIE
  X:E655H         SYMBOL        EP6FIFOIRQ
  X:E634H         SYMBOL        EP6FIFOPFH
  X:E635H         SYMBOL        EP6FIFOPFL
  X:E6E2H         SYMBOL        EP6GPIFFLGSEL
  X:E6E3H         SYMBOL        EP6GPIFPFSTOP
BL51 BANKED LINKER/LOCATER V5.12                                                      02/25/2008  13:23:26  PAGE 35


  X:E6D0H         SYMBOL        EP6GPIFTCH
  X:E6D1H         SYMBOL        EP6GPIFTCL
  X:E6E4H         SYMBOL        EP6GPIFTRIG
  X:E642H         SYMBOL        EP6ISOINPKTS
  X:E626H         SYMBOL        EP8AUTOINLENH
  X:E627H         SYMBOL        EP8AUTOINLENL
  X:E69CH         SYMBOL        EP8BCH
  X:E69DH         SYMBOL        EP8BCL
  X:E615H         SYMBOL        EP8CFG
  X:E6A6H         SYMBOL        EP8CS
  X:E6B1H         SYMBOL        EP8FIFOBCH
  X:E6B2H         SYMBOL        EP8FIFOBCL
  X:FC00H         SYMBOL        EP8FIFOBUF
  X:E61BH         SYMBOL        EP8FIFOCFG
  X:E6AAH         SYMBOL        EP8FIFOFLGS
  X:E656H         SYMBOL        EP8FIFOIE
  X:E657H         SYMBOL        EP8FIFOIRQ
  X:E636H         SYMBOL        EP8FIFOPFH
  X:E637H         SYMBOL        EP8FIFOPFL
  X:E6EAH         SYMBOL        EP8GPIFFLGSEL
  X:E6EBH         SYMBOL        EP8GPIFPFSTOP
  X:E6D0H         SYMBOL        EP8GPIFTCH
  X:E6D1H         SYMBOL        EP8GPIFTCL
  X:E6ECH         SYMBOL        EP8GPIFTRIG
  X:E643H         SYMBOL        EP8ISOINPKTS
  X:E65EH         SYMBOL        EPIE
  X:E65FH         SYMBOL        EPIRQ
  B:00D8H.5       SYMBOL        ERESI
  X:E664H         SYMBOL        ERRCNTLIM
  C:1056H         SYMBOL        ER_END
  B:00A8H.4       SYMBOL        ES0
  B:00A8H.6       SYMBOL        ES1
  B:00A8H.1       SYMBOL        ET0
  B:00A8H.3       SYMBOL        ET1
  B:00A8H.5       SYMBOL        ET2
  B:00E8H.0       SYMBOL        EUSB
  B:00A8H.0       SYMBOL        EX0
  B:00A8H.2       SYMBOL        EX1
  B:00C8H.3       SYMBOL        EXEN2
  B:00C8H.6       SYMBOL        EXF2
  D:0091H         SYMBOL        EXIF
  X:E67BH         SYMBOL        EXTAUTODAT1
  X:E67CH         SYMBOL        EXTAUTODAT2
  B:00D0H.5       SYMBOL        F0
  X:E609H         SYMBOL        FIFOPINPOLAR
  X:E604H         SYMBOL        FIFORESET
  B:00D0H.1       SYMBOL        FL
  X:E6CCH         SYMBOL        FLOWEDGE
  X:E6C8H         SYMBOL        FLOWEQ0CTL
  X:E6C9H         SYMBOL        FLOWEQ1CTL
  X:E6C7H         SYMBOL        FLOWLOGIC
  X:E6C6H         SYMBOL        FLOWSTATE
  X:E6CBH         SYMBOL        FLOWSTB
  X:E6CDH         SYMBOL        FLOWSTBHPERIOD
  X:E687H         SYMBOL        FNADDR
  X:E509H         SYMBOL        GPCR2
  X:E6F5H         SYMBOL        GPIFABORT
BL51 BANKED LINKER/LOCATER V5.12                                                      02/25/2008  13:23:26  PAGE 36


  X:E6C4H         SYMBOL        GPIFADRH
  X:E6C5H         SYMBOL        GPIFADRL
  X:E6C3H         SYMBOL        GPIFCTLCFG
  X:E60CH         SYMBOL        GPIFHOLDAMOUNT
  X:E6C1H         SYMBOL        GPIFIDLECS
  X:E6C2H         SYMBOL        GPIFIDLECTL
  X:E660H         SYMBOL        GPIFIE
  X:E661H         SYMBOL        GPIFIRQ
  X:E6F3H         SYMBOL        GPIFREADYCFG
  X:E6F4H         SYMBOL        GPIFREADYSTAT
  D:00BDH         SYMBOL        GPIFSGLDATH
  D:00BFH         SYMBOL        GPIFSGLDATLNOX
  D:00BEH         SYMBOL        GPIFSGLDATLX
  X:E6D1H         SYMBOL        GPIFTCB0
  X:E6D0H         SYMBOL        GPIFTCB1
  X:E6CFH         SYMBOL        GPIFTCB2
  X:E6CEH         SYMBOL        GPIFTCB3
  D:00BBH         SYMBOL        GPIFTRIG
  X:E6C0H         SYMBOL        GPIFWFSELECT
  X:E400H         SYMBOL        GPIF_WAVE_DATA
  X:E678H         SYMBOL        I2CS
  X:E67AH         SYMBOL        I2CTL
  X:E679H         SYMBOL        I2DAT
  X:E658H         SYMBOL        IBNIE
  X:E659H         SYMBOL        IBNIRQ
  D:00A8H         SYMBOL        IE
  B:0088H.1       SYMBOL        IE0
  B:0088H.3       SYMBOL        IE1
  X:E601H         SYMBOL        IFCONFIG
  X:E648H         SYMBOL        INPKTEND
  D:00A1H         SYMBOL        INT2CLR
  X:E666H         SYMBOL        INT2IVEC
  D:00A2H         SYMBOL        INT4CLR
  X:E667H         SYMBOL        INT4IVEC
  B:00D8H.3       SYMBOL        INT6
  X:E668H         SYMBOL        INTSETUP
  D:0080H         SYMBOL        IOA
  D:0090H         SYMBOL        IOB
  D:00A0H         SYMBOL        IOC
  D:00B0H         SYMBOL        IOD
  D:00B1H         SYMBOL        IOE
  D:00B8H         SYMBOL        IP
  B:0088H.0       SYMBOL        IT0
  B:0088H.2       SYMBOL        IT1
  C:104FH         SYMBOL        LOOP
  X:E686H         SYMBOL        MICROFRAME
  D:0092H         SYMBOL        MPAGE
  X:E65AH         SYMBOL        NAKIE
  X:E65BH         SYMBOL        NAKIRQ
  D:00B2H         SYMBOL        OEA
  D:00B3H         SYMBOL        OEB
  D:00B4H         SYMBOL        OEC
  D:00B5H         SYMBOL        OED
  D:00B6H         SYMBOL        OEE
  X:E649H         SYMBOL        OUTPKTEND
  B:00D0H.2       SYMBOL        OV
  B:00D0H.0       SYMBOL        P
BL51 BANKED LINKER/LOCATER V5.12                                                      02/25/2008  13:23:26  PAGE 37


  D:0087H         SYMBOL        PCON
  B:00F8H.1       SYMBOL        PI2C
  X:E602H         SYMBOL        PINFLAGSAB
  X:E603H         SYMBOL        PINFLAGSCD
  X:E670H         SYMBOL        PORTACFG
  X:E671H         SYMBOL        PORTCCFG
  X:E672H         SYMBOL        PORTECFG
  B:00B8H.4       SYMBOL        PS0
  B:00B8H.6       SYMBOL        PS1
  D:00D0H         SYMBOL        PSW
  B:00B8H.1       SYMBOL        PT0
  B:00B8H.3       SYMBOL        PT1
  B:00B8H.5       SYMBOL        PT2
  B:00F8H.0       SYMBOL        PUSB
  B:00B8H.0       SYMBOL        PX0
  B:00B8H.2       SYMBOL        PX1
  B:0098H.2       SYMBOL        RB8
  B:00C0H.2       SYMBOL        RB81
  D:00CBH         SYMBOL        RCAP2H
  D:00CAH         SYMBOL        RCAP2L
  B:00C8H.5       SYMBOL        RCLK
  B:0098H.4       SYMBOL        REN
  B:00C0H.4       SYMBOL        REN1
  B:00D8H.4       SYMBOL        RESI
  X:E480H         SYMBOL        RES_WAVEDATA_END
  X:E60BH         SYMBOL        REVCTL
  X:E60AH         SYMBOL        REVID
  B:0098H.0       SYMBOL        RI
  B:00C0H.0       SYMBOL        RI1
  B:00D0H.3       SYMBOL        RS0
  B:00D0H.4       SYMBOL        RS1
  D:0099H         SYMBOL        SBUF0
  D:00C1H         SYMBOL        SBUF1
  D:0098H         SYMBOL        SCON0
  D:00C0H         SYMBOL        SCON1
  B:0080H.6       SYMBOL        SEL
  X:E6B8H         SYMBOL        SETUPDAT
  B:0098H.7       SYMBOL        SM0
  B:00C0H.7       SYMBOL        SM01
  B:0098H.6       SYMBOL        SM1
  B:00C0H.6       SYMBOL        SM11
  B:0098H.5       SYMBOL        SM2
  B:00C0H.5       SYMBOL        SM21
  B:00D8H.7       SYMBOL        SMOD1
  D:0081H         SYMBOL        SP
  X:E6B5H         SYMBOL        SUDPTRCTL
  X:E6B3H         SYMBOL        SUDPTRH
  X:E6B4H         SYMBOL        SUDPTRL
  X:E681H         SYMBOL        SUSPEND
  D:00C8H         SYMBOL        T2CON
  B:0098H.3       SYMBOL        TB8
  B:00C0H.3       SYMBOL        TB81
  B:00C8H.4       SYMBOL        TCLK
  D:0088H         SYMBOL        TCON
  X:E6F9H         SYMBOL        TESTCFG
  B:0088H.5       SYMBOL        TF0
  B:0088H.7       SYMBOL        TF1
BL51 BANKED LINKER/LOCATER V5.12                                                      02/25/2008  13:23:26  PAGE 38


  B:00C8H.7       SYMBOL        TF2
  D:008CH         SYMBOL        TH0
  D:008DH         SYMBOL        TH1
  D:00CDH         SYMBOL        TH2
  B:0098H.1       SYMBOL        TI
  B:00C0H.1       SYMBOL        TI1
  D:008AH         SYMBOL        TL0
  D:008BH         SYMBOL        TL1
  D:00CCH         SYMBOL        TL2
  D:0089H         SYMBOL        TMOD
  X:E683H         SYMBOL        TOGCTL
  B:0088H.4       SYMBOL        TR0
  B:0088H.6       SYMBOL        TR1
  B:00C8H.2       SYMBOL        TR2
  X:E608H         SYMBOL        UART230
  X:E67DH         SYMBOL        UDMACRCH
  X:E67EH         SYMBOL        UDMACRCL
  X:E67FH         SYMBOL        UDMACRCQUAL
  X:E680H         SYMBOL        USBCS
  X:E662H         SYMBOL        USBERRIE
  X:E663H         SYMBOL        USBERRIRQ
  X:E684H         SYMBOL        USBFRAMEH
  X:E685H         SYMBOL        USBFRAMEL
  X:E65CH         SYMBOL        USBIE
  X:E65DH         SYMBOL        USBIRQ
  X:E6FAH         SYMBOL        USBTEST
  X:E682H         SYMBOL        WAKEUPCS
  X:E6F0H         SYMBOL        XGPIFSGLDATH
  X:E6F2H         SYMBOL        XGPIFSGLDATLNOX
  X:E6F1H         SYMBOL        XGPIFSGLDATLX
  C:1046H         LINE#         48
  C:1048H         LINE#         49
  C:104AH         LINE#         50
  C:104DH         LINE#         51
  C:104FH         LINE#         53
  C:1050H         LINE#         54
  C:1052H         LINE#         55
  C:1054H         LINE#         56
  C:1056H         LINE#         58
  -------         ENDMOD        DELAY1MS

  -------         MODULE        USBJMPTBL
  C:0B00H         SEGMENT       ?PR?USB_JUMP_TABLE?USBJT
  N:0045H         PUBLIC        USB_INT2AUTOVECTOR
  N:0055H         PUBLIC        USB_INT4AUTOVECTOR
  C:0B00H         PUBLIC        USB_JUMP_TABLE
  N:0000H         SYMBOL        USBJMPTBL
  C:0043H         LINE#         49
  C:0053H         LINE#         53
  C:0B00H         LINE#         61
  C:0B04H         LINE#         63
  C:0B08H         LINE#         65
  C:0B0CH         LINE#         67
  C:0B10H         LINE#         69
  C:0B14H         LINE#         71
  C:0B18H         LINE#         73
  C:0B1CH         LINE#         75
BL51 BANKED LINKER/LOCATER V5.12                                                      02/25/2008  13:23:26  PAGE 39


  C:0B20H         LINE#         77
  C:0B24H         LINE#         79
  C:0B28H         LINE#         81
  C:0B2CH         LINE#         83
  C:0B30H         LINE#         85
  C:0B34H         LINE#         87
  C:0B38H         LINE#         89
  C:0B3CH         LINE#         91
  C:0B40H         LINE#         93
  C:0B44H         LINE#         95
  C:0B48H         LINE#         97
  C:0B4CH         LINE#         99
  C:0B50H         LINE#         101
  C:0B54H         LINE#         103
  C:0B58H         LINE#         105
  C:0B5CH         LINE#         107
  C:0B60H         LINE#         109
  C:0B64H         LINE#         111
  C:0B68H         LINE#         113
  C:0B6CH         LINE#         115
  C:0B70H         LINE#         117
  C:0B74H         LINE#         119
  C:0B78H         LINE#         121
  C:0B7CH         LINE#         123
  C:0B80H         LINE#         126
  C:0B84H         LINE#         128
  C:0B88H         LINE#         130
  C:0B8CH         LINE#         132
  C:0B90H         LINE#         134
  C:0B94H         LINE#         136
  C:0B98H         LINE#         138
  C:0B9CH         LINE#         140
  C:0BA0H         LINE#         142
  C:0BA4H         LINE#         144
  C:0BA8H         LINE#         146
  C:0BACH         LINE#         148
  C:0BB0H         LINE#         150
  C:0BB4H         LINE#         152
  -------         ENDMOD        USBJMPTBL

  -------         MODULE        ISR_TS_RESET_JUMPVECTOR
  C:0013H         LINE#         16
  -------         ENDMOD        ISR_TS_RESET_JUMPVECTOR

  -------         MODULE        SPIWRITEBYTE
  C:0BB8H         SEGMENT       ?PR?SPIWRITEBYTE?MODULE
  D:0029H         SEGMENT       ?DT?SPIWRITEBYTE?MODULE
  D:0029H         PUBLIC        ?_SPIWRITEBYTE?BYTE
  C:0BB8H         PUBLIC        _SPIWRITEBYTE
  D:0029H         SYMBOL        D
  C:0BEBH         SYMBOL        HIGHBIT
  D:00B1H         SYMBOL        IOE
  C:0BD6H         SYMBOL        LOOP
  C:0BF9H         SYMBOL        SKIP
  N:0000H         SYMBOL        SPIWRITEBYTE
  C:0BB8H         LINE#         44
  C:0BBAH         LINE#         45
BL51 BANKED LINKER/LOCATER V5.12                                                      02/25/2008  13:23:26  PAGE 40


  C:0BBCH         LINE#         46
  C:0BBEH         LINE#         47
  C:0BBFH         LINE#         48
  C:0BC1H         LINE#         49
  C:0BC3H         LINE#         50
  C:0BC4H         LINE#         51
  C:0BC6H         LINE#         52
  C:0BC7H         LINE#         53
  C:0BC8H         LINE#         54
  C:0BCAH         LINE#         55
  C:0BCCH         LINE#         56
  C:0BCDH         LINE#         57
  C:0BCFH         LINE#         58
  C:0BD0H         LINE#         59
  C:0BD1H         LINE#         60
  C:0BD3H         LINE#         61
  C:0BD5H         LINE#         62
  C:0BD6H         LINE#         64
  C:0BD7H         LINE#         65
  C:0BD8H         LINE#         66
  C:0BD9H         LINE#         67
  C:0BDBH         LINE#         69
  C:0BDDH         LINE#         70
  C:0BDEH         LINE#         71
  C:0BDFH         LINE#         72
  C:0BE0H         LINE#         73
  C:0BE1H         LINE#         74
  C:0BE3H         LINE#         75
  C:0BE4H         LINE#         76
  C:0BE5H         LINE#         77
  C:0BE6H         LINE#         78
  C:0BE7H         LINE#         79
  C:0BE9H         LINE#         80
  C:0BEBH         LINE#         82
  C:0BEDH         LINE#         83
  C:0BEEH         LINE#         84
  C:0BEFH         LINE#         85
  C:0BF0H         LINE#         86
  C:0BF1H         LINE#         87
  C:0BF3H         LINE#         88
  C:0BF4H         LINE#         89
  C:0BF5H         LINE#         90
  C:0BF6H         LINE#         91
  C:0BF7H         LINE#         92
  C:0BF9H         LINE#         94
  C:0BFAH         LINE#         95
  C:0BFBH         LINE#         96
  C:0BFCH         LINE#         97
  C:0BFDH         LINE#         98
  C:0BFFH         LINE#         100
  -------         ENDMOD        SPIWRITEBYTE

  -------         MODULE        ?C?CLDOPTR
  C:093CH         PUBLIC        ?C?CLDOPTR
  -------         ENDMOD        ?C?CLDOPTR

  -------         MODULE        ?C?CSTOPTR
BL51 BANKED LINKER/LOCATER V5.12                                                      02/25/2008  13:23:26  PAGE 41


  C:0969H         PUBLIC        ?C?CSTOPTR
  -------         ENDMOD        ?C?CSTOPTR

  -------         MODULE        ?C?SLCMP
  C:098BH         PUBLIC        ?C?SLCMP
  -------         ENDMOD        ?C?SLCMP

  -------         MODULE        ?C?ULSHR
  C:09A1H         PUBLIC        ?C?ULSHR
  -------         ENDMOD        ?C?ULSHR

  -------         MODULE        ?C?SLSHR
  C:09B4H         PUBLIC        ?C?SLSHR
  -------         ENDMOD        ?C?SLSHR

  -------         MODULE        ?C?LLDIIDATA
  C:09D1H         PUBLIC        ?C?LLDIIDATA
  C:09C8H         PUBLIC        ?C?LLDIIDATA1
  C:09CAH         PUBLIC        ?C?LLDIIDATA8
  -------         ENDMOD        ?C?LLDIIDATA

  -------         MODULE        ?C?CCASE
  C:09E8H         PUBLIC        ?C?CCASE
  -------         ENDMOD        ?C?CCASE

Program Size: data=52.5 xdata=4733 code=3801
LINK/LOCATE RUN COMPLETE.  0 WARNING(S),  0 ERROR(S)
