BL51 BANKED LINKER/LOCATER V5.12                                                        09/17/2008  11:38:08  PAGE 1


BL51 BANKED LINKER/LOCATER V5.12, INVOKED BY:
C:\KEIL\C51\BIN\BL51.EXE fw.obj, dscr.obj, USBAERmini2_firmware.obj, C:\Cypress\USB\Target\Lib\LP\EZUSB.LIB, C:\Cypress\
>> USB\Target\Lib\LP\USBJmpTb.OBJ, ISR_TS_Reset_JumpVector.obj, lenval.obj, micro.obj, ports.obj, C:\Cypress\USB\Target\
>> Lib\LP\EZUSB.LIB TO USBAERmini2 RAMSIZE (256) CODE (0X0000-0X27FF) XDATA (0X2800-0X3FFF, 0XE000-0XE3FF)


MEMORY MODEL: SMALL


INPUT MODULES INCLUDED:
  fw.obj (FW)
  dscr.obj (DSCR)
  USBAERmini2_firmware.obj (USBAERMINI2_FIRMWARE)
  C:\Cypress\USB\Target\Lib\LP\EZUSB.LIB (DISCON)
  C:\Cypress\USB\Target\Lib\LP\EZUSB.LIB (EZREGS)
  C:\Cypress\USB\Target\Lib\LP\EZUSB.LIB (I2C)
  C:\Cypress\USB\Target\Lib\LP\EZUSB.LIB (GET_STRD)
  C:\Cypress\USB\Target\Lib\LP\EZUSB.LIB (I2C_RW)
  C:\Cypress\USB\Target\Lib\LP\EZUSB.LIB (DELAY)
  C:\Cypress\USB\Target\Lib\LP\EZUSB.LIB (DELAY1MS)
  C:\Cypress\USB\Target\Lib\LP\USBJmpTb.OBJ (USBJMPTBL)
  ISR_TS_Reset_JumpVector.obj (ISR_TS_RESET_JUMPVECTOR)
  lenval.obj (LENVAL)
  micro.obj (MICRO)
  ports.obj (PORTS)
  C:\KEIL\C51\LIB\C51S.LIB (?C_STARTUP)
  C:\KEIL\C51\LIB\C51S.LIB (?C?CLDPTR)
  C:\KEIL\C51\LIB\C51S.LIB (?C?CLDOPTR)
  C:\KEIL\C51\LIB\C51S.LIB (?C?CILDPTR)
  C:\KEIL\C51\LIB\C51S.LIB (?C?CSTPTR)
  C:\KEIL\C51\LIB\C51S.LIB (?C?CSTOPTR)
  C:\KEIL\C51\LIB\C51S.LIB (?C?ILDPTR)
  C:\KEIL\C51\LIB\C51S.LIB (?C?ILDOPTR)
  C:\KEIL\C51\LIB\C51S.LIB (?C?ISTPTR)
  C:\KEIL\C51\LIB\C51S.LIB (?C?ISTOPTR)
  C:\KEIL\C51\LIB\C51S.LIB (?C?SLDIV)
  C:\KEIL\C51\LIB\C51S.LIB (?C?SLCMP)
  C:\KEIL\C51\LIB\C51S.LIB (?C?ULSHR)
  C:\KEIL\C51\LIB\C51S.LIB (?C?SLSHR)
  C:\KEIL\C51\LIB\C51S.LIB (?C?LSHL)
  C:\KEIL\C51\LIB\C51S.LIB (?C?LLDOPTR)
  C:\KEIL\C51\LIB\C51S.LIB (?C?LSTOPTR)
  C:\KEIL\C51\LIB\C51S.LIB (?C?LLDIIDATA)
  C:\KEIL\C51\LIB\C51S.LIB (?C?LSTXDATA)
  C:\KEIL\C51\LIB\C51S.LIB (?C?LSTKOPTR)
  C:\KEIL\C51\LIB\C51S.LIB (?C?CCASE)
  C:\KEIL\C51\LIB\C51S.LIB (?C?ICALL)
  C:\KEIL\C51\LIB\C51S.LIB (?C_INIT)
  C:\KEIL\C51\LIB\C51S.LIB (?C?ULDIV)
  C:\KEIL\C51\LIB\C51S.LIB (?C?LLDIDATA)
  C:\KEIL\C51\LIB\C51S.LIB (?C?LLDXDATA)
  C:\KEIL\C51\LIB\C51S.LIB (?C?LLDPDATA)
  C:\KEIL\C51\LIB\C51S.LIB (?C?LLDCODE)
  C:\KEIL\C51\LIB\C51S.LIB (?C?LSTIDATA)
  C:\KEIL\C51\LIB\C51S.LIB (?C?LSTPDATA)
  C:\KEIL\C51\LIB\C51S.LIB (?C?LSTKIDATA)
  C:\KEIL\C51\LIB\C51S.LIB (?C?LSTKXDATA)
  C:\KEIL\C51\LIB\C51S.LIB (?C?LSTKPDATA)
BL51 BANKED LINKER/LOCATER V5.12                                                      09/17/2008  11:38:08  PAGE 2




LINK MAP OF MODULE:  USBAERmini2 (FW)


            TYPE    BASE      LENGTH    RELOCATION   SEGMENT NAME
            -----------------------------------------------------

            * * * * * * *   D A T A   M E M O R Y   * * * * * * *
            REG     0000H     0008H     ABSOLUTE     "REG BANK 0"
            DATA    0008H     000EH     UNIT         ?DT?FW
            DATA    0016H     000AH     UNIT         ?DT?USBAERMINI2_FIRMWARE
            BIT     0020H.0   0000H.3   UNIT         ?BI?FW
            BIT     0020H.3   0000H.3   UNIT         ?BI?USBAERMINI2_FIRMWARE
            BIT     0020H.6   0000H.1   UNIT         _BIT_GROUP_
                    0020H.7   0000H.1                *** GAP ***
            DATA    0021H     004DH     UNIT         _DATA_GROUP_
            DATA    006EH     0006H     UNIT         ?DT?I2C
            DATA    0074H     0005H     UNIT         ?DT?PORTS
            DATA    0079H     0003H     UNIT         ?DT?MICRO
            IDATA   007CH     0001H     UNIT         ?STACK

            * * * * * * *  X D A T A   M E M O R Y  * * * * * * *
                    0000H     2800H                  *** GAP ***
            XDATA   2800H     033AH     UNIT         ?XD?MICRO
            XDATA   2B3AH     0193H     UNIT         _XDATA_GROUP_
                    2CCDH     B733H                  *** GAP ***
            XDATA   E400H     0001H     ABSOLUTE     
                    E401H     007FH                  *** GAP ***
            XDATA   E480H     0001H     ABSOLUTE     
                    E481H     0088H                  *** GAP ***
            XDATA   E509H     0001H     ABSOLUTE     
                    E50AH     00F6H                  *** GAP ***
            XDATA   E600H     0001H     ABSOLUTE     
            XDATA   E601H     0001H     ABSOLUTE     
            XDATA   E602H     0001H     ABSOLUTE     
            XDATA   E603H     0001H     ABSOLUTE     
            XDATA   E604H     0001H     ABSOLUTE     
            XDATA   E605H     0001H     ABSOLUTE     
            XDATA   E606H     0001H     ABSOLUTE     
            XDATA   E607H     0001H     ABSOLUTE     
            XDATA   E608H     0001H     ABSOLUTE     
            XDATA   E609H     0001H     ABSOLUTE     
            XDATA   E60AH     0001H     ABSOLUTE     
            XDATA   E60BH     0001H     ABSOLUTE     
            XDATA   E60CH     0001H     ABSOLUTE     
                    E60DH     0003H                  *** GAP ***
            XDATA   E610H     0001H     ABSOLUTE     
            XDATA   E611H     0001H     ABSOLUTE     
            XDATA   E612H     0001H     ABSOLUTE     
            XDATA   E613H     0001H     ABSOLUTE     
            XDATA   E614H     0001H     ABSOLUTE     
            XDATA   E615H     0001H     ABSOLUTE     
                    E616H     0002H                  *** GAP ***
            XDATA   E618H     0001H     ABSOLUTE     
            XDATA   E619H     0001H     ABSOLUTE     
            XDATA   E61AH     0001H     ABSOLUTE     
BL51 BANKED LINKER/LOCATER V5.12                                                      09/17/2008  11:38:08  PAGE 3


            XDATA   E61BH     0001H     ABSOLUTE     
                    E61CH     0004H                  *** GAP ***
            XDATA   E620H     0001H     ABSOLUTE     
            XDATA   E621H     0001H     ABSOLUTE     
            XDATA   E622H     0001H     ABSOLUTE     
            XDATA   E623H     0001H     ABSOLUTE     
            XDATA   E624H     0001H     ABSOLUTE     
            XDATA   E625H     0001H     ABSOLUTE     
            XDATA   E626H     0001H     ABSOLUTE     
            XDATA   E627H     0001H     ABSOLUTE     
            XDATA   E628H     0001H     ABSOLUTE     
            XDATA   E629H     0001H     ABSOLUTE     
            XDATA   E62AH     0001H     ABSOLUTE     
            XDATA   E62BH     0001H     ABSOLUTE     
            XDATA   E62CH     0001H     ABSOLUTE     
            XDATA   E62DH     0001H     ABSOLUTE     
            XDATA   E62EH     0001H     ABSOLUTE     
            XDATA   E62FH     0001H     ABSOLUTE     
            XDATA   E630H     0001H     ABSOLUTE     
            XDATA   E631H     0001H     ABSOLUTE     
            XDATA   E632H     0001H     ABSOLUTE     
            XDATA   E633H     0001H     ABSOLUTE     
            XDATA   E634H     0001H     ABSOLUTE     
            XDATA   E635H     0001H     ABSOLUTE     
            XDATA   E636H     0001H     ABSOLUTE     
            XDATA   E637H     0001H     ABSOLUTE     
                    E638H     0008H                  *** GAP ***
            XDATA   E640H     0001H     ABSOLUTE     
            XDATA   E641H     0001H     ABSOLUTE     
            XDATA   E642H     0001H     ABSOLUTE     
            XDATA   E643H     0001H     ABSOLUTE     
                    E644H     0004H                  *** GAP ***
            XDATA   E648H     0001H     ABSOLUTE     
            XDATA   E649H     0001H     ABSOLUTE     
                    E64AH     0006H                  *** GAP ***
            XDATA   E650H     0001H     ABSOLUTE     
            XDATA   E651H     0001H     ABSOLUTE     
            XDATA   E652H     0001H     ABSOLUTE     
            XDATA   E653H     0001H     ABSOLUTE     
            XDATA   E654H     0001H     ABSOLUTE     
            XDATA   E655H     0001H     ABSOLUTE     
            XDATA   E656H     0001H     ABSOLUTE     
            XDATA   E657H     0001H     ABSOLUTE     
            XDATA   E658H     0001H     ABSOLUTE     
            XDATA   E659H     0001H     ABSOLUTE     
            XDATA   E65AH     0001H     ABSOLUTE     
            XDATA   E65BH     0001H     ABSOLUTE     
            XDATA   E65CH     0001H     ABSOLUTE     
            XDATA   E65DH     0001H     ABSOLUTE     
            XDATA   E65EH     0001H     ABSOLUTE     
            XDATA   E65FH     0001H     ABSOLUTE     
            XDATA   E660H     0001H     ABSOLUTE     
            XDATA   E661H     0001H     ABSOLUTE     
            XDATA   E662H     0001H     ABSOLUTE     
            XDATA   E663H     0001H     ABSOLUTE     
            XDATA   E664H     0001H     ABSOLUTE     
            XDATA   E665H     0001H     ABSOLUTE     
BL51 BANKED LINKER/LOCATER V5.12                                                      09/17/2008  11:38:08  PAGE 4


            XDATA   E666H     0001H     ABSOLUTE     
            XDATA   E667H     0001H     ABSOLUTE     
            XDATA   E668H     0001H     ABSOLUTE     
                    E669H     0007H                  *** GAP ***
            XDATA   E670H     0001H     ABSOLUTE     
            XDATA   E671H     0001H     ABSOLUTE     
            XDATA   E672H     0001H     ABSOLUTE     
                    E673H     0005H                  *** GAP ***
            XDATA   E678H     0001H     ABSOLUTE     
            XDATA   E679H     0001H     ABSOLUTE     
            XDATA   E67AH     0001H     ABSOLUTE     
            XDATA   E67BH     0001H     ABSOLUTE     
            XDATA   E67CH     0001H     ABSOLUTE     
            XDATA   E67DH     0001H     ABSOLUTE     
            XDATA   E67EH     0001H     ABSOLUTE     
            XDATA   E67FH     0001H     ABSOLUTE     
            XDATA   E680H     0001H     ABSOLUTE     
            XDATA   E681H     0001H     ABSOLUTE     
            XDATA   E682H     0001H     ABSOLUTE     
            XDATA   E683H     0001H     ABSOLUTE     
            XDATA   E684H     0001H     ABSOLUTE     
            XDATA   E685H     0001H     ABSOLUTE     
            XDATA   E686H     0001H     ABSOLUTE     
            XDATA   E687H     0001H     ABSOLUTE     
                    E688H     0002H                  *** GAP ***
            XDATA   E68AH     0001H     ABSOLUTE     
            XDATA   E68BH     0001H     ABSOLUTE     
                    E68CH     0001H                  *** GAP ***
            XDATA   E68DH     0001H     ABSOLUTE     
                    E68EH     0001H                  *** GAP ***
            XDATA   E68FH     0001H     ABSOLUTE     
            XDATA   E690H     0001H     ABSOLUTE     
            XDATA   E691H     0001H     ABSOLUTE     
                    E692H     0002H                  *** GAP ***
            XDATA   E694H     0001H     ABSOLUTE     
            XDATA   E695H     0001H     ABSOLUTE     
                    E696H     0002H                  *** GAP ***
            XDATA   E698H     0001H     ABSOLUTE     
            XDATA   E699H     0001H     ABSOLUTE     
                    E69AH     0002H                  *** GAP ***
            XDATA   E69CH     0001H     ABSOLUTE     
            XDATA   E69DH     0001H     ABSOLUTE     
                    E69EH     0002H                  *** GAP ***
            XDATA   E6A0H     0001H     ABSOLUTE     
            XDATA   E6A1H     0001H     ABSOLUTE     
            XDATA   E6A2H     0001H     ABSOLUTE     
            XDATA   E6A3H     0001H     ABSOLUTE     
            XDATA   E6A4H     0001H     ABSOLUTE     
            XDATA   E6A5H     0001H     ABSOLUTE     
            XDATA   E6A6H     0001H     ABSOLUTE     
            XDATA   E6A7H     0001H     ABSOLUTE     
            XDATA   E6A8H     0001H     ABSOLUTE     
            XDATA   E6A9H     0001H     ABSOLUTE     
            XDATA   E6AAH     0001H     ABSOLUTE     
            XDATA   E6ABH     0001H     ABSOLUTE     
            XDATA   E6ACH     0001H     ABSOLUTE     
            XDATA   E6ADH     0001H     ABSOLUTE     
BL51 BANKED LINKER/LOCATER V5.12                                                      09/17/2008  11:38:08  PAGE 5


            XDATA   E6AEH     0001H     ABSOLUTE     
            XDATA   E6AFH     0001H     ABSOLUTE     
            XDATA   E6B0H     0001H     ABSOLUTE     
            XDATA   E6B1H     0001H     ABSOLUTE     
            XDATA   E6B2H     0001H     ABSOLUTE     
            XDATA   E6B3H     0001H     ABSOLUTE     
            XDATA   E6B4H     0001H     ABSOLUTE     
            XDATA   E6B5H     0001H     ABSOLUTE     
                    E6B6H     0002H                  *** GAP ***
            XDATA   E6B8H     0008H     ABSOLUTE     
            XDATA   E6C0H     0001H     ABSOLUTE     
            XDATA   E6C1H     0001H     ABSOLUTE     
            XDATA   E6C2H     0001H     ABSOLUTE     
            XDATA   E6C3H     0001H     ABSOLUTE     
            XDATA   E6C4H     0001H     ABSOLUTE     
            XDATA   E6C5H     0001H     ABSOLUTE     
            XDATA   E6C6H     0001H     ABSOLUTE     
            XDATA   E6C7H     0001H     ABSOLUTE     
            XDATA   E6C8H     0001H     ABSOLUTE     
            XDATA   E6C9H     0001H     ABSOLUTE     
            XDATA   E6CAH     0001H     ABSOLUTE     
            XDATA   E6CBH     0001H     ABSOLUTE     
            XDATA   E6CCH     0001H     ABSOLUTE     
            XDATA   E6CDH     0001H     ABSOLUTE     
            XDATA   E6CEH     0001H     ABSOLUTE     
            XDATA   E6CFH     0001H     ABSOLUTE     
            XDATA   E6D0H     0001H     ABSOLUTE     
            XDATA   E6D1H     0001H     ABSOLUTE     
            XDATA   E6D2H     0001H     ABSOLUTE     
            XDATA   E6D3H     0001H     ABSOLUTE     
            XDATA   E6D4H     0001H     ABSOLUTE     
                    E6D5H     0005H                  *** GAP ***
            XDATA   E6DAH     0001H     ABSOLUTE     
            XDATA   E6DBH     0001H     ABSOLUTE     
            XDATA   E6DCH     0001H     ABSOLUTE     
                    E6DDH     0005H                  *** GAP ***
            XDATA   E6E2H     0001H     ABSOLUTE     
            XDATA   E6E3H     0001H     ABSOLUTE     
            XDATA   E6E4H     0001H     ABSOLUTE     
                    E6E5H     0005H                  *** GAP ***
            XDATA   E6EAH     0001H     ABSOLUTE     
            XDATA   E6EBH     0001H     ABSOLUTE     
            XDATA   E6ECH     0001H     ABSOLUTE     
                    E6EDH     0003H                  *** GAP ***
            XDATA   E6F0H     0001H     ABSOLUTE     
            XDATA   E6F1H     0001H     ABSOLUTE     
            XDATA   E6F2H     0001H     ABSOLUTE     
            XDATA   E6F3H     0001H     ABSOLUTE     
            XDATA   E6F4H     0001H     ABSOLUTE     
            XDATA   E6F5H     0001H     ABSOLUTE     
                    E6F6H     0002H                  *** GAP ***
            XDATA   E6F8H     0001H     ABSOLUTE     
            XDATA   E6F9H     0001H     ABSOLUTE     
            XDATA   E6FAH     0001H     ABSOLUTE     
            XDATA   E6FBH     0001H     ABSOLUTE     
            XDATA   E6FCH     0001H     ABSOLUTE     
            XDATA   E6FDH     0001H     ABSOLUTE     
BL51 BANKED LINKER/LOCATER V5.12                                                      09/17/2008  11:38:08  PAGE 6


            XDATA   E6FEH     0001H     ABSOLUTE     
                    E6FFH     0041H                  *** GAP ***
            XDATA   E740H     0040H     ABSOLUTE     
            XDATA   E780H     0040H     ABSOLUTE     
            XDATA   E7C0H     0040H     ABSOLUTE     
                    E800H     0800H                  *** GAP ***
            XDATA   F000H     0400H     ABSOLUTE     
            XDATA   F400H     0400H     ABSOLUTE     
            XDATA   F800H     0400H     ABSOLUTE     
            XDATA   FC00H     0400H     ABSOLUTE     

            * * * * * * *   C O D E   M E M O R Y   * * * * * * *
            CODE    0000H     0003H     ABSOLUTE     
            CODE    0003H     0010H     INBLOCK      ?PR?DR_GETCONFIGURATION?USBAERMINI2_FIRMWARE
            CODE    0013H     0003H     ABSOLUTE     
            CODE    0016H     001DH     INBLOCK      ?PR?_WAITTIME?PORTS
            CODE    0033H     0003H     ABSOLUTE     
            CODE    0036H     000DH     INBLOCK      ?PR?_SETPORT?PORTS
            CODE    0043H     0003H     ABSOLUTE     
            CODE    0046H     0005H     INBLOCK      ?PR?STARTSEQUENCER?USBAERMINI2_FIRMWARE
            CODE    004BH     0003H     ABSOLUTE     
            CODE    004EH     0005H     INBLOCK      ?PR?STARTMONITOR?USBAERMINI2_FIRMWARE
            CODE    0053H     0003H     ABSOLUTE     
            CODE    0056H     04C1H     INBLOCK      ?PR?DR_VENDORCMND?USBAERMINI2_FIRMWARE
            CODE    0517H     03E8H     UNIT         ?C?LIB_CODE
            CODE    08FFH     027DH     INBLOCK      ?PR?_XSVFGOTOTAPSTATE?MICRO
            CODE    0B7CH     01F7H     INBLOCK      ?PR?SETUPCOMMAND?FW
            CODE    0D73H     019AH     INBLOCK      ?PR?_XSVFSHIFT?MICRO
            CODE    0F0DH     00EDH     INBLOCK      ?PR?TD_INIT?USBAERMINI2_FIRMWARE
            CODE    0FFAH     0004H     INBLOCK      ?PR?RESUME_ISR?FW
            CODE    0FFEH     0002H     INBLOCK      ?PR?HIGHSPEEDCAPABLE?FW
            CODE    1000H     0177H     INBLOCK      ?PR?_XSVFSHIFTONLY?MICRO
            CODE    1177H     0108H     UNIT         ?PR?I2C_ISR?I2C
            CODE    127FH     00EAH     INBLOCK      ?PR?_XSVFDOXSIR2?MICRO
            CODE    1369H     00D8H     INBLOCK      ?PR?_XSVFDOXSIR?MICRO
            CODE    1441H     00BCH     INBLOCK      ?PR?_XSVFDOXSDR?MICRO
            CODE    14FDH     0001H     INBLOCK      ?PR?ISR_SUSP?USBAERMINI2_FIRMWARE
            CODE    14FEH     0001H     INBLOCK      ?PR?ISR_EP0ACK?USBAERMINI2_FIRMWARE
            CODE    14FFH     0001H     INBLOCK      ?PR?ISR_STUB?USBAERMINI2_FIRMWARE
            CODE    1500H     00B8H     PAGE         ?PR?USB_JUMP_TABLE?USBJT
            CODE    15B8H     0048H     INBLOCK      ?PR?DOWNLOADSERIALNUMBERFROMEEPROM?USBAERMINI2_FIRMWARE
            CODE    1600H     00AEH     PAGE         DSCR
            CODE    16AEH     00AAH     INBLOCK      ?PR?_XSVFDOXSDRTDO?MICRO
            CODE    1758H     00A2H     INBLOCK      ?PR?_XSVFDOXSDRTDOBCE?MICRO
            CODE    17FAH     0001H     INBLOCK      ?PR?ISR_EP0IN?USBAERMINI2_FIRMWARE
            CODE    17FBH     0001H     INBLOCK      ?PR?ISR_EP0OUT?USBAERMINI2_FIRMWARE
            CODE    17FCH     0001H     INBLOCK      ?PR?ISR_EP1IN?USBAERMINI2_FIRMWARE
            CODE    17FDH     0001H     INBLOCK      ?PR?ISR_EP1OUT?USBAERMINI2_FIRMWARE
            CODE    17FEH     0001H     INBLOCK      ?PR?ISR_EP2INOUT?USBAERMINI2_FIRMWARE
            CODE    17FFH     0001H     INBLOCK      ?PR?ISR_EP4INOUT?USBAERMINI2_FIRMWARE
            CODE    1800H     00A9H     INBLOCK      ?PR?_XSVFDOXWAIT?MICRO
            CODE    18A9H     0099H     INBLOCK      ?PR?_XSVFDOXSDRBCE?MICRO
            CODE    1942H     008CH     UNIT         ?C_C51STARTUP
            CODE    19CEH     008BH     INBLOCK      ?PR?XSVFRUN?MICRO
            CODE    1A59H     0080H     INBLOCK      ?PR?_EQUALLENVAL?LENVAL
            CODE    1AD9H     007EH     INBLOCK      ?PR?_XSVFBASICXSDRTDO?MICRO
            CODE    1B57H     0079H     INBLOCK      ?PR?_VALUE?LENVAL
BL51 BANKED LINKER/LOCATER V5.12                                                      09/17/2008  11:38:08  PAGE 7


            CODE    1BD0H     0078H     INBLOCK      ?PR?_XSVFDOXSDRSIZE?MICRO
            CODE    1C48H     006AH     INBLOCK      ?PR?_XSVFDOXENDXR?MICRO
            CODE    1CB2H     0061H     INBLOCK      ?PR?MAIN?FW
            CODE    1D13H     005CH     INBLOCK      ?PR?_XSVFINFOINIT?MICRO
            CODE    1D6FH     005AH     INBLOCK      ?PR?XSVFINITIALIZE?MICRO
            CODE    1DC9H     0059H     INBLOCK      ?PR?_EEPROMREAD?USBAERMINI2_FIRMWARE
            CODE    1E22H     0051H     UNIT         ?C_INITSEG
            CODE    1E73H     0046H     UNIT         ?PR?_EZUSB_DELAY?DELAY
            CODE    1EB9H     0045H     INBLOCK      ?PR?STOPSEQUENCER?USBAERMINI2_FIRMWARE
            CODE    1EFEH     0044H     UNIT         ?C?LDIV
            CODE    1F42H     0043H     INBLOCK      ?PR?_EEPROMWRITEBYTE?USBAERMINI2_FIRMWARE
            CODE    1F85H     003FH     INBLOCK      ?PR?STOPMONITOR?USBAERMINI2_FIRMWARE
            CODE    1FC4H     0038H     UNIT         ?PR?_EZUSB_WAITFOREEPROMWRITE?I2C
            CODE    1FFCH     0001H     INBLOCK      ?PR?ISR_EP6INOUT?USBAERMINI2_FIRMWARE
            CODE    1FFDH     0001H     INBLOCK      ?PR?ISR_EP8INOUT?USBAERMINI2_FIRMWARE
            CODE    1FFEH     0001H     INBLOCK      ?PR?ISR_IBN?USBAERMINI2_FIRMWARE
            CODE    1FFFH     0001H     INBLOCK      ?PR?ISR_EP0PINGNAK?USBAERMINI2_FIRMWARE
            CODE    2000H     003DH     INBLOCK      ?PR?_READVAL?LENVAL
            CODE    203DH     0038H     INBLOCK      ?PR?_XSVFDOXSTATE?MICRO
            CODE    2075H     0037H     INBLOCK      ?PR?ISR_URES?USBAERMINI2_FIRMWARE
            CODE    20ACH     0037H     INBLOCK      ?PR?ISR_HIGHSPEED?USBAERMINI2_FIRMWARE
            CODE    20E3H     0035H     INBLOCK      ?PR?_EEPROMWRITE?USBAERMINI2_FIRMWARE
            CODE    2118H     0034H     UNIT         ?PR?_EZUSB_READI2C_?I2C
            CODE    214CH     0032H     UNIT         ?PR?_EZUSB_WRITEI2C_?I2C
            CODE    217EH     0032H     INBLOCK      ?PR?_XSVFDOXRUNTEST?MICRO
            CODE    21B0H     0031H     INBLOCK      ?PR?ISR_MISSEDEVENT?USBAERMINI2_FIRMWARE
            CODE    21E1H     0031H     INBLOCK      ?PR?_XSVFGETASNUMBYTES?MICRO
            CODE    2212H     002FH     UNIT         ?PR?EZUSB_DISCON?DISCON
            CODE    2241H     002BH     UNIT         ?PR?_EZUSB_GETSTRINGDSCR?GET_STRD
            CODE    226CH     002AH     INBLOCK      ?PR?_XSVFDOXTDOMASK?MICRO
            CODE    2296H     0027H     INBLOCK      ?PR?_READBYTE?PORTS
            CODE    22BDH     001EH     INBLOCK      ?PR?TD_POLL?USBAERMINI2_FIRMWARE
            CODE    22DBH     001EH     INBLOCK      ?PR?_XSVFTMSTRANSITION?MICRO
            CODE    22F9H     001CH     UNIT         ?PR?_EZUSB_READI2C?I2C_RW
            CODE    2315H     001CH     UNIT         ?PR?_EZUSB_WRITEI2C?I2C_RW
            CODE    2331H     0018H     INBLOCK      ?PR?ISR_SUDAV?USBAERMINI2_FIRMWARE
            CODE    2349H     0016H     INBLOCK      ?PR?ISR_SUTOK?USBAERMINI2_FIRMWARE
            CODE    235FH     0016H     INBLOCK      ?PR?ISR_SOF?USBAERMINI2_FIRMWARE
            CODE    2375H     0014H     INBLOCK      ?PR?_XSVFDOILLEGALCMD?MICRO
            CODE    2389H     0013H     INBLOCK      ?PR?_XSVFDOXCOMMENT?MICRO
            CODE    239CH     0011H     UNIT         EZUSB
            CODE    23ADH     0010H     INBLOCK      ?PR?DR_GETINTERFACE?USBAERMINI2_FIRMWARE
            CODE    23BDH     000EH     INBLOCK      ?PR?_XSVFDOXREPEAT?MICRO
            CODE    23CBH     000CH     INBLOCK      ?PR?PULSECLOCK?PORTS
            CODE    23D7H     000CH     INBLOCK      ?PR?_RESETREADCOUNTER?PORTS
            CODE    23E3H     000AH     UNIT         ?CO?FW
            CODE    23EDH     000AH     INBLOCK      ?PR?READTDOBIT?PORTS
            CODE    23F7H     0009H     INBLOCK      ?PR?_XSVFDOXCOMPLETE?MICRO
            CODE    2400H     0008H     UNIT         ?PR?EZUSB_INITI2C?I2C
            CODE    2408H     0001H     INBLOCK      ?PR?ISR_EP1PINGNAK?USBAERMINI2_FIRMWARE
            CODE    2409H     0001H     INBLOCK      ?PR?ISR_EP2PINGNAK?USBAERMINI2_FIRMWARE
            CODE    240AH     0001H     INBLOCK      ?PR?ISR_EP4PINGNAK?USBAERMINI2_FIRMWARE
            CODE    240BH     0001H     INBLOCK      ?PR?ISR_EP6PINGNAK?USBAERMINI2_FIRMWARE
            CODE    240CH     0001H     INBLOCK      ?PR?ISR_EP8PINGNAK?USBAERMINI2_FIRMWARE
            CODE    240DH     0001H     INBLOCK      ?PR?ISR_ERRORLIMIT?USBAERMINI2_FIRMWARE
            CODE    240EH     0001H     INBLOCK      ?PR?ISR_EP2PIDERROR?USBAERMINI2_FIRMWARE
            CODE    240FH     0001H     INBLOCK      ?PR?ISR_EP4PIDERROR?USBAERMINI2_FIRMWARE
BL51 BANKED LINKER/LOCATER V5.12                                                      09/17/2008  11:38:08  PAGE 8


            CODE    2410H     0001H     INBLOCK      ?PR?ISR_EP6PIDERROR?USBAERMINI2_FIRMWARE
            CODE    2411H     0001H     INBLOCK      ?PR?ISR_EP8PIDERROR?USBAERMINI2_FIRMWARE
            CODE    2412H     0001H     INBLOCK      ?PR?ISR_EP2PFLAG?USBAERMINI2_FIRMWARE
            CODE    2413H     0001H     INBLOCK      ?PR?ISR_EP4PFLAG?USBAERMINI2_FIRMWARE
            CODE    2414H     0001H     INBLOCK      ?PR?ISR_EP6PFLAG?USBAERMINI2_FIRMWARE
            CODE    2415H     0001H     INBLOCK      ?PR?ISR_EP8PFLAG?USBAERMINI2_FIRMWARE
            CODE    2416H     0001H     INBLOCK      ?PR?ISR_EP2EFLAG?USBAERMINI2_FIRMWARE
            CODE    2417H     0001H     INBLOCK      ?PR?ISR_EP4EFLAG?USBAERMINI2_FIRMWARE
            CODE    2418H     0001H     INBLOCK      ?PR?ISR_EP6EFLAG?USBAERMINI2_FIRMWARE
            CODE    2419H     0001H     INBLOCK      ?PR?ISR_EP8EFLAG?USBAERMINI2_FIRMWARE
            CODE    241AH     0001H     INBLOCK      ?PR?ISR_EP2FFLAG?USBAERMINI2_FIRMWARE
            CODE    241BH     0001H     INBLOCK      ?PR?ISR_EP4FFLAG?USBAERMINI2_FIRMWARE
            CODE    241CH     0001H     INBLOCK      ?PR?ISR_EP6FFLAG?USBAERMINI2_FIRMWARE
            CODE    241DH     0001H     INBLOCK      ?PR?ISR_EP8FFLAG?USBAERMINI2_FIRMWARE
            CODE    241EH     0001H     INBLOCK      ?PR?ISR_GPIFCOMPLETE?USBAERMINI2_FIRMWARE
            CODE    241FH     0001H     INBLOCK      ?PR?ISR_GPIFWAVEFORM?USBAERMINI2_FIRMWARE



OVERLAY MAP OF MODULE:   USBAERmini2 (FW)


SEGMENT                                             BIT_GROUP          DATA_GROUP          XDATA_GROUP
  +--> CALLED SEGMENT                            START    LENGTH     START    LENGTH     START    LENGTH
--------------------------------------------------------------------------------------------------------
?PR?USB_JUMP_TABLE?USBJT                         -----    -----      -----    -----      -----    -----
  +--> ?PR?ISR_SUDAV?USBAERMINI2_FIRMWARE
  +--> ?PR?ISR_SOF?USBAERMINI2_FIRMWARE
  +--> ?PR?ISR_SUTOK?USBAERMINI2_FIRMWARE
  +--> ?PR?ISR_SUSP?USBAERMINI2_FIRMWARE
  +--> ?PR?ISR_URES?USBAERMINI2_FIRMWARE
  +--> ?PR?ISR_HIGHSPEED?USBAERMINI2_FIRMWARE
  +--> ?PR?ISR_EP0ACK?USBAERMINI2_FIRMWARE
  +--> ?PR?ISR_STUB?USBAERMINI2_FIRMWARE
  +--> ?PR?ISR_EP0IN?USBAERMINI2_FIRMWARE
  +--> ?PR?ISR_EP0OUT?USBAERMINI2_FIRMWARE
  +--> ?PR?ISR_EP1IN?USBAERMINI2_FIRMWARE
  +--> ?PR?ISR_EP1OUT?USBAERMINI2_FIRMWARE
  +--> ?PR?ISR_EP2INOUT?USBAERMINI2_FIRMWARE
  +--> ?PR?ISR_EP4INOUT?USBAERMINI2_FIRMWARE
  +--> ?PR?ISR_EP6INOUT?USBAERMINI2_FIRMWARE
  +--> ?PR?ISR_EP8INOUT?USBAERMINI2_FIRMWARE
  +--> ?PR?ISR_IBN?USBAERMINI2_FIRMWARE
  +--> ?PR?ISR_EP0PINGNAK?USBAERMINI2_FIRMWARE
  +--> ?PR?ISR_EP1PINGNAK?USBAERMINI2_FIRMWARE
  +--> ?PR?ISR_EP2PINGNAK?USBAERMINI2_FIRMWARE
  +--> ?PR?ISR_EP4PINGNAK?USBAERMINI2_FIRMWARE
  +--> ?PR?ISR_EP6PINGNAK?USBAERMINI2_FIRMWARE
  +--> ?PR?ISR_EP8PINGNAK?USBAERMINI2_FIRMWARE
  +--> ?PR?ISR_ERRORLIMIT?USBAERMINI2_FIRMWARE
  +--> ?PR?ISR_EP2PIDERROR?USBAERMINI2_FIRMWARE
  +--> ?PR?ISR_EP4PIDERROR?USBAERMINI2_FIRMWARE
  +--> ?PR?ISR_EP6PIDERROR?USBAERMINI2_FIRMWARE
  +--> ?PR?ISR_EP8PIDERROR?USBAERMINI2_FIRMWARE
  +--> ?PR?ISR_EP2PFLAG?USBAERMINI2_FIRMWARE
  +--> ?PR?ISR_EP4PFLAG?USBAERMINI2_FIRMWARE
  +--> ?PR?ISR_EP6PFLAG?USBAERMINI2_FIRMWARE
BL51 BANKED LINKER/LOCATER V5.12                                                      09/17/2008  11:38:08  PAGE 9


  +--> ?PR?ISR_EP8PFLAG?USBAERMINI2_FIRMWARE
  +--> ?PR?ISR_EP2EFLAG?USBAERMINI2_FIRMWARE
  +--> ?PR?ISR_EP4EFLAG?USBAERMINI2_FIRMWARE
  +--> ?PR?ISR_EP6EFLAG?USBAERMINI2_FIRMWARE
  +--> ?PR?ISR_EP8EFLAG?USBAERMINI2_FIRMWARE
  +--> ?PR?ISR_EP2FFLAG?USBAERMINI2_FIRMWARE
  +--> ?PR?ISR_EP4FFLAG?USBAERMINI2_FIRMWARE
  +--> ?PR?ISR_EP6FFLAG?USBAERMINI2_FIRMWARE
  +--> ?PR?ISR_EP8FFLAG?USBAERMINI2_FIRMWARE
  +--> ?PR?ISR_GPIFCOMPLETE?USBAERMINI2_FIRM...
  +--> ?PR?ISR_GPIFWAVEFORM?USBAERMINI2_FIRM...

*** NEW ROOT ***************************************************

?C_C51STARTUP                                    -----    -----      -----    -----      -----    -----
  +--> ?PR?MAIN?FW
  +--> ?C_INITSEG

?PR?MAIN?FW                                      -----    -----      -----    -----      -----    -----
  +--> ?PR?TD_INIT?USBAERMINI2_FIRMWARE
  +--> ?PR?EZUSB_DISCON?DISCON
  +--> ?PR?DOWNLOADSERIALNUMBERFROMEEPROM?US...
  +--> ?PR?TD_POLL?USBAERMINI2_FIRMWARE
  +--> ?PR?SETUPCOMMAND?FW

?PR?TD_INIT?USBAERMINI2_FIRMWARE                 -----    -----      -----    -----      -----    -----
  +--> ?PR?EZUSB_INITI2C?I2C

?PR?EZUSB_DISCON?DISCON                          0020H.6  0000H.1    -----    -----      -----    -----
  +--> ?PR?_EZUSB_DELAY?DELAY

?PR?_EZUSB_DELAY?DELAY                           -----    -----      0021H    0002H      -----    -----

?PR?DOWNLOADSERIALNUMBERFROMEEPROM?US...         -----    -----      0021H    0003H      2B3AH    0008H
  +--> ?PR?_EZUSB_GETSTRINGDSCR?GET_STRD
  +--> ?PR?_EEPROMREAD?USBAERMINI2_FIRMWARE

?PR?_EEPROMREAD?USBAERMINI2_FIRMWARE             -----    -----      002CH    0005H      2CCAH    0002H
  +--> ?PR?_EZUSB_WRITEI2C?I2C_RW
  +--> ?PR?_EZUSB_READI2C?I2C_RW

?PR?_EZUSB_WRITEI2C?I2C_RW                       -----    -----      -----    -----      -----    -----
  +--> ?PR?_EZUSB_WRITEI2C_?I2C

?PR?_EZUSB_READI2C?I2C_RW                        -----    -----      -----    -----      -----    -----
  +--> ?PR?_EZUSB_READI2C_?I2C

?PR?SETUPCOMMAND?FW                              -----    -----      -----    -----      -----    -----
  +--> ?PR?HIGHSPEEDCAPABLE?FW
  +--> ?PR?_EZUSB_GETSTRINGDSCR?GET_STRD
  +--> ?PR?DR_GETINTERFACE?USBAERMINI2_FIRMWARE
  +--> ?PR?DR_GETCONFIGURATION?USBAERMINI2_F...
  +--> ?CO?FW
  +--> ?PR?DR_VENDORCMND?USBAERMINI2_FIRMWARE

?PR?DR_VENDORCMND?USBAERMINI2_FIRMWARE           -----    -----      0021H    000BH      2B3AH    0190H
  +--> ?PR?STOPMONITOR?USBAERMINI2_FIRMWARE
BL51 BANKED LINKER/LOCATER V5.12                                                      09/17/2008  11:38:08  PAGE 10


  +--> ?PR?STARTSEQUENCER?USBAERMINI2_FIRMWARE
  +--> ?PR?STARTMONITOR?USBAERMINI2_FIRMWARE
  +--> ?PR?STOPSEQUENCER?USBAERMINI2_FIRMWARE
  +--> ?PR?_EZUSB_GETSTRINGDSCR?GET_STRD
  +--> ?PR?_EEPROMWRITEBYTE?USBAERMINI2_FIRM...
  +--> ?PR?XSVFINITIALIZE?MICRO
  +--> ?PR?_RESETREADCOUNTER?PORTS
  +--> ?PR?XSVFRUN?MICRO
  +--> ?PR?_EEPROMREAD?USBAERMINI2_FIRMWARE
  +--> ?PR?_EEPROMWRITE?USBAERMINI2_FIRMWARE

?PR?_EEPROMWRITEBYTE?USBAERMINI2_FIRM...         -----    -----      -----    -----      2CCAH    0003H
  +--> ?PR?_EZUSB_WRITEI2C?I2C_RW
  +--> ?PR?_EZUSB_WAITFOREEPROMWRITE?I2C

?PR?XSVFINITIALIZE?MICRO                         -----    -----      -----    -----      -----    -----
  +--> ?PR?_XSVFINFOINIT?MICRO
  +--> ?PR?_XSVFGOTOTAPSTATE?MICRO

?PR?_XSVFGOTOTAPSTATE?MICRO                      -----    -----      005AH    0006H      2CCAH    0002H
  +--> ?PR?_XSVFTMSTRANSITION?MICRO
  +--> ?PR?_SETPORT?PORTS

?PR?_XSVFTMSTRANSITION?MICRO                     -----    -----      -----    -----      -----    -----
  +--> ?PR?_SETPORT?PORTS

?PR?XSVFRUN?MICRO                                -----    -----      -----    -----      -----    -----
  +--> ?PR?_READBYTE?PORTS
  +--> ?PR?_XSVFDOILLEGALCMD?MICRO

?PR?_READBYTE?PORTS                              -----    -----      0045H    0003H      -----    -----

?PR?_EEPROMWRITE?USBAERMINI2_FIRMWARE            -----    -----      002CH    0006H      -----    -----
  +--> ?PR?_EEPROMWRITEBYTE?USBAERMINI2_FIRM...

?C_INITSEG                                       -----    -----      -----    -----      -----    -----
  +--> ?PR?_XSVFDOXCOMPLETE?MICRO
  +--> ?PR?_XSVFDOXTDOMASK?MICRO
  +--> ?PR?_XSVFDOXSIR?MICRO
  +--> ?PR?_XSVFDOXSDR?MICRO
  +--> ?PR?_XSVFDOXRUNTEST?MICRO
  +--> ?PR?_XSVFDOILLEGALCMD?MICRO
  +--> ?PR?_XSVFDOXREPEAT?MICRO
  +--> ?PR?_XSVFDOXSDRSIZE?MICRO
  +--> ?PR?_XSVFDOXSDRTDO?MICRO
  +--> ?PR?_XSVFDOXSDRBCE?MICRO
  +--> ?PR?_XSVFDOXSDRTDOBCE?MICRO
  +--> ?PR?_XSVFDOXSTATE?MICRO
  +--> ?PR?_XSVFDOXENDXR?MICRO
  +--> ?PR?_XSVFDOXSIR2?MICRO
  +--> ?PR?_XSVFDOXCOMMENT?MICRO
  +--> ?PR?_XSVFDOXWAIT?MICRO

?PR?_XSVFDOXTDOMASK?MICRO                        -----    -----      0021H    0003H      -----    -----
  +--> ?PR?_READVAL?LENVAL

?PR?_READVAL?LENVAL                              -----    -----      0040H    0005H      -----    -----
BL51 BANKED LINKER/LOCATER V5.12                                                      09/17/2008  11:38:08  PAGE 11


  +--> ?PR?_READBYTE?PORTS

?PR?_XSVFDOXSIR?MICRO                            -----    -----      0021H    0004H      -----    -----
  +--> ?PR?_READBYTE?PORTS
  +--> ?PR?_XSVFGETASNUMBYTES?MICRO
  +--> ?PR?_READVAL?LENVAL
  +--> ?PR?_XSVFSHIFT?MICRO

?PR?_XSVFGETASNUMBYTES?MICRO                     -----    -----      0026H    0004H      -----    -----

?PR?_XSVFSHIFT?MICRO                             -----    -----      0040H    001AH      2B3EH    0007H
  +--> ?PR?_XSVFGOTOTAPSTATE?MICRO
  +--> ?PR?_WAITTIME?PORTS
  +--> ?PR?_XSVFSHIFTONLY?MICRO
  +--> ?PR?_EQUALLENVAL?LENVAL

?PR?_WAITTIME?PORTS                              -----    -----      -----    -----      -----    -----
  +--> ?PR?PULSECLOCK?PORTS

?PR?PULSECLOCK?PORTS                             -----    -----      -----    -----      -----    -----
  +--> ?PR?_SETPORT?PORTS

?PR?_XSVFSHIFTONLY?MICRO                         -----    -----      005AH    0014H      2B45H    0003H
  +--> ?PR?_SETPORT?PORTS
  +--> ?PR?READTDOBIT?PORTS

?PR?_EQUALLENVAL?LENVAL                          -----    -----      005AH    000DH      -----    -----

?PR?_XSVFDOXSDR?MICRO                            -----    -----      0021H    0003H      -----    -----
  +--> ?PR?_READVAL?LENVAL
  +--> ?PR?_XSVFSHIFT?MICRO

?PR?_XSVFDOXRUNTEST?MICRO                        -----    -----      0021H    0003H      -----    -----
  +--> ?PR?_READVAL?LENVAL
  +--> ?PR?_VALUE?LENVAL

?PR?_VALUE?LENVAL                                -----    -----      0026H    0009H      -----    -----

?PR?_XSVFDOXREPEAT?MICRO                         -----    -----      -----    -----      -----    -----
  +--> ?PR?_READBYTE?PORTS

?PR?_XSVFDOXSDRSIZE?MICRO                        -----    -----      0021H    0005H      -----    -----
  +--> ?PR?_READVAL?LENVAL
  +--> ?PR?_VALUE?LENVAL
  +--> ?PR?_XSVFGETASNUMBYTES?MICRO

?PR?_XSVFDOXSDRTDO?MICRO                         -----    -----      0021H    0003H      -----    -----
  +--> ?PR?_XSVFBASICXSDRTDO?MICRO

?PR?_XSVFBASICXSDRTDO?MICRO                      -----    -----      0025H    001BH      -----    -----
  +--> ?PR?_READVAL?LENVAL
  +--> ?PR?_XSVFSHIFT?MICRO

?PR?_XSVFDOXSDRBCE?MICRO                         -----    -----      0021H    0004H      -----    -----
  +--> ?PR?_XSVFBASICXSDRTDO?MICRO

?PR?_XSVFDOXSDRTDOBCE?MICRO                      -----    -----      0021H    0004H      -----    -----
BL51 BANKED LINKER/LOCATER V5.12                                                      09/17/2008  11:38:08  PAGE 12


  +--> ?PR?_XSVFBASICXSDRTDO?MICRO

?PR?_XSVFDOXSTATE?MICRO                          -----    -----      0021H    0004H      -----    -----
  +--> ?PR?_READBYTE?PORTS
  +--> ?PR?_XSVFGOTOTAPSTATE?MICRO

?PR?_XSVFDOXENDXR?MICRO                          -----    -----      0021H    0006H      -----    -----
  +--> ?PR?_READBYTE?PORTS

?PR?_XSVFDOXSIR2?MICRO                           -----    -----      0021H    0005H      2B3AH    0004H
  +--> ?PR?_READVAL?LENVAL
  +--> ?PR?_VALUE?LENVAL
  +--> ?PR?_XSVFGETASNUMBYTES?MICRO
  +--> ?PR?_XSVFSHIFT?MICRO

?PR?_XSVFDOXWAIT?MICRO                           -----    -----      0021H    0005H      2B3AH    0004H
  +--> ?PR?_READVAL?LENVAL
  +--> ?PR?_VALUE?LENVAL
  +--> ?PR?_XSVFGOTOTAPSTATE?MICRO
  +--> ?PR?_WAITTIME?PORTS



SYMBOL TABLE OF MODULE:  USBAERmini2 (FW)

  VALUE           TYPE          NAME
  ----------------------------------

  -------         MODULE        FW
  C:0000H         SYMBOL        _ICE_DUMMY_
  B:00A8H.7       PUBLIC        EA
  B:0020H.0       PUBLIC        Rwuen
  B:0020H.1       PUBLIC        GotSUD
  C:23E3H         PUBLIC        EPCS_Offset_Lookup_Table
  C:0FFEH         PUBLIC        HighSpeedCapable
  C:1CB2H         PUBLIC        main
  B:00E8H.0       PUBLIC        EUSB
  C:0FFAH         PUBLIC        resume_isr
  D:0008H         PUBLIC        pHighSpeedConfigDscr
  D:000AH         PUBLIC        pDeviceDscr
  C:0B7CH         PUBLIC        SetupCommand
  D:000CH         PUBLIC        pConfigDscr
  D:000EH         PUBLIC        pOtherConfigDscr
  D:0010H         PUBLIC        pFullSpeedConfigDscr
  B:0020H.2       PUBLIC        Selfpwr
  D:0012H         PUBLIC        pDeviceQualDscr
  D:00D8H         PUBLIC        EICON
  D:008EH         PUBLIC        CKCON
  D:0014H         PUBLIC        pStringDscr
  -------         PROC          MAIN
  C:1CB2H         LINE#         91
  C:1CB2H         LINE#         92
  C:1CB2H         LINE#         95
  C:1CB4H         LINE#         96
  C:1CB6H         LINE#         97
  C:1CB8H         LINE#         100
  C:1CBBH         LINE#         101
BL51 BANKED LINKER/LOCATER V5.12                                                      09/17/2008  11:38:08  PAGE 13


  C:1CBDH         LINE#         103
  C:1CC3H         LINE#         104
  C:1CC9H         LINE#         105
  C:1CCFH         LINE#         106
  C:1CD5H         LINE#         107
  C:1CDBH         LINE#         109
  C:1CDDH         LINE#         112
  C:1CE4H         LINE#         115
  C:1CEBH         LINE#         116
  C:1CEDH         LINE#         123
  C:1CF4H         LINE#         124
  C:1CF4H         LINE#         125
  C:1CF9H         LINE#         126
  C:1CF9H         LINE#         132
  C:1D00H         LINE#         134
  C:1D03H         LINE#         140
  C:1D06H         LINE#         143
  C:1D06H         LINE#         144
  C:1D06H         LINE#         146
  C:1D09H         LINE#         149
  C:1D0CH         LINE#         150
  C:1D0CH         LINE#         151
  C:1D0FH         LINE#         152
  C:1D11H         LINE#         153
  C:1D11H         LINE#         178
  -------         ENDPROC       MAIN
  -------         PROC          HIGHSPEEDCAPABLE
  C:0FFEH         LINE#         181
  C:0FFEH         LINE#         182
  C:0FFEH         LINE#         190
  C:0FFFH         LINE#         191
  -------         ENDPROC       HIGHSPEEDCAPABLE
  -------         PROC          SETUPCOMMAND
  -------         DO            
  D:0001H         SYMBOL        dscr_ptr
  -------         ENDDO         
  C:0B7CH         LINE#         194
  C:0B7CH         LINE#         195
  C:0B7CH         LINE#         198
  C:0BA5H         LINE#         199
  C:0BA5H         LINE#         200
  C:0BA5H         LINE#         201
  C:0BA5H         LINE#         202
  C:0BBBH         LINE#         203
  C:0BBBH         LINE#         204
  C:0BBBH         LINE#         205
  C:0BC1H         LINE#         206
  C:0BC3H         LINE#         207
  C:0BC5H         LINE#         208
  C:0BC5H         LINE#         211
  C:0BCAH         LINE#         212
  C:0BCAH         LINE#         213
  C:0BD0H         LINE#         214
  C:0BD2H         LINE#         215
  C:0BD4H         LINE#         221
  C:0BD4H         LINE#         222
  C:0BDAH         LINE#         223
BL51 BANKED LINKER/LOCATER V5.12                                                      09/17/2008  11:38:08  PAGE 14


  C:0BDCH         LINE#         224
  C:0BDEH         LINE#         225
  C:0BDEH         LINE#         226
  C:0BE4H         LINE#         227
  C:0BE6H         LINE#         228
  C:0BE8H         LINE#         229
  C:0BE8H         LINE#         230
  C:0BFBH         LINE#         231
  C:0BFBH         LINE#         232
  C:0C00H         LINE#         233
  C:0C05H         LINE#         234
  C:0C07H         LINE#         236
  C:0C07H         LINE#         237
  C:0C09H         LINE#         238
  C:0C09H         LINE#         239
  C:0C09H         LINE#         240
  C:0C09H         LINE#         241
  C:0C0BH         LINE#         242
  C:0C0BH         LINE#         243
  C:0C0EH         LINE#         244
  C:0C10H         LINE#         245
  C:0C10H         LINE#         247
  C:0C10H         LINE#         248
  C:0C10H         LINE#         250
  C:0C10H         LINE#         251
  C:0C10H         LINE#         252
  C:0C13H         LINE#         253
  C:0C15H         LINE#         254
  C:0C15H         LINE#         255
  C:0C24H         LINE#         256
  C:0C24H         LINE#         257
  C:0C24H         LINE#         258
  C:0C30H         LINE#         259
  C:0C30H         LINE#         260
  C:0C30H         LINE#         261
  C:0C30H         LINE#         262
  C:0C32H         LINE#         263
  C:0C32H         LINE#         264
  C:0C37H         LINE#         265
  C:0C37H         LINE#         266
  C:0C37H         LINE#         267
  C:0C37H         LINE#         268
  C:0C39H         LINE#         269
  C:0C39H         LINE#         270
  C:0C77H         LINE#         271
  C:0C7AH         LINE#         272
  C:0C7EH         LINE#         273
  C:0C84H         LINE#         274
  C:0C86H         LINE#         275
  C:0C86H         LINE#         276
  C:0C86H         LINE#         277
  C:0C86H         LINE#         278
  C:0C88H         LINE#         279
  C:0C88H         LINE#         280
  C:0C96H         LINE#         281
  C:0C96H         LINE#         282
  C:0C96H         LINE#         283
BL51 BANKED LINKER/LOCATER V5.12                                                      09/17/2008  11:38:08  PAGE 15


  C:0C9DH         LINE#         284
  C:0CA1H         LINE#         286
  C:0CA1H         LINE#         287
  C:0CA3H         LINE#         288
  C:0CA3H         LINE#         289
  C:0CA9H         LINE#         290
  C:0CA9H         LINE#         291
  C:0CE4H         LINE#         292
  C:0CFCH         LINE#         293
  C:0CFEH         LINE#         295
  C:0CFEH         LINE#         296
  C:0D00H         LINE#         297
  C:0D00H         LINE#         298
  C:0D00H         LINE#         299
  C:0D00H         LINE#         301
  C:0D0CH         LINE#         302
  C:0D0CH         LINE#         303
  C:0D0CH         LINE#         304
  C:0D13H         LINE#         305
  C:0D17H         LINE#         306
  C:0D1FH         LINE#         312
  C:0D1FH         LINE#         314
  C:0D1FH         LINE#         315
  C:0D21H         LINE#         316
  C:0D21H         LINE#         317
  C:0D58H         LINE#         318
  C:0D5AH         LINE#         319
  C:0D5AH         LINE#         320
  C:0D5DH         LINE#         321
  C:0D5DH         LINE#         322
  C:0D5FH         LINE#         323
  C:0D5FH         LINE#         324
  C:0D64H         LINE#         325
  C:0D6BH         LINE#         326
  C:0D6BH         LINE#         329
  C:0D72H         LINE#         330
  -------         ENDPROC       SETUPCOMMAND
  -------         PROC          RESUME_ISR
  C:0FFAH         LINE#         333
  C:0FFAH         LINE#         335
  C:0FFDH         LINE#         336
  -------         ENDPROC       RESUME_ISR
  -------         ENDMOD        FW

  -------         MODULE        DSCR
  C:1600H         SEGMENT       DSCR
  C:1600H         PUBLIC        DEVICEDSCR
  C:1612H         PUBLIC        DEVICEQUALDSCR
  C:1643H         PUBLIC        FULLSPEEDCONFIGDSCR
  C:161CH         PUBLIC        HIGHSPEEDCONFIGDSCR
  C:166AH         PUBLIC        STRINGDSCR
  C:16ACH         PUBLIC        USERDSCR
  N:0002H         SYMBOL        DSCR_CONFIG
  N:0009H         SYMBOL        DSCR_CONFIG_LEN
  N:0001H         SYMBOL        DSCR_DEVICE
  N:0012H         SYMBOL        DSCR_DEVICE_LEN
  N:0006H         SYMBOL        DSCR_DEVQUAL
BL51 BANKED LINKER/LOCATER V5.12                                                      09/17/2008  11:38:08  PAGE 16


  N:000AH         SYMBOL        DSCR_DEVQUAL_LEN
  N:0005H         SYMBOL        DSCR_ENDPNT
  N:0007H         SYMBOL        DSCR_ENDPNT_LEN
  N:0004H         SYMBOL        DSCR_INTRFC
  N:0009H         SYMBOL        DSCR_INTRFC_LEN
  N:0003H         SYMBOL        DSCR_STRING
  N:0002H         SYMBOL        ET_BULK
  N:0000H         SYMBOL        ET_CONTROL
  N:0003H         SYMBOL        ET_INT
  N:0001H         SYMBOL        ET_ISO
  C:166AH         SYMBOL        FULLSPEEDCONFIGDSCREND
  C:1643H         SYMBOL        HIGHSPEEDCONFIGDSCREND
  C:166AH         SYMBOL        STRINGDSCR0
  C:166EH         SYMBOL        STRINGDSCR0END
  C:166EH         SYMBOL        STRINGDSCR1
  C:1682H         SYMBOL        STRINGDSCR1END
  C:1682H         SYMBOL        STRINGDSCR2
  C:169AH         SYMBOL        STRINGDSCR2END
  C:169AH         SYMBOL        STRINGDSCR3
  C:16ACH         SYMBOL        STRINGDSCR3END
  -------         ENDMOD        DSCR

  -------         MODULE        USBAERMINI2_FIRMWARE
  C:0000H         SYMBOL        _ICE_DUMMY_
  C:240DH         PUBLIC        ISR_Errorlimit
  D:0016H         PUBLIC        missedEvents
  C:17FAH         PUBLIC        ISR_Ep0in
  D:00A8H         PUBLIC        IE
  C:17FCH         PUBLIC        ISR_Ep1in
  C:0F0DH         PUBLIC        TD_Init
  C:17FBH         PUBLIC        ISR_Ep0out
  C:17FDH         PUBLIC        ISR_Ep1out
  C:22BDH         PUBLIC        TD_Poll
  C:15B8H         PUBLIC        downloadSerialNumberFromEEPROM
  C:241EH         PUBLIC        ISR_GpifComplete
  C:004EH         PUBLIC        startMonitor
  C:1FFFH         PUBLIC        ISR_Ep0pingnak
  C:2408H         PUBLIC        ISR_Ep1pingnak
  C:241FH         PUBLIC        ISR_GpifWaveform
  C:240EH         PUBLIC        ISR_Ep2piderror
  C:2409H         PUBLIC        ISR_Ep2pingnak
  C:240FH         PUBLIC        ISR_Ep4piderror
  C:240AH         PUBLIC        ISR_Ep4pingnak
  C:2410H         PUBLIC        ISR_Ep6piderror
  C:240BH         PUBLIC        ISR_Ep6pingnak
  C:1DC9H         PUBLIC        _EEPROMRead
  C:2411H         PUBLIC        ISR_Ep8piderror
  C:240CH         PUBLIC        ISR_Ep8pingnak
  D:0091H         PUBLIC        EXIF
  C:23ADH         PUBLIC        DR_GetInterface
  C:1F85H         PUBLIC        stopMonitor
  B:0020H.3       PUBLIC        synthesizerRunning
  C:20E3H         PUBLIC        _EEPROMWrite
  C:2416H         PUBLIC        ISR_Ep2eflag
  C:241AH         PUBLIC        ISR_Ep2fflag
  C:2417H         PUBLIC        ISR_Ep4eflag
  C:241BH         PUBLIC        ISR_Ep4fflag
BL51 BANKED LINKER/LOCATER V5.12                                                      09/17/2008  11:38:08  PAGE 17


  C:2418H         PUBLIC        ISR_Ep6eflag
  C:21B0H         PUBLIC        ISR_MissedEvent
  C:241CH         PUBLIC        ISR_Ep6fflag
  C:2419H         PUBLIC        ISR_Ep8eflag
  C:241DH         PUBLIC        ISR_Ep8fflag
  B:00A0H.0       PUBLIC        PC0
  B:00A0H.1       PUBLIC        PC1
  C:2412H         PUBLIC        ISR_Ep2pflag
  B:00A0H.2       PUBLIC        PC2
  B:00A0H.3       PUBLIC        PC3
  C:2413H         PUBLIC        ISR_Ep4pflag
  B:00A0H.4       PUBLIC        PC4
  B:00A0H.5       PUBLIC        PC5
  B:0080H.7       PUBLIC        PA7
  C:2414H         PUBLIC        ISR_Ep6pflag
  B:00A0H.6       PUBLIC        PC6
  B:00A0H.7       PUBLIC        PC7
  C:2415H         PUBLIC        ISR_Ep8pflag
  D:001AH         PUBLIC        xsvfReturn
  B:00A8H.2       PUBLIC        EX1
  B:0088H.2       PUBLIC        IT1
  C:1F42H         PUBLIC        _EEPROMWriteByte
  D:00E8H         PUBLIC        EIE
  C:2331H         PUBLIC        ISR_Sudav
  D:00B2H         PUBLIC        OEA
  D:00B4H         PUBLIC        OEC
  D:00B6H         PUBLIC        OEE
  D:0080H         PUBLIC        IOA
  D:0090H         PUBLIC        IOB
  D:00A0H         PUBLIC        IOC
  D:00B0H         PUBLIC        IOD
  D:00B1H         PUBLIC        IOE
  B:0020H.4       PUBLIC        JTAGinit
  D:001BH         PUBLIC        operationMode
  C:0046H         PUBLIC        startSequencer
  C:14FEH         PUBLIC        ISR_Ep0ack
  C:20ACH         PUBLIC        ISR_Highspeed
  C:2349H         PUBLIC        ISR_Sutok
  C:1FFEH         PUBLIC        ISR_Ibn
  C:17FEH         PUBLIC        ISR_Ep2inout
  C:17FFH         PUBLIC        ISR_Ep4inout
  C:0056H         PUBLIC        DR_VendorCmnd
  C:1FFCH         PUBLIC        ISR_Ep6inout
  C:14FFH         PUBLIC        ISR_Stub
  C:1FFDH         PUBLIC        ISR_Ep8inout
  C:2075H         PUBLIC        ISR_Ures
  B:0020H.5       PUBLIC        monitorRunning
  C:235FH         PUBLIC        ISR_Sof
  D:001CH         PUBLIC        cycleCounter
  C:0003H         PUBLIC        DR_GetConfiguration
  C:1EB9H         PUBLIC        stopSequencer
  C:14FDH         PUBLIC        ISR_Susp
  -------         PROC          TD_INIT
  C:0F0DH         LINE#         101
  C:0F0DH         LINE#         102
  C:0F0DH         LINE#         104
  C:0F16H         LINE#         107
BL51 BANKED LINKER/LOCATER V5.12                                                      09/17/2008  11:38:08  PAGE 18


  C:0F1CH         LINE#         110
  C:0F1FH         LINE#         113
  C:0F22H         LINE#         116
  C:0F25H         LINE#         117
  C:0F2AH         LINE#         118
  C:0F2DH         LINE#         119
  C:0F33H         LINE#         120
  C:0F36H         LINE#         121
  C:0F3BH         LINE#         125
  C:0F3DH         LINE#         128
  C:0F40H         LINE#         130
  C:0F43H         LINE#         131
  C:0F46H         LINE#         133
  C:0F49H         LINE#         150
  C:0F4DH         LINE#         151
  C:0F50H         LINE#         152
  C:0F56H         LINE#         153
  C:0F59H         LINE#         154
  C:0F5DH         LINE#         155
  C:0F60H         LINE#         156
  C:0F65H         LINE#         157
  C:0F68H         LINE#         158
  C:0F6EH         LINE#         159
  C:0F71H         LINE#         160
  C:0F76H         LINE#         162
  C:0F79H         LINE#         163
  C:0F7FH         LINE#         165
  C:0F84H         LINE#         166
  C:0F89H         LINE#         169
  C:0F8CH         LINE#         170
  C:0F92H         LINE#         171
  C:0F95H         LINE#         172
  C:0F98H         LINE#         173
  C:0F9BH         LINE#         174
  C:0F9EH         LINE#         175
  C:0FA1H         LINE#         176
  C:0FA3H         LINE#         177
  C:0FA6H         LINE#         178
  C:0FACH         LINE#         179
  C:0FAFH         LINE#         180
  C:0FB0H         LINE#         181
  C:0FB3H         LINE#         182
  C:0FB4H         LINE#         183
  C:0FB7H         LINE#         184
  C:0FB8H         LINE#         187
  C:0FBBH         LINE#         188
  C:0FC1H         LINE#         189
  C:0FC4H         LINE#         190
  C:0FCAH         LINE#         193
  C:0FCDH         LINE#         194
  C:0FD3H         LINE#         200
  C:0FD5H         LINE#         201
  C:0FD7H         LINE#         202
  C:0FDAH         LINE#         204
  C:0FDCH         LINE#         206
  C:0FE4H         LINE#         207
  C:0FEEH         LINE#         208
BL51 BANKED LINKER/LOCATER V5.12                                                      09/17/2008  11:38:08  PAGE 19


  C:0FF0H         LINE#         210
  C:0FF3H         LINE#         212
  C:0FF5H         LINE#         213
  C:0FF7H         LINE#         215
  C:0FF9H         LINE#         216
  -------         ENDPROC       TD_INIT
  -------         PROC          TD_POLL
  C:22BDH         LINE#         218
  C:22BDH         LINE#         219
  C:22BDH         LINE#         220
  C:22CFH         LINE#         222
  C:22D1H         LINE#         223
  C:22DAH         LINE#         224
  C:22DAH         LINE#         225
  -------         ENDPROC       TD_POLL
  -------         PROC          STARTSEQUENCER
  C:0046H         LINE#         227
  C:0046H         LINE#         228
  C:0046H         LINE#         230
  C:0048H         LINE#         231
  C:004AH         LINE#         232
  -------         ENDPROC       STARTSEQUENCER
  -------         PROC          DOWNLOADSERIALNUMBERFROMEEPROM
  -------         DO            
  D:0007H         SYMBOL        i
  D:0021H         SYMBOL        dscrRAM
  X:2B3AH         SYMBOL        buf
  -------         ENDDO         
  C:15B8H         LINE#         234
  C:15B8H         LINE#         235
  C:15B8H         LINE#         242
  C:15C8H         LINE#         245
  C:15D5H         LINE#         248
  C:15D7H         LINE#         249
  C:15D7H         LINE#         250
  C:15FBH         LINE#         251
  C:15FFH         LINE#         252
  -------         ENDPROC       DOWNLOADSERIALNUMBERFROMEEPROM
  -------         PROC          STARTMONITOR
  C:004EH         LINE#         254
  C:004EH         LINE#         255
  C:004EH         LINE#         257
  C:0050H         LINE#         258
  C:0052H         LINE#         259
  -------         ENDPROC       STARTMONITOR
  -------         PROC          STOPMONITOR
  C:1F85H         LINE#         261
  C:1F85H         LINE#         262
  C:1F85H         LINE#         263
  C:1F87H         LINE#         264
  C:1F89H         LINE#         266
  C:1F8AH         LINE#         267
  C:1F8BH         LINE#         268
  C:1F8CH         LINE#         269
  C:1F8DH         LINE#         270
  C:1F8EH         LINE#         274
  C:1F94H         LINE#         275
BL51 BANKED LINKER/LOCATER V5.12                                                      09/17/2008  11:38:08  PAGE 20


  C:1F97H         LINE#         277
  C:1F9DH         LINE#         278
  C:1F9DH         LINE#         279
  C:1FA3H         LINE#         280
  C:1FA6H         LINE#         281
  C:1FA6H         LINE#         284
  C:1FACH         LINE#         285
  C:1FAFH         LINE#         286
  C:1FB2H         LINE#         287
  C:1FB5H         LINE#         288
  C:1FB7H         LINE#         289
  C:1FBAH         LINE#         291
  C:1FC0H         LINE#         292
  C:1FC3H         LINE#         293
  -------         ENDPROC       STOPMONITOR
  -------         PROC          STOPSEQUENCER
  C:1EB9H         LINE#         295
  C:1EB9H         LINE#         296
  C:1EB9H         LINE#         297
  C:1EBBH         LINE#         298
  C:1EBDH         LINE#         300
  C:1EBEH         LINE#         301
  C:1EBFH         LINE#         302
  C:1EC0H         LINE#         303
  C:1EC1H         LINE#         304
  C:1EC2H         LINE#         307
  C:1EC8H         LINE#         309
  C:1ECBH         LINE#         310
  C:1ED1H         LINE#         311
  C:1ED4H         LINE#         312
  C:1ED7H         LINE#         313
  C:1EDAH         LINE#         314
  C:1EDCH         LINE#         317
  C:1EDFH         LINE#         318
  C:1EE5H         LINE#         319
  C:1EE8H         LINE#         320
  C:1EE9H         LINE#         321
  C:1EECH         LINE#         322
  C:1EEDH         LINE#         323
  C:1EF0H         LINE#         324
  C:1EF1H         LINE#         325
  C:1EF4H         LINE#         327
  C:1EFAH         LINE#         328
  C:1EFDH         LINE#         329
  -------         ENDPROC       STOPSEQUENCER
  -------         PROC          _EEPROMWRITEBYTE
  D:0002H         SYMBOL        addr
  D:0004H         SYMBOL        value
  -------         DO            
  D:0005H         SYMBOL        i
  X:2CCAH         SYMBOL        ee_str
  -------         ENDDO         
  C:1F42H         LINE#         331
  C:1F46H         LINE#         332
  C:1F46H         LINE#         333
  C:1F48H         LINE#         335
  C:1F48H         LINE#         336
BL51 BANKED LINKER/LOCATER V5.12                                                      09/17/2008  11:38:08  PAGE 21


  C:1F57H         LINE#         338
  C:1F65H         LINE#         339
  C:1F73H         LINE#         341
  C:1F75H         LINE#         342
  C:1F7EH         LINE#         343
  C:1F80H         LINE#         344
  -------         ENDPROC       _EEPROMWRITEBYTE
  -------         PROC          _EEPROMWRITE
  D:002CH         SYMBOL        addr
  D:002EH         SYMBOL        length
  D:002FH         SYMBOL        buf
  -------         DO            
  D:0031H         SYMBOL        i
  -------         ENDDO         
  C:20E3H         LINE#         347
  C:20EDH         LINE#         348
  C:20EDH         LINE#         350
  C:20F7H         LINE#         351
  C:2117H         LINE#         352
  -------         ENDPROC       _EEPROMWRITE
  -------         PROC          _EEPROMREAD
  D:002CH         SYMBOL        addr
  D:002EH         SYMBOL        length
  D:002FH         SYMBOL        buf
  -------         DO            
  D:0005H         SYMBOL        i
  D:0007H         SYMBOL        j
  X:2CCAH         SYMBOL        ee_str
  -------         ENDDO         
  C:1DC9H         LINE#         354
  C:1DD3H         LINE#         355
  C:1DD3H         LINE#         356
  C:1DD5H         LINE#         357
  C:1DD5H         LINE#         360
  C:1DD5H         LINE#         361
  C:1DE7H         LINE#         363
  C:1DF6H         LINE#         365
  C:1DFFH         LINE#         367
  C:1E07H         LINE#         368
  C:1E17H         LINE#         370
  -------         ENDPROC       _EEPROMREAD
  -------         PROC          DR_GETCONFIGURATION
  C:0003H         LINE#         409
  C:0003H         LINE#         410
  C:0003H         LINE#         411
  C:0008H         LINE#         412
  C:000CH         LINE#         413
  C:0011H         LINE#         414
  C:0012H         LINE#         415
  -------         ENDPROC       DR_GETCONFIGURATION
  -------         PROC          DR_GETINTERFACE
  C:23ADH         LINE#         423
  C:23ADH         LINE#         424
  C:23ADH         LINE#         425
  C:23B2H         LINE#         426
  C:23B6H         LINE#         427
  C:23BBH         LINE#         428
BL51 BANKED LINKER/LOCATER V5.12                                                      09/17/2008  11:38:08  PAGE 22


  C:23BCH         LINE#         429
  -------         ENDPROC       DR_GETINTERFACE
  -------         PROC          DR_VENDORCMND
  -------         DO            
  D:0021H         SYMBOL        addr
  D:0023H         SYMBOL        len
  D:0025H         SYMBOL        bc
  D:0027H         SYMBOL        i
  D:0029H         SYMBOL        dscrRAM
  X:2B3AH         SYMBOL        JTAGdata
  -------         ENDDO         
  C:0056H         LINE#         443
  C:0056H         LINE#         444
  C:0056H         LINE#         451
  C:008EH         LINE#         452
  C:008EH         LINE#         453
  C:008EH         LINE#         455
  C:008EH         LINE#         456
  C:0090H         LINE#         457
  C:0090H         LINE#         458
  C:0090H         LINE#         459
  C:0090H         LINE#         460
  C:0093H         LINE#         461
  C:0095H         LINE#         462
  C:0095H         LINE#         463
  C:0095H         LINE#         464
  C:0095H         LINE#         465
  C:0098H         LINE#         466
  C:009AH         LINE#         467
  C:009AH         LINE#         468
  C:009AH         LINE#         469
  C:009AH         LINE#         470
  C:009AH         LINE#         471
  C:009CH         LINE#         472
  C:009CH         LINE#         473
  C:009CH         LINE#         474
  C:009CH         LINE#         475
  C:009FH         LINE#         476
  C:00A2H         LINE#         477
  C:00A4H         LINE#         478
  C:00A4H         LINE#         479
  C:00A4H         LINE#         480
  C:00A4H         LINE#         481
  C:00A7H         LINE#         482
  C:00AAH         LINE#         483
  C:00ACH         LINE#         484
  C:00ACH         LINE#         485
  C:00ACH         LINE#         486
  C:00ACH         LINE#         487
  C:00B4H         LINE#         488
  C:00B9H         LINE#         489
  C:00BEH         LINE#         490
  C:00C5H         LINE#         492
  C:00CCH         LINE#         494
  C:00DCH         LINE#         496
  C:00E5H         LINE#         497
  C:00E5H         LINE#         498
BL51 BANKED LINKER/LOCATER V5.12                                                      09/17/2008  11:38:08  PAGE 23


  C:00EBH         LINE#         499
  C:00EDH         LINE#         500
  C:00EDH         LINE#         501
  C:00F6H         LINE#         502
  C:00F6H         LINE#         504
  C:0106H         LINE#         505
  C:0106H         LINE#         506
  C:0120H         LINE#         507
  C:0145H         LINE#         508
  C:014FH         LINE#         510
  C:0160H         LINE#         511
  C:0160H         LINE#         512
  C:016FH         LINE#         513
  C:0188H         LINE#         514
  C:0192H         LINE#         516
  C:0197H         LINE#         517
  C:019BH         LINE#         519
  C:019DH         LINE#         520
  C:019DH         LINE#         521
  C:019DH         LINE#         522
  C:019DH         LINE#         523
  C:019FH         LINE#         524
  C:01A1H         LINE#         526
  C:01A3H         LINE#         527
  C:01A3H         LINE#         528
  C:01A3H         LINE#         529
  C:01A3H         LINE#         530
  C:01ADH         LINE#         531
  C:01B0H         LINE#         532
  C:01B0H         LINE#         533
  C:01B2H         LINE#         534
  C:01B5H         LINE#         537
  C:01B8H         LINE#         538
  C:01BAH         LINE#         540
  C:01BAH         LINE#         542
  C:01C3H         LINE#         543
  C:01C9H         LINE#         545
  C:01D4H         LINE#         546
  C:01D4H         LINE#         547
  C:01D7H         LINE#         548
  C:01D7H         LINE#         549
  C:01D7H         LINE#         550
  C:01D9H         LINE#         551
  C:01D9H         LINE#         553
  C:01DEH         LINE#         555
  C:01E7H         LINE#         557
  C:01EDH         LINE#         558
  C:01EDH         LINE#         560
  C:01F2H         LINE#         561
  C:01F6H         LINE#         563
  C:01FDH         LINE#         565
  C:0206H         LINE#         567
  C:0216H         LINE#         568
  C:0243H         LINE#         570
  C:024FH         LINE#         571
  C:025CH         LINE#         572
  C:025EH         LINE#         575
BL51 BANKED LINKER/LOCATER V5.12                                                      09/17/2008  11:38:08  PAGE 24


  C:0264H         LINE#         576
  C:0264H         LINE#         577
  C:0264H         LINE#         578
  C:0264H         LINE#         579
  C:0266H         LINE#         580
  C:0266H         LINE#         581
  C:026BH         LINE#         582
  C:0274H         LINE#         583
  C:0274H         LINE#         584
  C:0277H         LINE#         585
  C:0279H         LINE#         588
  C:0279H         LINE#         590
  C:0279H         LINE#         598
  C:027BH         LINE#         599
  C:027BH         LINE#         601
  C:027BH         LINE#         602
  C:0283H         LINE#         603
  C:0286H         LINE#         604
  C:0286H         LINE#         605
  C:0286H         LINE#         606
  C:0286H         LINE#         608
  C:0288H         LINE#         609
  C:0288H         LINE#         610
  C:0288H         LINE#         611
  C:0288H         LINE#         612
  C:0288H         LINE#         613
  C:028FH         LINE#         614
  C:028FH         LINE#         615
  C:0295H         LINE#         617
  C:0299H         LINE#         619
  C:029EH         LINE#         620
  C:02A3H         LINE#         621
  C:02A3H         LINE#         622
  C:02A5H         LINE#         623
  C:02A5H         LINE#         624
  C:02ABH         LINE#         625
  C:02ADH         LINE#         626
  C:02ADH         LINE#         627
  C:02AFH         LINE#         628
  C:02B1H         LINE#         629
  C:02B8H         LINE#         630
  C:02B8H         LINE#         631
  C:02BAH         LINE#         632
  C:02BCH         LINE#         633
  C:02C3H         LINE#         634
  C:02C3H         LINE#         635
  C:02C5H         LINE#         636
  C:02C7H         LINE#         637
  C:02CEH         LINE#         638
  C:02CEH         LINE#         639
  C:02D0H         LINE#         640
  C:02D2H         LINE#         641
  C:02D2H         LINE#         643
  C:02DAH         LINE#         644
  C:02DFH         LINE#         645
  C:02E4H         LINE#         646
  C:02EBH         LINE#         647
BL51 BANKED LINKER/LOCATER V5.12                                                      09/17/2008  11:38:08  PAGE 25


  C:02EBH         LINE#         648
  C:02EDH         LINE#         649
  C:02EDH         LINE#         650
  C:02EDH         LINE#         651
  C:02EDH         LINE#         652
  C:02F5H         LINE#         653
  C:02FBH         LINE#         654
  C:0300H         LINE#         655
  C:0305H         LINE#         656
  C:0305H         LINE#         658
  C:0307H         LINE#         659
  C:0307H         LINE#         660
  C:0307H         LINE#         661
  C:0307H         LINE#         662
  C:030DH         LINE#         663
  C:030DH         LINE#         664
  C:030FH         LINE#         665
  C:0311H         LINE#         667
  C:0311H         LINE#         668
  C:0313H         LINE#         669
  C:0313H         LINE#         670
  C:0315H         LINE#         671
  C:0315H         LINE#         672
  C:0315H         LINE#         673
  C:0315H         LINE#         674
  C:0317H         LINE#         675
  C:031FH         LINE#         676
  C:0331H         LINE#         677
  C:0343H         LINE#         678
  C:0355H         LINE#         679
  C:035DH         LINE#         680
  C:0362H         LINE#         681
  C:0368H         LINE#         682
  C:036FH         LINE#         684
  C:0378H         LINE#         685
  C:037AH         LINE#         686
  C:037CH         LINE#         687
  C:037CH         LINE#         688
  C:037CH         LINE#         689
  C:037CH         LINE#         690
  C:037CH         LINE#         691
  C:0385H         LINE#         692
  C:038BH         LINE#         693
  C:0394H         LINE#         694
  C:039AH         LINE#         697
  C:03A4H         LINE#         698
  C:03A4H         LINE#         699
  C:03ACH         LINE#         700
  C:03ACH         LINE#         702
  C:03B3H         LINE#         704
  C:03BEH         LINE#         705
  C:03C6H         LINE#         707
  C:03CCH         LINE#         710
  C:03D3H         LINE#         711
  C:03D3H         LINE#         712
  C:03E3H         LINE#         713
  C:0408H         LINE#         714
BL51 BANKED LINKER/LOCATER V5.12                                                      09/17/2008  11:38:08  PAGE 26


  C:0408H         LINE#         716
  C:0408H         LINE#         717
  C:0418H         LINE#         718
  C:0430H         LINE#         719
  C:0441H         LINE#         720
  C:0441H         LINE#         722
  C:0446H         LINE#         723
  C:044CH         LINE#         725
  C:0456H         LINE#         726
  C:0463H         LINE#         728
  C:0465H         LINE#         729
  C:0465H         LINE#         731
  C:046FH         LINE#         732
  C:046FH         LINE#         733
  C:0477H         LINE#         734
  C:0477H         LINE#         736
  C:047CH         LINE#         737
  C:0480H         LINE#         739
  C:0487H         LINE#         741
  C:0490H         LINE#         744
  C:0497H         LINE#         745
  C:0497H         LINE#         746
  C:04A7H         LINE#         747
  C:04CCH         LINE#         748
  C:04CCH         LINE#         750
  C:04DDH         LINE#         752
  C:04E9H         LINE#         753
  C:04F6H         LINE#         754
  C:04F8H         LINE#         755
  C:04F8H         LINE#         756
  C:04FAH         LINE#         757
  C:04FAH         LINE#         758
  C:04FAH         LINE#         759
  C:04FAH         LINE#         760
  C:04FCH         LINE#         761
  C:04FCH         LINE#         762
  C:04FCH         LINE#         764
  C:0504H         LINE#         765
  C:0509H         LINE#         766
  C:050EH         LINE#         767
  C:0515H         LINE#         769
  C:0516H         LINE#         770
  -------         ENDPROC       DR_VENDORCMND
  -------         PROC          ISR_MISSEDEVENT
  C:21B0H         LINE#         772
  C:21BDH         LINE#         773
  C:21D6H         LINE#         774
  -------         ENDPROC       ISR_MISSEDEVENT
  -------         PROC          ISR_SUDAV
  C:2331H         LINE#         782
  C:2337H         LINE#         784
  C:2339H         LINE#         785
  C:233CH         LINE#         786
  C:2342H         LINE#         787
  -------         ENDPROC       ISR_SUDAV
  -------         PROC          ISR_SUTOK
  C:2349H         LINE#         790
BL51 BANKED LINKER/LOCATER V5.12                                                      09/17/2008  11:38:08  PAGE 27


  C:234FH         LINE#         792
  C:2352H         LINE#         793
  C:2358H         LINE#         794
  -------         ENDPROC       ISR_SUTOK
  -------         PROC          ISR_SOF
  C:235FH         LINE#         796
  C:2365H         LINE#         798
  C:2368H         LINE#         799
  C:236EH         LINE#         800
  -------         ENDPROC       ISR_SOF
  -------         PROC          ISR_URES
  C:2075H         LINE#         802
  C:207BH         LINE#         804
  C:2082H         LINE#         805
  C:2082H         LINE#         806
  C:2088H         LINE#         807
  C:208EH         LINE#         810
  C:2090H         LINE#         812
  C:2090H         LINE#         813
  C:2096H         LINE#         814
  C:209CH         LINE#         816
  C:209CH         LINE#         818
  C:209FH         LINE#         819
  C:20A5H         LINE#         820
  -------         ENDPROC       ISR_URES
  -------         PROC          ISR_SUSP
  C:14FDH         LINE#         822
  C:14FDH         LINE#         827
  -------         ENDPROC       ISR_SUSP
  -------         PROC          ISR_HIGHSPEED
  C:20ACH         LINE#         829
  C:20B2H         LINE#         831
  C:20B9H         LINE#         832
  C:20B9H         LINE#         833
  C:20BFH         LINE#         834
  C:20C5H         LINE#         837
  C:20C7H         LINE#         839
  C:20C7H         LINE#         840
  C:20CDH         LINE#         841
  C:20D3H         LINE#         843
  C:20D3H         LINE#         845
  C:20D6H         LINE#         846
  C:20DCH         LINE#         847
  -------         ENDPROC       ISR_HIGHSPEED
  -------         PROC          ISR_EP0ACK
  C:14FEH         LINE#         850
  C:14FEH         LINE#         852
  -------         ENDPROC       ISR_EP0ACK
  -------         PROC          ISR_STUB
  C:14FFH         LINE#         853
  C:14FFH         LINE#         855
  -------         ENDPROC       ISR_STUB
  -------         PROC          ISR_EP0IN
  C:17FAH         LINE#         856
  C:17FAH         LINE#         858
  -------         ENDPROC       ISR_EP0IN
  -------         PROC          ISR_EP0OUT
BL51 BANKED LINKER/LOCATER V5.12                                                      09/17/2008  11:38:08  PAGE 28


  C:17FBH         LINE#         859
  C:17FBH         LINE#         861
  -------         ENDPROC       ISR_EP0OUT
  -------         PROC          ISR_EP1IN
  C:17FCH         LINE#         862
  C:17FCH         LINE#         864
  -------         ENDPROC       ISR_EP1IN
  -------         PROC          ISR_EP1OUT
  C:17FDH         LINE#         865
  C:17FDH         LINE#         867
  -------         ENDPROC       ISR_EP1OUT
  -------         PROC          ISR_EP2INOUT
  C:17FEH         LINE#         868
  C:17FEH         LINE#         870
  -------         ENDPROC       ISR_EP2INOUT
  -------         PROC          ISR_EP4INOUT
  C:17FFH         LINE#         871
  C:17FFH         LINE#         873
  -------         ENDPROC       ISR_EP4INOUT
  -------         PROC          ISR_EP6INOUT
  C:1FFCH         LINE#         874
  C:1FFCH         LINE#         876
  -------         ENDPROC       ISR_EP6INOUT
  -------         PROC          ISR_EP8INOUT
  C:1FFDH         LINE#         877
  C:1FFDH         LINE#         879
  -------         ENDPROC       ISR_EP8INOUT
  -------         PROC          ISR_IBN
  C:1FFEH         LINE#         880
  C:1FFEH         LINE#         882
  -------         ENDPROC       ISR_IBN
  -------         PROC          ISR_EP0PINGNAK
  C:1FFFH         LINE#         883
  C:1FFFH         LINE#         885
  -------         ENDPROC       ISR_EP0PINGNAK
  -------         PROC          ISR_EP1PINGNAK
  C:2408H         LINE#         886
  C:2408H         LINE#         888
  -------         ENDPROC       ISR_EP1PINGNAK
  -------         PROC          ISR_EP2PINGNAK
  C:2409H         LINE#         889
  C:2409H         LINE#         891
  -------         ENDPROC       ISR_EP2PINGNAK
  -------         PROC          ISR_EP4PINGNAK
  C:240AH         LINE#         892
  C:240AH         LINE#         894
  -------         ENDPROC       ISR_EP4PINGNAK
  -------         PROC          ISR_EP6PINGNAK
  C:240BH         LINE#         895
  C:240BH         LINE#         897
  -------         ENDPROC       ISR_EP6PINGNAK
  -------         PROC          ISR_EP8PINGNAK
  C:240CH         LINE#         898
  C:240CH         LINE#         900
  -------         ENDPROC       ISR_EP8PINGNAK
  -------         PROC          ISR_ERRORLIMIT
  C:240DH         LINE#         901
BL51 BANKED LINKER/LOCATER V5.12                                                      09/17/2008  11:38:08  PAGE 29


  C:240DH         LINE#         903
  -------         ENDPROC       ISR_ERRORLIMIT
  -------         PROC          ISR_EP2PIDERROR
  C:240EH         LINE#         904
  C:240EH         LINE#         906
  -------         ENDPROC       ISR_EP2PIDERROR
  -------         PROC          ISR_EP4PIDERROR
  C:240FH         LINE#         907
  C:240FH         LINE#         909
  -------         ENDPROC       ISR_EP4PIDERROR
  -------         PROC          ISR_EP6PIDERROR
  C:2410H         LINE#         910
  C:2410H         LINE#         912
  -------         ENDPROC       ISR_EP6PIDERROR
  -------         PROC          ISR_EP8PIDERROR
  C:2411H         LINE#         913
  C:2411H         LINE#         915
  -------         ENDPROC       ISR_EP8PIDERROR
  -------         PROC          ISR_EP2PFLAG
  C:2412H         LINE#         916
  C:2412H         LINE#         918
  -------         ENDPROC       ISR_EP2PFLAG
  -------         PROC          ISR_EP4PFLAG
  C:2413H         LINE#         919
  C:2413H         LINE#         921
  -------         ENDPROC       ISR_EP4PFLAG
  -------         PROC          ISR_EP6PFLAG
  C:2414H         LINE#         922
  C:2414H         LINE#         924
  -------         ENDPROC       ISR_EP6PFLAG
  -------         PROC          ISR_EP8PFLAG
  C:2415H         LINE#         925
  C:2415H         LINE#         927
  -------         ENDPROC       ISR_EP8PFLAG
  -------         PROC          ISR_EP2EFLAG
  C:2416H         LINE#         928
  C:2416H         LINE#         930
  -------         ENDPROC       ISR_EP2EFLAG
  -------         PROC          ISR_EP4EFLAG
  C:2417H         LINE#         931
  C:2417H         LINE#         933
  -------         ENDPROC       ISR_EP4EFLAG
  -------         PROC          ISR_EP6EFLAG
  C:2418H         LINE#         934
  C:2418H         LINE#         936
  -------         ENDPROC       ISR_EP6EFLAG
  -------         PROC          ISR_EP8EFLAG
  C:2419H         LINE#         937
  C:2419H         LINE#         939
  -------         ENDPROC       ISR_EP8EFLAG
  -------         PROC          ISR_EP2FFLAG
  C:241AH         LINE#         940
  C:241AH         LINE#         942
  -------         ENDPROC       ISR_EP2FFLAG
  -------         PROC          ISR_EP4FFLAG
  C:241BH         LINE#         943
  C:241BH         LINE#         945
BL51 BANKED LINKER/LOCATER V5.12                                                      09/17/2008  11:38:08  PAGE 30


  -------         ENDPROC       ISR_EP4FFLAG
  -------         PROC          ISR_EP6FFLAG
  C:241CH         LINE#         946
  C:241CH         LINE#         948
  -------         ENDPROC       ISR_EP6FFLAG
  -------         PROC          ISR_EP8FFLAG
  C:241DH         LINE#         949
  C:241DH         LINE#         951
  -------         ENDPROC       ISR_EP8FFLAG
  -------         PROC          ISR_GPIFCOMPLETE
  C:241EH         LINE#         952
  C:241EH         LINE#         954
  -------         ENDPROC       ISR_GPIFCOMPLETE
  -------         PROC          ISR_GPIFWAVEFORM
  C:241FH         LINE#         955
  C:241FH         LINE#         957
  -------         ENDPROC       ISR_GPIFWAVEFORM
  -------         ENDMOD        USBAERMINI2_FIRMWARE

  -------         MODULE        DISCON
  C:0000H         SYMBOL        _ICE_DUMMY_
  D:0091H         PUBLIC        EXIF
  C:2212H         PUBLIC        EZUSB_Discon
  -------         PROC          EZUSB_DISCON
  B:0020H.6       SYMBOL        renum
  C:2212H         LINE#         39
  C:2212H         LINE#         40
  C:2212H         LINE#         42
  C:2215H         LINE#         43
  C:221EH         LINE#         45
  C:2225H         LINE#         47
  C:222CH         LINE#         49
  C:2232H         LINE#         50
  C:2236H         LINE#         51
  C:2239H         LINE#         53
  C:2240H         LINE#         54
  -------         ENDPROC       EZUSB_DISCON
  -------         ENDMOD        DISCON

  -------         MODULE        EZREGS
  C:0000H         SYMBOL        _ICE_DUMMY_
  X:E652H         PUBLIC        EP4FIFOIE
[...]
  D:0025H         SYMBOL        pucTapState
  D:0028H         SYMBOL        lShiftLengthBits
  D:002CH         SYMBOL        sShiftLengthBytes
  D:002EH         SYMBOL        plvTdi
  D:0031H         SYMBOL        plvTdoCaptured
  D:0034H         SYMBOL        plvTdoExpected
  D:0037H         SYMBOL        plvTdoMask
  D:003AH         SYMBOL        ucEndState
  D:003BH         SYMBOL        lRunTestTime
  D:003FH         SYMBOL        ucMaxRepeat
  C:1AD9H         LINE#         749
  C:1AE7H         LINE#         759
  C:1AE7H         LINE#         760
  C:1AF4H         LINE#         761
  C:1AFCH         LINE#         762
  C:1AFCH         LINE#         763
  C:1B09H         LINE#         764
  C:1B09H         LINE#         765
  C:1B56H         LINE#         768
  -------         ENDPROC       _XSVFBASICXSDRTDO
  -------         PROC          _XSVFDOILLEGALCMD
  D:0001H         SYMBOL        pXsvfInfo
  C:2375H         LINE#         784
  C:2375H         LINE#         785
  C:2375H         LINE#         786
  C:237FH         LINE#         787
  C:2388H         LINE#         788
  -------         ENDPROC       _XSVFDOILLEGALCMD
  -------         PROC          _XSVFDOXCOMPLETE
BL51 BANKED LINKER/LOCATER V5.12                                                      09/17/2008  11:38:08  PAGE 53


  D:0001H         SYMBOL        pXsvfInfo
  C:23F7H         LINE#         797
  C:23F7H         LINE#         798
  C:23F7H         LINE#         799
  C:23FCH         LINE#         800
  C:23FFH         LINE#         801
  -------         ENDPROC       _XSVFDOXCOMPLETE
  -------         PROC          _XSVFDOXTDOMASK
  D:0021H         SYMBOL        pXsvfInfo
  C:226CH         LINE#         810
  C:2272H         LINE#         811
  C:2272H         LINE#         812
  C:2292H         LINE#         814
  C:2295H         LINE#         815
  -------         ENDPROC       _XSVFDOXTDOMASK
  -------         PROC          _XSVFDOXSIR
  D:0021H         SYMBOL        pXsvfInfo
  -------         DO            
  D:0024H         SYMBOL        ucShiftIrBits
  D:0006H         SYMBOL        sShiftIrBytes
  -------         ENDDO         
  C:1369H         LINE#         826
  C:136FH         LINE#         827
  C:136FH         LINE#         832
  C:1378H         LINE#         833
  C:1381H         LINE#         837
  C:138CH         LINE#         838
  C:138CH         LINE#         839
  C:1399H         LINE#         840
  C:139BH         LINE#         842
  C:139BH         LINE#         844
  C:13B6H         LINE#         847
  C:1431H         LINE#         852
  C:1431H         LINE#         854
  C:1440H         LINE#         855
  -------         ENDPROC       _XSVFDOXSIR
  -------         PROC          _XSVFDOXSIR2
  D:0021H         SYMBOL        pXsvfInfo
  -------         DO            
  X:2B3AH         SYMBOL        lShiftIrBits
  D:0006H         SYMBOL        sShiftIrBytes
  D:0024H         SYMBOL        iErrorCode
  -------         ENDDO         
  C:127FH         LINE#         866
  C:1285H         LINE#         867
  C:1285H         LINE#         873
  C:1293H         LINE#         874
  C:12A7H         LINE#         875
  C:12AAH         LINE#         878
  C:12B5H         LINE#         879
  C:12B5H         LINE#         880
  C:12BBH         LINE#         881
  C:12BDH         LINE#         883
  C:12BDH         LINE#         885
  C:12D2H         LINE#         888
  C:134DH         LINE#         893
  C:134DH         LINE#         895
BL51 BANKED LINKER/LOCATER V5.12                                                      09/17/2008  11:38:08  PAGE 54


  C:1353H         LINE#         896
  C:1353H         LINE#         897
  C:1364H         LINE#         898
  C:1364H         LINE#         899
  C:1368H         LINE#         900
  -------         ENDPROC       _XSVFDOXSIR2
  -------         PROC          _XSVFDOXSDR
  D:0021H         SYMBOL        pXsvfInfo
  -------         DO            
  D:0006H         SYMBOL        iErrorCode
  -------         ENDDO         
  C:1441H         LINE#         912
  C:1447H         LINE#         913
  C:1447H         LINE#         915
  C:1466H         LINE#         917
  C:14E9H         LINE#         923
  C:14EDH         LINE#         924
  C:14EDH         LINE#         925
  C:14FCH         LINE#         926
  C:14FCH         LINE#         927
  C:14FCH         LINE#         928
  -------         ENDPROC       _XSVFDOXSDR
  -------         PROC          _XSVFDOXRUNTEST
  D:0021H         SYMBOL        pXsvfInfo
  C:217EH         LINE#         937
  C:2184H         LINE#         938
  C:2184H         LINE#         939
  C:2192H         LINE#         940
  C:21ACH         LINE#         941
  C:21AFH         LINE#         942
  -------         ENDPROC       _XSVFDOXRUNTEST
  -------         PROC          _XSVFDOXREPEAT
  D:0001H         SYMBOL        pXsvfInfo
  C:23BDH         LINE#         951
  C:23BDH         LINE#         952
  C:23BDH         LINE#         953
  C:23C7H         LINE#         954
  C:23CAH         LINE#         955
  -------         ENDPROC       _XSVFDOXREPEAT
  -------         PROC          _XSVFDOXSDRSIZE
  D:0021H         SYMBOL        pXsvfInfo
  -------         DO            
  D:0024H         SYMBOL        iErrorCode
  -------         ENDDO         
  C:1BD0H         LINE#         964
  C:1BD6H         LINE#         965
  C:1BD6H         LINE#         967
  C:1BDBH         LINE#         968
  C:1BE9H         LINE#         969
  C:1C03H         LINE#         970
  C:1C1BH         LINE#         972
  C:1C2CH         LINE#         973
  C:1C2CH         LINE#         974
  C:1C32H         LINE#         975
  C:1C43H         LINE#         976
  C:1C43H         LINE#         977
  C:1C47H         LINE#         978
BL51 BANKED LINKER/LOCATER V5.12                                                      09/17/2008  11:38:08  PAGE 55


  -------         ENDPROC       _XSVFDOXSDRSIZE
  -------         PROC          _XSVFDOXSDRTDO
  D:0021H         SYMBOL        pXsvfInfo
  -------         DO            
  D:0006H         SYMBOL        iErrorCode
  -------         ENDDO         
  C:16AEH         LINE#         989
  C:16B4H         LINE#         990
  C:16B4H         LINE#         992
  C:1744H         LINE#         1002
  C:1748H         LINE#         1003
  C:1748H         LINE#         1004
  C:1757H         LINE#         1005
  C:1757H         LINE#         1006
  C:1757H         LINE#         1007
  -------         ENDPROC       _XSVFDOXSDRTDO
  -------         PROC          _XSVFDOXSDRBCE
  D:0021H         SYMBOL        pXsvfInfo
  -------         DO            
  D:0024H         SYMBOL        ucEndDR
  -------         ENDDO         
  C:18A9H         LINE#         1021
  C:18AFH         LINE#         1022
  C:18AFH         LINE#         1025
  C:18C5H         LINE#         1027
  C:1938H         LINE#         1035
  C:1941H         LINE#         1036
  -------         ENDPROC       _XSVFDOXSDRBCE
  -------         PROC          _XSVFDOXSDRTDOBCE
  D:0021H         SYMBOL        pXsvfInfo
  -------         DO            
  D:0024H         SYMBOL        ucEndDR
  -------         ENDDO         
  C:1758H         LINE#         1049
  C:175EH         LINE#         1050
  C:175EH         LINE#         1053
  C:1774H         LINE#         1055
  C:17F0H         LINE#         1064
  C:17F9H         LINE#         1065
  -------         ENDPROC       _XSVFDOXSDRTDOBCE
  -------         PROC          _XSVFDOXSTATE
  D:0021H         SYMBOL        pXsvfInfo
  -------         DO            
  D:0024H         SYMBOL        ucNextState
  -------         ENDDO         
  C:203DH         LINE#         1075
  C:2043H         LINE#         1076
  C:2043H         LINE#         1079
  C:204CH         LINE#         1080
  C:206BH         LINE#         1082
  C:2074H         LINE#         1083
  -------         ENDPROC       _XSVFDOXSTATE
  -------         PROC          _XSVFDOXENDXR
  D:0021H         SYMBOL        pXsvfInfo
  -------         DO            
  D:0024H         SYMBOL        iErrorCode
  D:0026H         SYMBOL        ucEndState
BL51 BANKED LINKER/LOCATER V5.12                                                      09/17/2008  11:38:08  PAGE 56


  -------         ENDDO         
  C:1C48H         LINE#         1094
  C:1C4EH         LINE#         1095
  C:1C4EH         LINE#         1099
  C:1C53H         LINE#         1100
  C:1C5BH         LINE#         1101
  C:1C63H         LINE#         1102
  C:1C63H         LINE#         1103
  C:1C69H         LINE#         1104
  C:1C6BH         LINE#         1106
  C:1C6BH         LINE#         1108
  C:1C7AH         LINE#         1109
  C:1C7AH         LINE#         1110
  C:1C81H         LINE#         1111
  C:1C81H         LINE#         1112
  C:1C81H         LINE#         1113
  C:1C83H         LINE#         1115
  C:1C83H         LINE#         1116
  C:1C85H         LINE#         1117
  C:1C85H         LINE#         1120
  C:1C87H         LINE#         1122
  C:1C87H         LINE#         1123
  C:1C8EH         LINE#         1124
  C:1C8EH         LINE#         1125
  C:1C8FH         LINE#         1126
  C:1C91H         LINE#         1128
  C:1C91H         LINE#         1129
  C:1C96H         LINE#         1130
  C:1C96H         LINE#         1133
  C:1C96H         LINE#         1134
  C:1C96H         LINE#         1136
  C:1C9CH         LINE#         1137
  C:1C9CH         LINE#         1138
  C:1CADH         LINE#         1139
  C:1CADH         LINE#         1140
  C:1CB1H         LINE#         1141
  -------         ENDPROC       _XSVFDOXENDXR
  -------         PROC          _XSVFDOXWAIT
  D:0021H         SYMBOL        pXsvfInfo
  -------         DO            
  D:0024H         SYMBOL        ucWaitState
  D:0025H         SYMBOL        ucEndState
  X:2B3AH         SYMBOL        lWaitTime
  -------         ENDDO         
  C:1800H         LINE#         1153
  C:1806H         LINE#         1154
  C:1806H         LINE#         1161
  C:1814H         LINE#         1162
  C:1822H         LINE#         1165
  C:1830H         LINE#         1166
  C:183EH         LINE#         1169
  C:184CH         LINE#         1170
  C:1860H         LINE#         1175
  C:1870H         LINE#         1176
  C:1870H         LINE#         1177
  C:187CH         LINE#         1178
  C:187CH         LINE#         1181
BL51 BANKED LINKER/LOCATER V5.12                                                      09/17/2008  11:38:08  PAGE 57


  C:1889H         LINE#         1184
  C:1899H         LINE#         1185
  C:1899H         LINE#         1186
  C:18A5H         LINE#         1187
  C:18A5H         LINE#         1189
  C:18A8H         LINE#         1190
  -------         ENDPROC       _XSVFDOXWAIT
  -------         PROC          _XSVFDOXCOMMENT
  D:0001H         SYMBOL        pXsvfInfo
  C:2389H         LINE#         1200
  C:2389H         LINE#         1201
  C:2389H         LINE#         1202
  C:2392H         LINE#         1204
  C:239BH         LINE#         1205
  -------         ENDPROC       _XSVFDOXCOMMENT
  -------         PROC          XSVFINITIALIZE
  C:1D6FH         LINE#         1224
  C:1D6FH         LINE#         1225
  C:1D6FH         LINE#         1226
  C:1D78H         LINE#         1228
  C:1D90H         LINE#         1230
  C:1D9AH         LINE#         1231
  C:1D9AH         LINE#         1233
  C:1DB9H         LINE#         1235
  C:1DB9H         LINE#         1237
  C:1DC8H         LINE#         1238
  -------         ENDPROC       XSVFINITIALIZE
  -------         PROC          XSVFRUN
  C:19CEH         LINE#         1250
  C:19CEH         LINE#         1251
  C:19CEH         LINE#         1253
  C:19E3H         LINE#         1254
  C:19E3H         LINE#         1256
  C:19EDH         LINE#         1257
  C:1A14H         LINE#         1259
  C:1A26H         LINE#         1260
  C:1A26H         LINE#         1265
  C:1A44H         LINE#         1266
  C:1A46H         LINE#         1268
  C:1A46H         LINE#         1270
  C:1A49H         LINE#         1271
  C:1A49H         LINE#         1272
  C:1A49H         LINE#         1274
  C:1A58H         LINE#         1275
  -------         ENDPROC       XSVFRUN
  -------         ENDMOD        MICRO

  -------         MODULE        PORTS
  C:0000H         SYMBOL        _ICE_DUMMY_
  C:2296H         PUBLIC        _readByte
  D:0074H         PUBLIC        readIndex
  C:23CBH         PUBLIC        pulseClock
  D:0076H         PUBLIC        shiftData
  C:23EDH         PUBLIC        readTDOBit
  C:0016H         PUBLIC        _waitTime
  C:0036H         PUBLIC        _setPort
  D:00B1H         PUBLIC        IOE
BL51 BANKED LINKER/LOCATER V5.12                                                      09/17/2008  11:38:08  PAGE 58


  C:23D7H         PUBLIC        _resetReadCounter
  -------         PROC          _SETPORT
  D:0007H         SYMBOL        p
  D:0004H         SYMBOL        val
  C:0036H         LINE#         16
  C:0036H         LINE#         17
  C:0036H         LINE#         18
  C:003AH         LINE#         19
  C:003AH         LINE#         20
  C:003EH         LINE#         21
  C:003FH         LINE#         22
  C:003FH         LINE#         23
  C:0042H         LINE#         24
  C:0042H         LINE#         25
  -------         ENDPROC       _SETPORT
  -------         PROC          PULSECLOCK
  C:23CBH         LINE#         29
  C:23CBH         LINE#         30
  C:23CBH         LINE#         31
  C:23D3H         LINE#         32
  -------         ENDPROC       PULSECLOCK
  -------         PROC          _READBYTE
  D:0045H         SYMBOL        ucdata
  C:2296H         LINE#         39
  C:229CH         LINE#         40
  C:229CH         LINE#         41
  -------         ENDPROC       _READBYTE
  -------         PROC          _RESETREADCOUNTER
  D:0001H         SYMBOL        dataArray
  C:23D7H         LINE#         44
  C:23D7H         LINE#         45
  C:23D7H         LINE#         46
  C:23DCH         LINE#         47
  C:23E2H         LINE#         48
  -------         ENDPROC       _RESETREADCOUNTER
  -------         PROC          READTDOBIT
  C:23EDH         LINE#         51
  C:23EDH         LINE#         52
  C:23EDH         LINE#         53
  C:23F6H         LINE#         54
  -------         ENDPROC       READTDOBIT
  -------         PROC          _WAITTIME
  D:0002H         SYMBOL        cnt
  -------         DO            
  D:0082H         SYMBOL        i
  -------         ENDDO         
  C:0016H         LINE#         61
  C:001AH         LINE#         62
  C:001AH         LINE#         65
  C:002CH         LINE#         66
  C:002CH         LINE#         67
  C:002FH         LINE#         68
  C:0032H         LINE#         69
  -------         ENDPROC       _WAITTIME
  -------         ENDMOD        PORTS

  -------         MODULE        ?C?CLDPTR
BL51 BANKED LINKER/LOCATER V5.12                                                      09/17/2008  11:38:08  PAGE 59


  C:0517H         PUBLIC        ?C?CLDPTR
  -------         ENDMOD        ?C?CLDPTR

  -------         MODULE        ?C?CLDOPTR
  C:0530H         PUBLIC        ?C?CLDOPTR
  -------         ENDMOD        ?C?CLDOPTR

  -------         MODULE        ?C?CILDPTR
  C:055DH         PUBLIC        ?C?CILDPTR
  -------         ENDMOD        ?C?CILDPTR

  -------         MODULE        ?C?CSTPTR
  C:057FH         PUBLIC        ?C?CSTPTR
  -------         ENDMOD        ?C?CSTPTR

  -------         MODULE        ?C?CSTOPTR
  C:0591H         PUBLIC        ?C?CSTOPTR
  -------         ENDMOD        ?C?CSTOPTR

  -------         MODULE        ?C?ILDPTR
  C:05B3H         PUBLIC        ?C?ILDPTR
  -------         ENDMOD        ?C?ILDPTR

  -------         MODULE        ?C?ILDOPTR
  C:05DEH         PUBLIC        ?C?ILDOPTR
  -------         ENDMOD        ?C?ILDOPTR

  -------         MODULE        ?C?ISTPTR
  C:0616H         PUBLIC        ?C?ISTPTR
  -------         ENDMOD        ?C?ISTPTR

  -------         MODULE        ?C?ISTOPTR
  C:0635H         PUBLIC        ?C?ISTOPTR
  -------         ENDMOD        ?C?ISTOPTR

  -------         MODULE        ?C?SLDIV
  C:1EFEH         PUBLIC        ?C?SLDIV
  -------         ENDMOD        ?C?SLDIV

  -------         MODULE        ?C?SLCMP
  C:0662H         PUBLIC        ?C?SLCMP
  -------         ENDMOD        ?C?SLCMP

  -------         MODULE        ?C?ULSHR
  C:0678H         PUBLIC        ?C?ULSHR
  -------         ENDMOD        ?C?ULSHR

  -------         MODULE        ?C?SLSHR
  C:068BH         PUBLIC        ?C?SLSHR
  -------         ENDMOD        ?C?SLSHR

  -------         MODULE        ?C?LSHL
  C:069FH         PUBLIC        ?C?LSHL
  -------         ENDMOD        ?C?LSHL

  -------         MODULE        ?C?LLDOPTR
  C:06B2H         PUBLIC        ?C?LLDOPTR
BL51 BANKED LINKER/LOCATER V5.12                                                      09/17/2008  11:38:08  PAGE 60


  -------         ENDMOD        ?C?LLDOPTR

  -------         MODULE        ?C?LSTOPTR
  C:06E2H         PUBLIC        ?C?LSTOPTR
  -------         ENDMOD        ?C?LSTOPTR

  -------         MODULE        ?C?LLDIIDATA
  C:070FH         PUBLIC        ?C?LLDIIDATA
  C:0706H         PUBLIC        ?C?LLDIIDATA1
  C:0708H         PUBLIC        ?C?LLDIIDATA8
  -------         ENDMOD        ?C?LLDIIDATA

  -------         MODULE        ?C?LSTXDATA
  C:0726H         PUBLIC        ?C?LSTXDATA
  -------         ENDMOD        ?C?LSTXDATA

  -------         MODULE        ?C?LSTKOPTR
  C:0732H         PUBLIC        ?C?LSTKOPTR
  -------         ENDMOD        ?C?LSTKOPTR

  -------         MODULE        ?C?CCASE
  C:0756H         PUBLIC        ?C?CCASE
  -------         ENDMOD        ?C?CCASE

  -------         MODULE        ?C?ICALL
  C:077CH         PUBLIC        ?C?ICALL
  C:0780H         PUBLIC        ?C?ICALL2
  -------         ENDMOD        ?C?ICALL

  -------         MODULE        ?C?ULDIV
  C:07BEH         PUBLIC        ?C?ULDIV
  -------         ENDMOD        ?C?ULDIV

  -------         MODULE        ?C?LLDIDATA
  C:0850H         PUBLIC        ?C?LLDIDATA
  -------         ENDMOD        ?C?LLDIDATA

  -------         MODULE        ?C?LLDXDATA
  C:085CH         PUBLIC        ?C?LLDXDATA
  -------         ENDMOD        ?C?LLDXDATA

  -------         MODULE        ?C?LLDPDATA
  C:0868H         PUBLIC        ?C?LLDPDATA
  -------         ENDMOD        ?C?LLDPDATA

  -------         MODULE        ?C?LLDCODE
  C:0874H         PUBLIC        ?C?LLDCODE
  -------         ENDMOD        ?C?LLDCODE

  -------         MODULE        ?C?LSTIDATA
  C:0884H         PUBLIC        ?C?LSTIDATA
  -------         ENDMOD        ?C?LSTIDATA

  -------         MODULE        ?C?LSTPDATA
  C:0890H         PUBLIC        ?C?LSTPDATA
  -------         ENDMOD        ?C?LSTPDATA

BL51 BANKED LINKER/LOCATER V5.12                                                      09/17/2008  11:38:08  PAGE 61


  -------         MODULE        ?C?LSTKIDATA
  C:089CH         PUBLIC        ?C?LSTKIDATA
  -------         ENDMOD        ?C?LSTKIDATA

  -------         MODULE        ?C?LSTKXDATA
  C:08B5H         PUBLIC        ?C?LSTKXDATA
  -------         ENDMOD        ?C?LSTKXDATA

  -------         MODULE        ?C?LSTKPDATA
  C:08E6H         PUBLIC        ?C?LSTKPDATA
  -------         ENDMOD        ?C?LSTKPDATA

Program Size: data=124.7 xdata=5702 code=9248
LINK/LOCATE RUN COMPLETE.  0 WARNING(S),  0 ERROR(S)
