V3 24
FL D:/alex/work/USBAER/mapperProba/usbaer_mapper_multichip_multievent_proba_100Mhz-newformat/Mapper_function.vhd 2006/06/22.21:48:50 J.36
FL D:/alex/work/USBAER/mapperProba/usbaer_mapper_multichip_multievent_proba_100Mhz-newformat/program_ram.vhd 2006/06/22.21:48:54 J.36
FL D:/alex/work/USBAER/mapperProba/usbaer_mapper_multichip_multievent_proba_100Mhz-newformat/usb_aer.vhd 2006/06/22.21:48:54 J.36
FL D:/alex/work/USBAER/mapperProba/usbaer_mapper_prob_delay/FIFO_delay.vhd 2008/09/11.10:35:24 J.36
EN work/FIFO_delay 1222758165 \
      FL D:/alex/work/USBAER/mapperProba/usbaer_mapper_prob_delay/FIFO_delay.vhd \
      PB ieee/std_logic_1164 1177545575 PB ieee/std_logic_arith 1177545576 \
      PB ieee/STD_LOGIC_UNSIGNED 1177545583
AR work/FIFO_delay/A 1222758166 \
      FL D:/alex/work/USBAER/mapperProba/usbaer_mapper_prob_delay/FIFO_delay.vhd \
      EN work/FIFO_delay 1222758165
FL D:/alex/work/USBAER/mapperProba/usbaer_mapper_prob_delay/Mapper_function.vhd 2008/09/15.11:41:06 J.36
EN work/Mapper_function 1222758169 \
      FL D:/alex/work/USBAER/mapperProba/usbaer_mapper_prob_delay/Mapper_function.vhd \
      PB ieee/std_logic_1164 1177545575 PB ieee/std_logic_arith 1177545576 \
      PB ieee/STD_LOGIC_UNSIGNED 1177545583
AR work/Mapper_function/Behavioral 1222758170 \
      FL D:/alex/work/USBAER/mapperProba/usbaer_mapper_prob_delay/Mapper_function.vhd \
      EN work/Mapper_function 1222758169 CP FIFO_delay
FL D:/alex/work/USBAER/mapperProba/usbaer_mapper_prob_delay/program_ram.vhd 2008/09/30.09:02:09 J.36
EN work/program_ram 1222758167 \
      FL D:/alex/work/USBAER/mapperProba/usbaer_mapper_prob_delay/program_ram.vhd \
      PB ieee/std_logic_1164 1177545575 PB ieee/std_logic_arith 1177545576 \
      PB ieee/STD_LOGIC_UNSIGNED 1177545583
AR work/program_ram/Behavioral 1222758168 \
      FL D:/alex/work/USBAER/mapperProba/usbaer_mapper_prob_delay/program_ram.vhd \
      EN work/program_ram 1222758167
FL D:/alex/work/USBAER/mapperProba/usbaer_mapper_prob_delay/usb_aer.vhd 2008/09/10.18:43:40 J.36
EN work/usb_aer 1222758171 \
      FL D:/alex/work/USBAER/mapperProba/usbaer_mapper_prob_delay/usb_aer.vhd \
      PB ieee/std_logic_1164 1177545575 PB ieee/std_logic_arith 1177545576 \
      PB ieee/STD_LOGIC_UNSIGNED 1177545583 LB UNISIM PH unisim/VCOMPONENTS 1177545586
AR work/usb_aer/Behavioral 1222758172 \
      FL D:/alex/work/USBAER/mapperProba/usbaer_mapper_prob_delay/usb_aer.vhd \
      EN work/usb_aer 1222758171 CP IBUFG CP program_ram CP mapper_function
FL E:/usr/alex/work/usbaer_mapper_multichip_multievent_proba_100Mhz-newformat/FIFO_delay.vhd 2008/09/07.22:19:38 J.36
FL E:/usr/alex/work/usbaer_mapper_multichip_multievent_proba_100Mhz-newformat/Mapper_function.vhd 2008/09/07.21:44:02 J.36
FL E:/usr/alex/work/usbaer_mapper_multichip_multievent_proba_100Mhz-newformat/program_ram.vhd 2008/09/07.16:01:28 J.36
FL E:/usr/alex/work/usbaer_mapper_multichip_multievent_proba_100Mhz-newformat/usb_aer.vhd 2008/09/07.16:01:52 J.36
