"C:/PROJ/jAER/trunk/deviceFirmwarePCBLayout/LatticeMachXO/SBret10/sourcecode/wordRegister.vhd=work"
"C:/PROJ/jAER/trunk/deviceFirmwarePCBLayout/LatticeMachXO/SBret10/sourcecode/AERfifo.vhd=work"
"C:/PROJ/jAER/trunk/deviceFirmwarePCBLayout/LatticeMachXO/SBret10/sourcecode/clockgen.vhd=work"
"C:/PROJ/jAER/trunk/deviceFirmwarePCBLayout/LatticeMachXO/SBret10/sourcecode/earlyPaketTimer.vhd=work"
"C:/PROJ/jAER/trunk/deviceFirmwarePCBLayout/LatticeMachXO/SBret10/sourcecode/EventBeforeOverflow.vhd=work"
"C:/PROJ/jAER/trunk/deviceFirmwarePCBLayout/LatticeMachXO/SBret10/sourcecode/eventCounter.vhd=work"
"C:/PROJ/jAER/trunk/deviceFirmwarePCBLayout/LatticeMachXO/SBret10/sourcecode/fifoStatemachine.vhd=work"
"C:/PROJ/jAER/trunk/deviceFirmwarePCBLayout/LatticeMachXO/SBret10/sourcecode/monitorStateMachine.vhd=work"
"C:/PROJ/jAER/trunk/deviceFirmwarePCBLayout/LatticeMachXO/SBret10/sourcecode/synchronizerStateMachine.vhd=work"
"C:/PROJ/jAER/trunk/deviceFirmwarePCBLayout/LatticeMachXO/SBret10/sourcecode/timestampCounter.vhd=work"
"C:/PROJ/jAER/trunk/deviceFirmwarePCBLayout/LatticeMachXO/SBret10/sourcecode/USBAER_top_level.vhd=work"
"C:/PROJ/jAER/trunk/deviceFirmwarePCBLayout/LatticeMachXO/SBret10/sourcecode/AERfifo.vhd=work"
"C:/PROJ/jAER/trunk/deviceFirmwarePCBLayout/LatticeMachXO/SBret10/sourcecode/clockgen.vhd=work"
"C:/PROJ/jAER/trunk/deviceFirmwarePCBLayout/LatticeMachXO/SBret10/sourcecode/ADCvalueReady.vhd=work"
"C:/PROJ/jAER/trunk/deviceFirmwarePCBLayout/LatticeMachXO/SBret10/sourcecode/cDVSResetStateMachine.vhd=work"
"C:/PROJ/jAER/trunk/deviceFirmwarePCBLayout/LatticeMachXO/SBret10/sourcecode/shiftRegister.vhd=work"
"C:/PROJ/jAER/trunk/deviceFirmwarePCBLayout/LatticeMachXO/SBret10/ADCStateMachine_tb.vhd=work"
"C:/PROJ/jAER/trunk/deviceFirmwarePCBLayout/LatticeMachXO/SBret10/sourcecode/ADCStateMachine.vhd=work"
