BL51 BANKED LINKER/LOCATER V5.12                                                        06/03/2008  15:28:42  PAGE 1


BL51 BANKED LINKER/LOCATER V5.12, INVOKED BY:
C:\KEIL\C51\BIN\BL51.EXE fw.obj, dscr.obj, USBAERmini2_firmware.obj, C:\Cypress\USB\Target\Lib\LP\EZUSB.LIB, C:\Cypress\
>> USB\Target\Lib\LP\USBJmpTb.OBJ, ISR_TS_Reset_JumpVector.obj, lenval.obj, micro.obj, ports.obj TO USBAERmini2 RAMSIZE 
>> (256) CODE (0X0000-0X27FF) XDATA (0X2800-0X3FFF, 0XE000-0XE3FF)


MEMORY MODEL: SMALL


INPUT MODULES INCLUDED:
  fw.obj (FW)
  dscr.obj (DSCR)
  USBAERmini2_firmware.obj (USBAERMINI2_FIRMWARE)
  C:\Cypress\USB\Target\Lib\LP\EZUSB.LIB (DISCON)
  C:\Cypress\USB\Target\Lib\LP\EZUSB.LIB (EZREGS)
  C:\Cypress\USB\Target\Lib\LP\EZUSB.LIB (I2C)
  C:\Cypress\USB\Target\Lib\LP\EZUSB.LIB (GET_STRD)
  C:\Cypress\USB\Target\Lib\LP\EZUSB.LIB (I2C_RW)
  C:\Cypress\USB\Target\Lib\LP\EZUSB.LIB (DELAY)
  C:\Cypress\USB\Target\Lib\LP\EZUSB.LIB (DELAY1MS)
  C:\Cypress\USB\Target\Lib\LP\USBJmpTb.OBJ (USBJMPTBL)
  ISR_TS_Reset_JumpVector.obj (ISR_TS_RESET_JUMPVECTOR)
  lenval.obj (LENVAL)
  micro.obj (MICRO)
  ports.obj (PORTS)
  C:\KEIL\C51\LIB\C51S.LIB (?C_STARTUP)
  C:\KEIL\C51\LIB\C51S.LIB (?C?CLDPTR)
  C:\KEIL\C51\LIB\C51S.LIB (?C?CLDOPTR)
  C:\KEIL\C51\LIB\C51S.LIB (?C?CILDPTR)
  C:\KEIL\C51\LIB\C51S.LIB (?C?CSTPTR)
  C:\KEIL\C51\LIB\C51S.LIB (?C?CSTOPTR)
  C:\KEIL\C51\LIB\C51S.LIB (?C?ILDPTR)
  C:\KEIL\C51\LIB\C51S.LIB (?C?ILDOPTR)
  C:\KEIL\C51\LIB\C51S.LIB (?C?ISTPTR)
  C:\KEIL\C51\LIB\C51S.LIB (?C?ISTOPTR)
  C:\KEIL\C51\LIB\C51S.LIB (?C?SLDIV)
  C:\KEIL\C51\LIB\C51S.LIB (?C?SLCMP)
  C:\KEIL\C51\LIB\C51S.LIB (?C?ULSHR)
  C:\KEIL\C51\LIB\C51S.LIB (?C?SLSHR)
  C:\KEIL\C51\LIB\C51S.LIB (?C?LSHL)
  C:\KEIL\C51\LIB\C51S.LIB (?C?LLDOPTR)
  C:\KEIL\C51\LIB\C51S.LIB (?C?LSTOPTR)
  C:\KEIL\C51\LIB\C51S.LIB (?C?LLDIIDATA)
  C:\KEIL\C51\LIB\C51S.LIB (?C?LSTXDATA)
  C:\KEIL\C51\LIB\C51S.LIB (?C?LSTKOPTR)
  C:\KEIL\C51\LIB\C51S.LIB (?C?CCASE)
  C:\KEIL\C51\LIB\C51S.LIB (?C?ICALL)
  C:\KEIL\C51\LIB\C51S.LIB (?C_INIT)
  C:\KEIL\C51\LIB\C51S.LIB (?C?ULDIV)
  C:\KEIL\C51\LIB\C51S.LIB (?C?LLDIDATA)
  C:\KEIL\C51\LIB\C51S.LIB (?C?LLDXDATA)
  C:\KEIL\C51\LIB\C51S.LIB (?C?LLDPDATA)
  C:\KEIL\C51\LIB\C51S.LIB (?C?LLDCODE)
  C:\KEIL\C51\LIB\C51S.LIB (?C?LSTIDATA)
  C:\KEIL\C51\LIB\C51S.LIB (?C?LSTPDATA)
  C:\KEIL\C51\LIB\C51S.LIB (?C?LSTKIDATA)
  C:\KEIL\C51\LIB\C51S.LIB (?C?LSTKXDATA)
  C:\KEIL\C51\LIB\C51S.LIB (?C?LSTKPDATA)
BL51 BANKED LINKER/LOCATER V5.12                                                      06/03/2008  15:28:42  PAGE 2




LINK MAP OF MODULE:  USBAERmini2 (FW)


            TYPE    BASE      LENGTH    RELOCATION   SEGMENT NAME
            -----------------------------------------------------

            * * * * * * *   D A T A   M E M O R Y   * * * * * * *
            REG     0000H     0008H     ABSOLUTE     "REG BANK 0"
            DATA    0008H     000EH     UNIT         ?DT?FW
            DATA    0016H     000AH     UNIT         ?DT?USBAERMINI2_FIRMWARE
            BIT     0020H.0   0000H.3   UNIT         ?BI?FW
            BIT     0020H.3   0000H.3   UNIT         ?BI?USBAERMINI2_FIRMWARE
            BIT     0020H.6   0000H.1   UNIT         _BIT_GROUP_
                    0020H.7   0000H.1                *** GAP ***
            DATA    0021H     004DH     UNIT         _DATA_GROUP_
            DATA    006EH     0006H     UNIT         ?DT?I2C
            DATA    0074H     0005H     UNIT         ?DT?PORTS
            DATA    0079H     0003H     UNIT         ?DT?MICRO
            IDATA   007CH     0001H     UNIT         ?STACK

            * * * * * * *  X D A T A   M E M O R Y  * * * * * * *
                    0000H     2800H                  *** GAP ***
            XDATA   2800H     033AH     UNIT         ?XD?MICRO
            XDATA   2B3AH     0193H     UNIT         _XDATA_GROUP_
                    2CCDH     B733H                  *** GAP ***
            XDATA   E400H     0001H     ABSOLUTE     
                    E401H     007FH                  *** GAP ***
            XDATA   E480H     0001H     ABSOLUTE     
                    E481H     0088H                  *** GAP ***
            XDATA   E509H     0001H     ABSOLUTE     
                    E50AH     00F6H                  *** GAP ***
            XDATA   E600H     0001H     ABSOLUTE     
            XDATA   E601H     0001H     ABSOLUTE     
            XDATA   E602H     0001H     ABSOLUTE     
            XDATA   E603H     0001H     ABSOLUTE     
            XDATA   E604H     0001H     ABSOLUTE     
            XDATA   E605H     0001H     ABSOLUTE     
            XDATA   E606H     0001H     ABSOLUTE     
            XDATA   E607H     0001H     ABSOLUTE     
            XDATA   E608H     0001H     ABSOLUTE     
            XDATA   E609H     0001H     ABSOLUTE     
            XDATA   E60AH     0001H     ABSOLUTE     
            XDATA   E60BH     0001H     ABSOLUTE     
            XDATA   E60CH     0001H     ABSOLUTE     
                    E60DH     0003H                  *** GAP ***
            XDATA   E610H     0001H     ABSOLUTE     
            XDATA   E611H     0001H     ABSOLUTE     
            XDATA   E612H     0001H     ABSOLUTE     
            XDATA   E613H     0001H     ABSOLUTE     
            XDATA   E614H     0001H     ABSOLUTE     
            XDATA   E615H     0001H     ABSOLUTE     
                    E616H     0002H                  *** GAP ***
            XDATA   E618H     0001H     ABSOLUTE     
            XDATA   E619H     0001H     ABSOLUTE     
            XDATA   E61AH     0001H     ABSOLUTE     
BL51 BANKED LINKER/LOCATER V5.12                                                      06/03/2008  15:28:42  PAGE 3


            XDATA   E61BH     0001H     ABSOLUTE     
                    E61CH     0004H                  *** GAP ***
            XDATA   E620H     0001H     ABSOLUTE     
            XDATA   E621H     0001H     ABSOLUTE     
            XDATA   E622H     0001H     ABSOLUTE     
            XDATA   E623H     0001H     ABSOLUTE     
            XDATA   E624H     0001H     ABSOLUTE     
            XDATA   E625H     0001H     ABSOLUTE     
            XDATA   E626H     0001H     ABSOLUTE     
            XDATA   E627H     0001H     ABSOLUTE     
            XDATA   E628H     0001H     ABSOLUTE     
            XDATA   E629H     0001H     ABSOLUTE     
            XDATA   E62AH     0001H     ABSOLUTE     
            XDATA   E62BH     0001H     ABSOLUTE     
            XDATA   E62CH     0001H     ABSOLUTE     
            XDATA   E62DH     0001H     ABSOLUTE     
            XDATA   E62EH     0001H     ABSOLUTE     
            XDATA   E62FH     0001H     ABSOLUTE     
            XDATA   E630H     0001H     ABSOLUTE     
            XDATA   E631H     0001H     ABSOLUTE     
            XDATA   E632H     0001H     ABSOLUTE     
            XDATA   E633H     0001H     ABSOLUTE     
            XDATA   E634H     0001H     ABSOLUTE     
            XDATA   E635H     0001H     ABSOLUTE     
            XDATA   E636H     0001H     ABSOLUTE     
            XDATA   E637H     0001H     ABSOLUTE     
                    E638H     0008H                  *** GAP ***
            XDATA   E640H     0001H     ABSOLUTE     
            XDATA   E641H     0001H     ABSOLUTE     
            XDATA   E642H     0001H     ABSOLUTE     
            XDATA   E643H     0001H     ABSOLUTE     
                    E644H     0004H                  *** GAP ***
            XDATA   E648H     0001H     ABSOLUTE     
            XDATA   E649H     0001H     ABSOLUTE     
                    E64AH     0006H                  *** GAP ***
            XDATA   E650H     0001H     ABSOLUTE     
            XDATA   E651H     0001H     ABSOLUTE     
            XDATA   E652H     0001H     ABSOLUTE     
            XDATA   E653H     0001H     ABSOLUTE     
            XDATA   E654H     0001H     ABSOLUTE     
            XDATA   E655H     0001H     ABSOLUTE     
            XDATA   E656H     0001H     ABSOLUTE     
            XDATA   E657H     0001H     ABSOLUTE     
            XDATA   E658H     0001H     ABSOLUTE     
            XDATA   E659H     0001H     ABSOLUTE     
            XDATA   E65AH     0001H     ABSOLUTE     
            XDATA   E65BH     0001H     ABSOLUTE     
            XDATA   E65CH     0001H     ABSOLUTE     
            XDATA   E65DH     0001H     ABSOLUTE     
            XDATA   E65EH     0001H     ABSOLUTE     
            XDATA   E65FH     0001H     ABSOLUTE     
            XDATA   E660H     0001H     ABSOLUTE     
            XDATA   E661H     0001H     ABSOLUTE     
            XDATA   E662H     0001H     ABSOLUTE     
            XDATA   E663H     0001H     ABSOLUTE     
            XDATA   E664H     0001H     ABSOLUTE     
            XDATA   E665H     0001H     ABSOLUTE     
BL51 BANKED LINKER/LOCATER V5.12                                                      06/03/2008  15:28:42  PAGE 4


            XDATA   E666H     0001H     ABSOLUTE     
            XDATA   E667H     0001H     ABSOLUTE     
            XDATA   E668H     0001H     ABSOLUTE     
                    E669H     0007H                  *** GAP ***
            XDATA   E670H     0001H     ABSOLUTE     
            XDATA   E671H     0001H     ABSOLUTE     
            XDATA   E672H     0001H     ABSOLUTE     
                    E673H     0005H                  *** GAP ***
            XDATA   E678H     0001H     ABSOLUTE     
            XDATA   E679H     0001H     ABSOLUTE     
            XDATA   E67AH     0001H     ABSOLUTE     
            XDATA   E67BH     0001H     ABSOLUTE     
            XDATA   E67CH     0001H     ABSOLUTE     
            XDATA   E67DH     0001H     ABSOLUTE     
            XDATA   E67EH     0001H     ABSOLUTE     
            XDATA   E67FH     0001H     ABSOLUTE     
            XDATA   E680H     0001H     ABSOLUTE     
            XDATA   E681H     0001H     ABSOLUTE     
            XDATA   E682H     0001H     ABSOLUTE     
            XDATA   E683H     0001H     ABSOLUTE     
            XDATA   E684H     0001H     ABSOLUTE     
            XDATA   E685H     0001H     ABSOLUTE     
            XDATA   E686H     0001H     ABSOLUTE     
            XDATA   E687H     0001H     ABSOLUTE     
                    E688H     0002H                  *** GAP ***
            XDATA   E68AH     0001H     ABSOLUTE     
            XDATA   E68BH     0001H     ABSOLUTE     
                    E68CH     0001H                  *** GAP ***
            XDATA   E68DH     0001H     ABSOLUTE     
                    E68EH     0001H                  *** GAP ***
            XDATA   E68FH     0001H     ABSOLUTE     
            XDATA   E690H     0001H     ABSOLUTE     
            XDATA   E691H     0001H     ABSOLUTE     
                    E692H     0002H                  *** GAP ***
            XDATA   E694H     0001H     ABSOLUTE     
            XDATA   E695H     0001H     ABSOLUTE     
                    E696H     0002H                  *** GAP ***
            XDATA   E698H     0001H     ABSOLUTE     
            XDATA   E699H     0001H     ABSOLUTE     
                    E69AH     0002H                  *** GAP ***
            XDATA   E69CH     0001H     ABSOLUTE     
            XDATA   E69DH     0001H     ABSOLUTE     
                    E69EH     0002H                  *** GAP ***
            XDATA   E6A0H     0001H     ABSOLUTE     
            XDATA   E6A1H     0001H     ABSOLUTE     
            XDATA   E6A2H     0001H     ABSOLUTE     
            XDATA   E6A3H     0001H     ABSOLUTE     
            XDATA   E6A4H     0001H     ABSOLUTE     
            XDATA   E6A5H     0001H     ABSOLUTE     
            XDATA   E6A6H     0001H     ABSOLUTE     
            XDATA   E6A7H     0001H     ABSOLUTE     
            XDATA   E6A8H     0001H     ABSOLUTE     
            XDATA   E6A9H     0001H     ABSOLUTE     
            XDATA   E6AAH     0001H     ABSOLUTE     
            XDATA   E6ABH     0001H     ABSOLUTE     
            XDATA   E6ACH     0001H     ABSOLUTE     
            XDATA   E6ADH     0001H     ABSOLUTE     
BL51 BANKED LINKER/LOCATER V5.12                                                      06/03/2008  15:28:42  PAGE 5


            XDATA   E6AEH     0001H     ABSOLUTE     
            XDATA   E6AFH     0001H     ABSOLUTE     
            XDATA   E6B0H     0001H     ABSOLUTE     
            XDATA   E6B1H     0001H     ABSOLUTE     
            XDATA   E6B2H     0001H     ABSOLUTE     
            XDATA   E6B3H     0001H     ABSOLUTE     
            XDATA   E6B4H     0001H     ABSOLUTE     
            XDATA   E6B5H     0001H     ABSOLUTE     
                    E6B6H     0002H                  *** GAP ***
            XDATA   E6B8H     0008H     ABSOLUTE     
            XDATA   E6C0H     0001H     ABSOLUTE     
            XDATA   E6C1H     0001H     ABSOLUTE     
            XDATA   E6C2H     0001H     ABSOLUTE     
            XDATA   E6C3H     0001H     ABSOLUTE     
            XDATA   E6C4H     0001H     ABSOLUTE     
            XDATA   E6C5H     0001H     ABSOLUTE     
            XDATA   E6C6H     0001H     ABSOLUTE     
            XDATA   E6C7H     0001H     ABSOLUTE     
            XDATA   E6C8H     0001H     ABSOLUTE     
            XDATA   E6C9H     0001H     ABSOLUTE     
            XDATA   E6CAH     0001H     ABSOLUTE     
            XDATA   E6CBH     0001H     ABSOLUTE     
            XDATA   E6CCH     0001H     ABSOLUTE     
            XDATA   E6CDH     0001H     ABSOLUTE     
            XDATA   E6CEH     0001H     ABSOLUTE     
            XDATA   E6CFH     0001H     ABSOLUTE     
            XDATA   E6D0H     0001H     ABSOLUTE     
            XDATA   E6D1H     0001H     ABSOLUTE     
            XDATA   E6D2H     0001H     ABSOLUTE     
            XDATA   E6D3H     0001H     ABSOLUTE     
            XDATA   E6D4H     0001H     ABSOLUTE     
                    E6D5H     0005H                  *** GAP ***
            XDATA   E6DAH     0001H     ABSOLUTE     
            XDATA   E6DBH     0001H     ABSOLUTE     
            XDATA   E6DCH     0001H     ABSOLUTE     
                    E6DDH     0005H                  *** GAP ***
            XDATA   E6E2H     0001H     ABSOLUTE     
            XDATA   E6E3H     0001H     ABSOLUTE     
            XDATA   E6E4H     0001H     ABSOLUTE     
                    E6E5H     0005H                  *** GAP ***
            XDATA   E6EAH     0001H     ABSOLUTE     
            XDATA   E6EBH     0001H     ABSOLUTE     
            XDATA   E6ECH     0001H     ABSOLUTE     
                    E6EDH     0003H                  *** GAP ***
            XDATA   E6F0H     0001H     ABSOLUTE     
            XDATA   E6F1H     0001H     ABSOLUTE     
            XDATA   E6F2H     0001H     ABSOLUTE     
            XDATA   E6F3H     0001H     ABSOLUTE     
            XDATA   E6F4H     0001H     ABSOLUTE     
            XDATA   E6F5H     0001H     ABSOLUTE     
                    E6F6H     0002H                  *** GAP ***
            XDATA   E6F8H     0001H     ABSOLUTE     
            XDATA   E6F9H     0001H     ABSOLUTE     
            XDATA   E6FAH     0001H     ABSOLUTE     
            XDATA   E6FBH     0001H     ABSOLUTE     
            XDATA   E6FCH     0001H     ABSOLUTE     
            XDATA   E6FDH     0001H     ABSOLUTE     
BL51 BANKED LINKER/LOCATER V5.12                                                      06/03/2008  15:28:42  PAGE 6


            XDATA   E6FEH     0001H     ABSOLUTE     
                    E6FFH     0041H                  *** GAP ***
            XDATA   E740H     0040H     ABSOLUTE     
            XDATA   E780H     0040H     ABSOLUTE     
            XDATA   E7C0H     0040H     ABSOLUTE     
                    E800H     0800H                  *** GAP ***
            XDATA   F000H     0400H     ABSOLUTE     
            XDATA   F400H     0400H     ABSOLUTE     
            XDATA   F800H     0400H     ABSOLUTE     
            XDATA   FC00H     0400H     ABSOLUTE     

            * * * * * * *   C O D E   M E M O R Y   * * * * * * *
            CODE    0000H     0003H     ABSOLUTE     
            CODE    0003H     0010H     INBLOCK      ?PR?DR_GETCONFIGURATION?USBAERMINI2_FIRMWARE
            CODE    0013H     0003H     ABSOLUTE     
            CODE    0016H     001DH     INBLOCK      ?PR?_WAITTIME?PORTS
            CODE    0033H     0003H     ABSOLUTE     
            CODE    0036H     000DH     INBLOCK      ?PR?_SETPORT?PORTS
            CODE    0043H     0003H     ABSOLUTE     
            CODE    0046H     0004H     INBLOCK      ?PR?RESUME_ISR?FW
            CODE    004AH     0001H     INBLOCK      ?PR?ISR_SUSP?USBAERMINI2_FIRMWARE
            CODE    004BH     0003H     ABSOLUTE     
            CODE    004EH     0002H     INBLOCK      ?PR?HIGHSPEEDCAPABLE?FW
            CODE    0050H     0001H     INBLOCK      ?PR?ISR_EP0ACK?USBAERMINI2_FIRMWARE
            CODE    0051H     0001H     INBLOCK      ?PR?ISR_STUB?USBAERMINI2_FIRMWARE
            CODE    0052H     0001H     INBLOCK      ?PR?ISR_EP0IN?USBAERMINI2_FIRMWARE
            CODE    0053H     0003H     ABSOLUTE     
            CODE    0056H     04A7H     INBLOCK      ?PR?DR_VENDORCMND?USBAERMINI2_FIRMWARE
            CODE    04FDH     03E8H     UNIT         ?C?LIB_CODE
            CODE    08E5H     027DH     INBLOCK      ?PR?_XSVFGOTOTAPSTATE?MICRO
            CODE    0B62H     01F7H     INBLOCK      ?PR?SETUPCOMMAND?FW
            CODE    0D59H     019AH     INBLOCK      ?PR?_XSVFSHIFT?MICRO
            CODE    0EF3H     0108H     UNIT         ?PR?I2C_ISR?I2C
            CODE    0FFBH     0001H     INBLOCK      ?PR?ISR_EP0OUT?USBAERMINI2_FIRMWARE
            CODE    0FFCH     0001H     INBLOCK      ?PR?ISR_EP1IN?USBAERMINI2_FIRMWARE
            CODE    0FFDH     0001H     INBLOCK      ?PR?ISR_EP1OUT?USBAERMINI2_FIRMWARE
            CODE    0FFEH     0001H     INBLOCK      ?PR?ISR_EP2INOUT?USBAERMINI2_FIRMWARE
            CODE    0FFFH     0001H     INBLOCK      ?PR?ISR_EP4INOUT?USBAERMINI2_FIRMWARE
            CODE    1000H     0177H     INBLOCK      ?PR?_XSVFSHIFTONLY?MICRO
            CODE    1177H     00EAH     INBLOCK      ?PR?_XSVFDOXSIR2?MICRO
            CODE    1261H     00E6H     INBLOCK      ?PR?TD_INIT?USBAERMINI2_FIRMWARE
            CODE    1347H     00D8H     INBLOCK      ?PR?_XSVFDOXSIR?MICRO
            CODE    141FH     00BCH     INBLOCK      ?PR?_XSVFDOXSDR?MICRO
            CODE    14DBH     001EH     INBLOCK      ?PR?TD_POLL?USBAERMINI2_FIRMWARE
            CODE    14F9H     0007H     INBLOCK      ?PR?STARTSEQUENCER?USBAERMINI2_FIRMWARE
            CODE    1500H     00B8H     PAGE         ?PR?USB_JUMP_TABLE?USBJT
            CODE    15B8H     0048H     INBLOCK      ?PR?DOWNLOADSERIALNUMBERFROMEEPROM?USBAERMINI2_FIRMWARE
            CODE    1600H     00AEH     PAGE         DSCR
            CODE    16AEH     00AAH     INBLOCK      ?PR?_XSVFDOXSDRTDO?MICRO
            CODE    1758H     00A2H     INBLOCK      ?PR?_XSVFDOXSDRTDOBCE?MICRO
            CODE    17FAH     0001H     INBLOCK      ?PR?ISR_EP6INOUT?USBAERMINI2_FIRMWARE
            CODE    17FBH     0001H     INBLOCK      ?PR?ISR_EP8INOUT?USBAERMINI2_FIRMWARE
            CODE    17FCH     0001H     INBLOCK      ?PR?ISR_IBN?USBAERMINI2_FIRMWARE
            CODE    17FDH     0001H     INBLOCK      ?PR?ISR_EP0PINGNAK?USBAERMINI2_FIRMWARE
            CODE    17FEH     0001H     INBLOCK      ?PR?ISR_EP1PINGNAK?USBAERMINI2_FIRMWARE
            CODE    17FFH     0001H     INBLOCK      ?PR?ISR_EP2PINGNAK?USBAERMINI2_FIRMWARE
            CODE    1800H     00A9H     INBLOCK      ?PR?_XSVFDOXWAIT?MICRO
BL51 BANKED LINKER/LOCATER V5.12                                                      06/03/2008  15:28:42  PAGE 7


            CODE    18A9H     0099H     INBLOCK      ?PR?_XSVFDOXSDRBCE?MICRO
            CODE    1942H     008CH     UNIT         ?C_C51STARTUP
            CODE    19CEH     008BH     INBLOCK      ?PR?XSVFRUN?MICRO
            CODE    1A59H     0080H     INBLOCK      ?PR?_EQUALLENVAL?LENVAL
            CODE    1AD9H     007EH     INBLOCK      ?PR?_XSVFBASICXSDRTDO?MICRO
            CODE    1B57H     0079H     INBLOCK      ?PR?_VALUE?LENVAL
            CODE    1BD0H     0078H     INBLOCK      ?PR?_XSVFDOXSDRSIZE?MICRO
            CODE    1C48H     006AH     INBLOCK      ?PR?_XSVFDOXENDXR?MICRO
            CODE    1CB2H     0061H     INBLOCK      ?PR?MAIN?FW
            CODE    1D13H     005CH     INBLOCK      ?PR?_XSVFINFOINIT?MICRO
            CODE    1D6FH     005AH     INBLOCK      ?PR?XSVFINITIALIZE?MICRO
            CODE    1DC9H     0059H     INBLOCK      ?PR?_EEPROMREAD?USBAERMINI2_FIRMWARE
            CODE    1E22H     0051H     UNIT         ?C_INITSEG
            CODE    1E73H     004AH     INBLOCK      ?PR?STOPSEQUENCER?USBAERMINI2_FIRMWARE
            CODE    1EBDH     0046H     UNIT         ?PR?_EZUSB_DELAY?DELAY
            CODE    1F03H     0044H     INBLOCK      ?PR?STOPMONITOR?USBAERMINI2_FIRMWARE
            CODE    1F47H     0044H     UNIT         ?C?LDIV
            CODE    1F8BH     0043H     INBLOCK      ?PR?_EEPROMWRITEBYTE?USBAERMINI2_FIRMWARE
            CODE    1FCEH     0032H     UNIT         ?PR?_EZUSB_WRITEI2C_?I2C
            CODE    2000H     003DH     INBLOCK      ?PR?_READVAL?LENVAL
            CODE    203DH     0038H     UNIT         ?PR?_EZUSB_WAITFOREEPROMWRITE?I2C
            CODE    2075H     0038H     INBLOCK      ?PR?_XSVFDOXSTATE?MICRO
            CODE    20ADH     0037H     INBLOCK      ?PR?ISR_URES?USBAERMINI2_FIRMWARE
            CODE    20E4H     0037H     INBLOCK      ?PR?ISR_HIGHSPEED?USBAERMINI2_FIRMWARE
            CODE    211BH     0035H     INBLOCK      ?PR?_EEPROMWRITE?USBAERMINI2_FIRMWARE
            CODE    2150H     0034H     UNIT         ?PR?_EZUSB_READI2C_?I2C
            CODE    2184H     0032H     INBLOCK      ?PR?_XSVFDOXRUNTEST?MICRO
            CODE    21B6H     0031H     INBLOCK      ?PR?ISR_MISSEDEVENT?USBAERMINI2_FIRMWARE
            CODE    21E7H     0031H     INBLOCK      ?PR?_XSVFGETASNUMBYTES?MICRO
            CODE    2218H     002FH     UNIT         ?PR?EZUSB_DISCON?DISCON
            CODE    2247H     002BH     UNIT         ?PR?_EZUSB_GETSTRINGDSCR?GET_STRD
            CODE    2272H     002AH     INBLOCK      ?PR?_XSVFDOXTDOMASK?MICRO
            CODE    229CH     0027H     INBLOCK      ?PR?_READBYTE?PORTS
            CODE    22C3H     001EH     INBLOCK      ?PR?_XSVFTMSTRANSITION?MICRO
            CODE    22E1H     001CH     UNIT         ?PR?_EZUSB_READI2C?I2C_RW
            CODE    22FDH     001CH     UNIT         ?PR?_EZUSB_WRITEI2C?I2C_RW
            CODE    2319H     0018H     INBLOCK      ?PR?ISR_SUDAV?USBAERMINI2_FIRMWARE
            CODE    2331H     0016H     INBLOCK      ?PR?ISR_SUTOK?USBAERMINI2_FIRMWARE
            CODE    2347H     0016H     INBLOCK      ?PR?ISR_SOF?USBAERMINI2_FIRMWARE
            CODE    235DH     0014H     INBLOCK      ?PR?_XSVFDOILLEGALCMD?MICRO
            CODE    2371H     0013H     INBLOCK      ?PR?_XSVFDOXCOMMENT?MICRO
            CODE    2384H     0011H     UNIT         EZUSB
            CODE    2395H     0010H     INBLOCK      ?PR?DR_GETINTERFACE?USBAERMINI2_FIRMWARE
            CODE    23A5H     000EH     INBLOCK      ?PR?_XSVFDOXREPEAT?MICRO
            CODE    23B3H     000CH     INBLOCK      ?PR?PULSECLOCK?PORTS
            CODE    23BFH     000CH     INBLOCK      ?PR?_RESETREADCOUNTER?PORTS
            CODE    23CBH     000AH     UNIT         ?CO?FW
            CODE    23D5H     000AH     INBLOCK      ?PR?READTDOBIT?PORTS
            CODE    23DFH     0009H     INBLOCK      ?PR?_XSVFDOXCOMPLETE?MICRO
            CODE    23E8H     0008H     UNIT         ?PR?EZUSB_INITI2C?I2C
            CODE    23F0H     0007H     INBLOCK      ?PR?STARTMONITOR?USBAERMINI2_FIRMWARE
            CODE    23F7H     0001H     INBLOCK      ?PR?ISR_EP4PINGNAK?USBAERMINI2_FIRMWARE
            CODE    23F8H     0001H     INBLOCK      ?PR?ISR_EP6PINGNAK?USBAERMINI2_FIRMWARE
            CODE    23F9H     0001H     INBLOCK      ?PR?ISR_EP8PINGNAK?USBAERMINI2_FIRMWARE
            CODE    23FAH     0001H     INBLOCK      ?PR?ISR_ERRORLIMIT?USBAERMINI2_FIRMWARE
            CODE    23FBH     0001H     INBLOCK      ?PR?ISR_EP2PIDERROR?USBAERMINI2_FIRMWARE
            CODE    23FCH     0001H     INBLOCK      ?PR?ISR_EP4PIDERROR?USBAERMINI2_FIRMWARE
BL51 BANKED LINKER/LOCATER V5.12                                                      06/03/2008  15:28:42  PAGE 8


            CODE    23FDH     0001H     INBLOCK      ?PR?ISR_EP6PIDERROR?USBAERMINI2_FIRMWARE
            CODE    23FEH     0001H     INBLOCK      ?PR?ISR_EP8PIDERROR?USBAERMINI2_FIRMWARE
            CODE    23FFH     0001H     INBLOCK      ?PR?ISR_EP2PFLAG?USBAERMINI2_FIRMWARE
            CODE    2400H     0001H     INBLOCK      ?PR?ISR_EP4PFLAG?USBAERMINI2_FIRMWARE
            CODE    2401H     0001H     INBLOCK      ?PR?ISR_EP6PFLAG?USBAERMINI2_FIRMWARE
            CODE    2402H     0001H     INBLOCK      ?PR?ISR_EP8PFLAG?USBAERMINI2_FIRMWARE
            CODE    2403H     0001H     INBLOCK      ?PR?ISR_EP2EFLAG?USBAERMINI2_FIRMWARE
            CODE    2404H     0001H     INBLOCK      ?PR?ISR_EP4EFLAG?USBAERMINI2_FIRMWARE
            CODE    2405H     0001H     INBLOCK      ?PR?ISR_EP6EFLAG?USBAERMINI2_FIRMWARE
            CODE    2406H     0001H     INBLOCK      ?PR?ISR_EP8EFLAG?USBAERMINI2_FIRMWARE
            CODE    2407H     0001H     INBLOCK      ?PR?ISR_EP2FFLAG?USBAERMINI2_FIRMWARE
            CODE    2408H     0001H     INBLOCK      ?PR?ISR_EP4FFLAG?USBAERMINI2_FIRMWARE
            CODE    2409H     0001H     INBLOCK      ?PR?ISR_EP6FFLAG?USBAERMINI2_FIRMWARE
            CODE    240AH     0001H     INBLOCK      ?PR?ISR_EP8FFLAG?USBAERMINI2_FIRMWARE
            CODE    240BH     0001H     INBLOCK      ?PR?ISR_GPIFCOMPLETE?USBAERMINI2_FIRMWARE
            CODE    240CH     0001H     INBLOCK      ?PR?ISR_GPIFWAVEFORM?USBAERMINI2_FIRMWARE



OVERLAY MAP OF MODULE:   USBAERmini2 (FW)


SEGMENT                                             BIT_GROUP          DATA_GROUP          XDATA_GROUP
  +--> CALLED SEGMENT                            START    LENGTH     START    LENGTH     START    LENGTH
--------------------------------------------------------------------------------------------------------
?PR?USB_JUMP_TABLE?USBJT                         -----    -----      -----    -----      -----    -----
  +--> ?PR?ISR_SUDAV?USBAERMINI2_FIRMWARE
  +--> ?PR?ISR_SOF?USBAERMINI2_FIRMWARE
  +--> ?PR?ISR_SUTOK?USBAERMINI2_FIRMWARE
  +--> ?PR?ISR_SUSP?USBAERMINI2_FIRMWARE
  +--> ?PR?ISR_URES?USBAERMINI2_FIRMWARE
  +--> ?PR?ISR_HIGHSPEED?USBAERMINI2_FIRMWARE
  +--> ?PR?ISR_EP0ACK?USBAERMINI2_FIRMWARE
  +--> ?PR?ISR_STUB?USBAERMINI2_FIRMWARE
  +--> ?PR?ISR_EP0IN?USBAERMINI2_FIRMWARE
  +--> ?PR?ISR_EP0OUT?USBAERMINI2_FIRMWARE
  +--> ?PR?ISR_EP1IN?USBAERMINI2_FIRMWARE
  +--> ?PR?ISR_EP1OUT?USBAERMINI2_FIRMWARE
  +--> ?PR?ISR_EP2INOUT?USBAERMINI2_FIRMWARE
  +--> ?PR?ISR_EP4INOUT?USBAERMINI2_FIRMWARE
  +--> ?PR?ISR_EP6INOUT?USBAERMINI2_FIRMWARE
  +--> ?PR?ISR_EP8INOUT?USBAERMINI2_FIRMWARE
  +--> ?PR?ISR_IBN?USBAERMINI2_FIRMWARE
  +--> ?PR?ISR_EP0PINGNAK?USBAERMINI2_FIRMWARE
  +--> ?PR?ISR_EP1PINGNAK?USBAERMINI2_FIRMWARE
  +--> ?PR?ISR_EP2PINGNAK?USBAERMINI2_FIRMWARE
  +--> ?PR?ISR_EP4PINGNAK?USBAERMINI2_FIRMWARE
  +--> ?PR?ISR_EP6PINGNAK?USBAERMINI2_FIRMWARE
  +--> ?PR?ISR_EP8PINGNAK?USBAERMINI2_FIRMWARE
  +--> ?PR?ISR_ERRORLIMIT?USBAERMINI2_FIRMWARE
  +--> ?PR?ISR_EP2PIDERROR?USBAERMINI2_FIRMWARE
  +--> ?PR?ISR_EP4PIDERROR?USBAERMINI2_FIRMWARE
  +--> ?PR?ISR_EP6PIDERROR?USBAERMINI2_FIRMWARE
  +--> ?PR?ISR_EP8PIDERROR?USBAERMINI2_FIRMWARE
  +--> ?PR?ISR_EP2PFLAG?USBAERMINI2_FIRMWARE
  +--> ?PR?ISR_EP4PFLAG?USBAERMINI2_FIRMWARE
  +--> ?PR?ISR_EP6PFLAG?USBAERMINI2_FIRMWARE
BL51 BANKED LINKER/LOCATER V5.12                                                      06/03/2008  15:28:42  PAGE 9


  +--> ?PR?ISR_EP8PFLAG?USBAERMINI2_FIRMWARE
  +--> ?PR?ISR_EP2EFLAG?USBAERMINI2_FIRMWARE
  +--> ?PR?ISR_EP4EFLAG?USBAERMINI2_FIRMWARE
  +--> ?PR?ISR_EP6EFLAG?USBAERMINI2_FIRMWARE
  +--> ?PR?ISR_EP8EFLAG?USBAERMINI2_FIRMWARE
  +--> ?PR?ISR_EP2FFLAG?USBAERMINI2_FIRMWARE
  +--> ?PR?ISR_EP4FFLAG?USBAERMINI2_FIRMWARE
  +--> ?PR?ISR_EP6FFLAG?USBAERMINI2_FIRMWARE
  +--> ?PR?ISR_EP8FFLAG?USBAERMINI2_FIRMWARE
  +--> ?PR?ISR_GPIFCOMPLETE?USBAERMINI2_FIRM...
  +--> ?PR?ISR_GPIFWAVEFORM?USBAERMINI2_FIRM...

*** NEW ROOT ***************************************************

?C_C51STARTUP                                    -----    -----      -----    -----      -----    -----
  +--> ?PR?MAIN?FW
  +--> ?C_INITSEG

?PR?MAIN?FW                                      -----    -----      -----    -----      -----    -----
  +--> ?PR?TD_INIT?USBAERMINI2_FIRMWARE
  +--> ?PR?EZUSB_DISCON?DISCON
  +--> ?PR?DOWNLOADSERIALNUMBERFROMEEPROM?US...
  +--> ?PR?TD_POLL?USBAERMINI2_FIRMWARE
  +--> ?PR?SETUPCOMMAND?FW

?PR?TD_INIT?USBAERMINI2_FIRMWARE                 -----    -----      -----    -----      -----    -----
  +--> ?PR?EZUSB_INITI2C?I2C

?PR?EZUSB_DISCON?DISCON                          0020H.6  0000H.1    -----    -----      -----    -----
  +--> ?PR?_EZUSB_DELAY?DELAY

?PR?_EZUSB_DELAY?DELAY                           -----    -----      0021H    0002H      -----    -----

?PR?DOWNLOADSERIALNUMBERFROMEEPROM?US...         -----    -----      0021H    0003H      2B3AH    0008H
  +--> ?PR?_EZUSB_GETSTRINGDSCR?GET_STRD
  +--> ?PR?_EEPROMREAD?USBAERMINI2_FIRMWARE

?PR?_EEPROMREAD?USBAERMINI2_FIRMWARE             -----    -----      002CH    0005H      2CCAH    0002H
  +--> ?PR?_EZUSB_WRITEI2C?I2C_RW
  +--> ?PR?_EZUSB_READI2C?I2C_RW

?PR?_EZUSB_WRITEI2C?I2C_RW                       -----    -----      -----    -----      -----    -----
  +--> ?PR?_EZUSB_WRITEI2C_?I2C

?PR?_EZUSB_READI2C?I2C_RW                        -----    -----      -----    -----      -----    -----
  +--> ?PR?_EZUSB_READI2C_?I2C

?PR?SETUPCOMMAND?FW                              -----    -----      -----    -----      -----    -----
  +--> ?PR?HIGHSPEEDCAPABLE?FW
  +--> ?PR?_EZUSB_GETSTRINGDSCR?GET_STRD
  +--> ?PR?DR_GETINTERFACE?USBAERMINI2_FIRMWARE
  +--> ?PR?DR_GETCONFIGURATION?USBAERMINI2_F...
  +--> ?CO?FW
  +--> ?PR?DR_VENDORCMND?USBAERMINI2_FIRMWARE

?PR?DR_VENDORCMND?USBAERMINI2_FIRMWARE           -----    -----      0021H    000BH      2B3AH    0190H
  +--> ?PR?STOPMONITOR?USBAERMINI2_FIRMWARE
BL51 BANKED LINKER/LOCATER V5.12                                                      06/03/2008  15:28:42  PAGE 10


  +--> ?PR?STARTSEQUENCER?USBAERMINI2_FIRMWARE
  +--> ?PR?STARTMONITOR?USBAERMINI2_FIRMWARE
  +--> ?PR?STOPSEQUENCER?USBAERMINI2_FIRMWARE
  +--> ?PR?_EZUSB_GETSTRINGDSCR?GET_STRD
  +--> ?PR?_EEPROMWRITEBYTE?USBAERMINI2_FIRM...
  +--> ?PR?XSVFINITIALIZE?MICRO
  +--> ?PR?_RESETREADCOUNTER?PORTS
  +--> ?PR?XSVFRUN?MICRO
  +--> ?PR?_EEPROMREAD?USBAERMINI2_FIRMWARE
  +--> ?PR?_EEPROMWRITE?USBAERMINI2_FIRMWARE

?PR?_EEPROMWRITEBYTE?USBAERMINI2_FIRM...         -----    -----      -----    -----      2CCAH    0003H
  +--> ?PR?_EZUSB_WRITEI2C?I2C_RW
  +--> ?PR?_EZUSB_WAITFOREEPROMWRITE?I2C

?PR?XSVFINITIALIZE?MICRO                         -----    -----      -----    -----      -----    -----
  +--> ?PR?_XSVFINFOINIT?MICRO
  +--> ?PR?_XSVFGOTOTAPSTATE?MICRO

?PR?_XSVFGOTOTAPSTATE?MICRO                      -----    -----      005AH    0006H      2CCAH    0002H
  +--> ?PR?_XSVFTMSTRANSITION?MICRO
  +--> ?PR?_SETPORT?PORTS

?PR?_XSVFTMSTRANSITION?MICRO                     -----    -----      -----    -----      -----    -----
  +--> ?PR?_SETPORT?PORTS

?PR?XSVFRUN?MICRO                                -----    -----      -----    -----      -----    -----
  +--> ?PR?_READBYTE?PORTS
  +--> ?PR?_XSVFDOILLEGALCMD?MICRO

?PR?_READBYTE?PORTS                              -----    -----      0045H    0003H      -----    -----

?PR?_EEPROMWRITE?USBAERMINI2_FIRMWARE            -----    -----      002CH    0006H      -----    -----
  +--> ?PR?_EEPROMWRITEBYTE?USBAERMINI2_FIRM...

?C_INITSEG                                       -----    -----      -----    -----      -----    -----
  +--> ?PR?_XSVFDOXCOMPLETE?MICRO
  +--> ?PR?_XSVFDOXTDOMASK?MICRO
  +--> ?PR?_XSVFDOXSIR?MICRO
  +--> ?PR?_XSVFDOXSDR?MICRO
  +--> ?PR?_XSVFDOXRUNTEST?MICRO
  +--> ?PR?_XSVFDOILLEGALCMD?MICRO
  +--> ?PR?_XSVFDOXREPEAT?MICRO
  +--> ?PR?_XSVFDOXSDRSIZE?MICRO
  +--> ?PR?_XSVFDOXSDRTDO?MICRO
  +--> ?PR?_XSVFDOXSDRBCE?MICRO
  +--> ?PR?_XSVFDOXSDRTDOBCE?MICRO
  +--> ?PR?_XSVFDOXSTATE?MICRO
  +--> ?PR?_XSVFDOXENDXR?MICRO
  +--> ?PR?_XSVFDOXSIR2?MICRO
  +--> ?PR?_XSVFDOXCOMMENT?MICRO
  +--> ?PR?_XSVFDOXWAIT?MICRO

?PR?_XSVFDOXTDOMASK?MICRO                        -----    -----      0021H    0003H      -----    -----
  +--> ?PR?_READVAL?LENVAL

?PR?_READVAL?LENVAL                              -----    -----      0040H    0005H      -----    -----
BL51 BANKED LINKER/LOCATER V5.12                                                      06/03/2008  15:28:42  PAGE 11


  +--> ?PR?_READBYTE?PORTS

?PR?_XSVFDOXSIR?MICRO                            -----    -----      0021H    0004H      -----    -----
  +--> ?PR?_READBYTE?PORTS
  +--> ?PR?_XSVFGETASNUMBYTES?MICRO
  +--> ?PR?_READVAL?LENVAL
  +--> ?PR?_XSVFSHIFT?MICRO

?PR?_XSVFGETASNUMBYTES?MICRO                     -----    -----      0026H    0004H      -----    -----

?PR?_XSVFSHIFT?MICRO                             -----    -----      0040H    001AH      2B3EH    0007H
  +--> ?PR?_XSVFGOTOTAPSTATE?MICRO
  +--> ?PR?_WAITTIME?PORTS
  +--> ?PR?_XSVFSHIFTONLY?MICRO
  +--> ?PR?_EQUALLENVAL?LENVAL

?PR?_WAITTIME?PORTS                              -----    -----      -----    -----      -----    -----
  +--> ?PR?PULSECLOCK?PORTS

?PR?PULSECLOCK?PORTS                             -----    -----      -----    -----      -----    -----
  +--> ?PR?_SETPORT?PORTS

?PR?_XSVFSHIFTONLY?MICRO                         -----    -----      005AH    0014H      2B45H    0003H
  +--> ?PR?_SETPORT?PORTS
  +--> ?PR?READTDOBIT?PORTS

?PR?_EQUALLENVAL?LENVAL                          -----    -----      005AH    000DH      -----    -----

?PR?_XSVFDOXSDR?MICRO                            -----    -----      0021H    0003H      -----    -----
  +--> ?PR?_READVAL?LENVAL
  +--> ?PR?_XSVFSHIFT?MICRO

?PR?_XSVFDOXRUNTEST?MICRO                        -----    -----      0021H    0003H      -----    -----
  +--> ?PR?_READVAL?LENVAL
  +--> ?PR?_VALUE?LENVAL

?PR?_VALUE?LENVAL                                -----    -----      0026H    0009H      -----    -----

?PR?_XSVFDOXREPEAT?MICRO                         -----    -----      -----    -----      -----    -----
  +--> ?PR?_READBYTE?PORTS

?PR?_XSVFDOXSDRSIZE?MICRO                        -----    -----      0021H    0005H      -----    -----
  +--> ?PR?_READVAL?LENVAL
  +--> ?PR?_VALUE?LENVAL
  +--> ?PR?_XSVFGETASNUMBYTES?MICRO

?PR?_XSVFDOXSDRTDO?MICRO                         -----    -----      0021H    0003H      -----    -----
  +--> ?PR?_XSVFBASICXSDRTDO?MICRO

?PR?_XSVFBASICXSDRTDO?MICRO                      -----    -----      0025H    001BH      -----    -----
  +--> ?PR?_READVAL?LENVAL
  +--> ?PR?_XSVFSHIFT?MICRO

?PR?_XSVFDOXSDRBCE?MICRO                         -----    -----      0021H    0004H      -----    -----
  +--> ?PR?_XSVFBASICXSDRTDO?MICRO

?PR?_XSVFDOXSDRTDOBCE?MICRO                      -----    -----      0021H    0004H      -----    -----
BL51 BANKED LINKER/LOCATER V5.12                                                      06/03/2008  15:28:42  PAGE 12


  +--> ?PR?_XSVFBASICXSDRTDO?MICRO

?PR?_XSVFDOXSTATE?MICRO                          -----    -----      0021H    0004H      -----    -----
  +--> ?PR?_READBYTE?PORTS
  +--> ?PR?_XSVFGOTOTAPSTATE?MICRO

?PR?_XSVFDOXENDXR?MICRO                          -----    -----      0021H    0006H      -----    -----
  +--> ?PR?_READBYTE?PORTS

?PR?_XSVFDOXSIR2?MICRO                           -----    -----      0021H    0005H      2B3AH    0004H
  +--> ?PR?_READVAL?LENVAL
  +--> ?PR?_VALUE?LENVAL
  +--> ?PR?_XSVFGETASNUMBYTES?MICRO
  +--> ?PR?_XSVFSHIFT?MICRO

?PR?_XSVFDOXWAIT?MICRO                           -----    -----      0021H    0005H      2B3AH    0004H
  +--> ?PR?_READVAL?LENVAL
  +--> ?PR?_VALUE?LENVAL
  +--> ?PR?_XSVFGOTOTAPSTATE?MICRO
  +--> ?PR?_WAITTIME?PORTS



SYMBOL TABLE OF MODULE:  USBAERmini2 (FW)

  VALUE           TYPE          NAME
  ----------------------------------

  -------         MODULE        FW
  C:0000H         SYMBOL        _ICE_DUMMY_
  B:00A8H.7       PUBLIC        EA
  B:0020H.0       PUBLIC        Rwuen
  B:0020H.1       PUBLIC        GotSUD
  C:23CBH         PUBLIC        EPCS_Offset_Lookup_Table
  C:004EH         PUBLIC        HighSpeedCapable
  C:1CB2H         PUBLIC        main
  B:00E8H.0       PUBLIC        EUSB
  C:0046H         PUBLIC        resume_isr
  D:0008H         PUBLIC        pHighSpeedConfigDscr
  D:000AH         PUBLIC        pDeviceDscr
  C:0B62H         PUBLIC        SetupCommand
  D:000CH         PUBLIC        pConfigDscr
  D:000EH         PUBLIC        pOtherConfigDscr
  D:0010H         PUBLIC        pFullSpeedConfigDscr
  B:0020H.2       PUBLIC        Selfpwr
  D:0012H         PUBLIC        pDeviceQualDscr
  D:00D8H         PUBLIC        EICON
  D:008EH         PUBLIC        CKCON
  D:0014H         PUBLIC        pStringDscr
  -------         PROC          MAIN
  C:1CB2H         LINE#         91
  C:1CB2H         LINE#         92
  C:1CB2H         LINE#         95
  C:1CB4H         LINE#         96
  C:1CB6H         LINE#         97
  C:1CB8H         LINE#         100
  C:1CBBH         LINE#         101
BL51 BANKED LINKER/LOCATER V5.12                                                      06/03/2008  15:28:42  PAGE 13


  C:1CBDH         LINE#         103
  C:1CC3H         LINE#         104
  C:1CC9H         LINE#         105
  C:1CCFH         LINE#         106
  C:1CD5H         LINE#         107
  C:1CDBH         LINE#         109
  C:1CDDH         LINE#         112
  C:1CE4H         LINE#         115
  C:1CEBH         LINE#         116
  C:1CEDH         LINE#         123
  C:1CF4H         LINE#         124
  C:1CF4H         LINE#         125
  C:1CF9H         LINE#         126
  C:1CF9H         LINE#         132
  C:1D00H         LINE#         134
  C:1D03H         LINE#         140
  C:1D06H         LINE#         143
  C:1D06H         LINE#         144
  C:1D06H         LINE#         146
  C:1D09H         LINE#         149
  C:1D0CH         LINE#         150
  C:1D0CH         LINE#         151
  C:1D0FH         LINE#         152
  C:1D11H         LINE#         153
  C:1D11H         LINE#         178
  -------         ENDPROC       MAIN
  -------         PROC          HIGHSPEEDCAPABLE
  C:004EH         LINE#         181
  C:004EH         LINE#         182
  C:004EH         LINE#         190
  C:004FH         LINE#         191
  -------         ENDPROC       HIGHSPEEDCAPABLE
  -------         PROC          SETUPCOMMAND
  -------         DO            
  D:0001H         SYMBOL        dscr_ptr
  -------         ENDDO         
  C:0B62H         LINE#         194
  C:0B62H         LINE#         195
  C:0B62H         LINE#         198
  C:0B8BH         LINE#         199
  C:0B8BH         LINE#         200
  C:0B8BH         LINE#         201
  C:0B8BH         LINE#         202
  C:0BA1H         LINE#         203
  C:0BA1H         LINE#         204
  C:0BA1H         LINE#         205
  C:0BA7H         LINE#         206
  C:0BA9H         LINE#         207
  C:0BABH         LINE#         208
  C:0BABH         LINE#         211
  C:0BB0H         LINE#         212
  C:0BB0H         LINE#         213
  C:0BB6H         LINE#         214
  C:0BB8H         LINE#         215
  C:0BBAH         LINE#         221
  C:0BBAH         LINE#         222
  C:0BC0H         LINE#         223
BL51 BANKED LINKER/LOCATER V5.12                                                      06/03/2008  15:28:42  PAGE 14


  C:0BC2H         LINE#         224
  C:0BC4H         LINE#         225
  C:0BC4H         LINE#         226
  C:0BCAH         LINE#         227
  C:0BCCH         LINE#         228
  C:0BCEH         LINE#         229
  C:0BCEH         LINE#         230
  C:0BE1H         LINE#         231
  C:0BE1H         LINE#         232
  C:0BE6H         LINE#         233
  C:0BEBH         LINE#         234
  C:0BEDH         LINE#         236
  C:0BEDH         LINE#         237
  C:0BEFH         LINE#         238
  C:0BEFH         LINE#         239
  C:0BEFH         LINE#         240
  C:0BEFH         LINE#         241
  C:0BF1H         LINE#         242
  C:0BF1H         LINE#         243
  C:0BF4H         LINE#         244
  C:0BF6H         LINE#         245
  C:0BF6H         LINE#         247
  C:0BF6H         LINE#         248
  C:0BF6H         LINE#         250
  C:0BF6H         LINE#         251
  C:0BF6H         LINE#         252
  C:0BF9H         LINE#         253
  C:0BFBH         LINE#         254
  C:0BFBH         LINE#         255
  C:0C0AH         LINE#         256
  C:0C0AH         LINE#         257
  C:0C0AH         LINE#         258
  C:0C16H         LINE#         259
  C:0C16H         LINE#         260
  C:0C16H         LINE#         261
  C:0C16H         LINE#         262
  C:0C18H         LINE#         263
  C:0C18H         LINE#         264
  C:0C1DH         LINE#         265
  C:0C1DH         LINE#         266
  C:0C1DH         LINE#         267
  C:0C1DH         LINE#         268
  C:0C1FH         LINE#         269
  C:0C1FH         LINE#         270
  C:0C5DH         LINE#         271
  C:0C60H         LINE#         272
  C:0C64H         LINE#         273
  C:0C6AH         LINE#         274
  C:0C6CH         LINE#         275
  C:0C6CH         LINE#         276
  C:0C6CH         LINE#         277
  C:0C6CH         LINE#         278
  C:0C6EH         LINE#         279
  C:0C6EH         LINE#         280
  C:0C7CH         LINE#         281
  C:0C7CH         LINE#         282
  C:0C7CH         LINE#         283
BL51 BANKED LINKER/LOCATER V5.12                                                      06/03/2008  15:28:42  PAGE 15


  C:0C83H         LINE#         284
  C:0C87H         LINE#         286
  C:0C87H         LINE#         287
  C:0C89H         LINE#         288
  C:0C89H         LINE#         289
  C:0C8FH         LINE#         290
  C:0C8FH         LINE#         291
  C:0CCAH         LINE#         292
  C:0CE2H         LINE#         293
  C:0CE4H         LINE#         295
  C:0CE4H         LINE#         296
  C:0CE6H         LINE#         297
  C:0CE6H         LINE#         298
  C:0CE6H         LINE#         299
  C:0CE6H         LINE#         301
  C:0CF2H         LINE#         302
  C:0CF2H         LINE#         303
  C:0CF2H         LINE#         304
  C:0CF9H         LINE#         305
  C:0CFDH         LINE#         306
  C:0D05H         LINE#         312
  C:0D05H         LINE#         314
  C:0D05H         LINE#         315
  C:0D07H         LINE#         316
  C:0D07H         LINE#         317
  C:0D3EH         LINE#         318
  C:0D40H         LINE#         319
  C:0D40H         LINE#         320
  C:0D43H         LINE#         321
  C:0D43H         LINE#         322
  C:0D45H         LINE#         323
  C:0D45H         LINE#         324
  C:0D4AH         LINE#         325
  C:0D51H         LINE#         326
  C:0D51H         LINE#         329
  C:0D58H         LINE#         330
  -------         ENDPROC       SETUPCOMMAND
  -------         PROC          RESUME_ISR
  C:0046H         LINE#         333
  C:0046H         LINE#         335
  C:0049H         LINE#         336
  -------         ENDPROC       RESUME_ISR
  -------         ENDMOD        FW

  -------         MODULE        DSCR
  C:1600H         SEGMENT       DSCR
  C:1600H         PUBLIC        DEVICEDSCR
  C:1612H         PUBLIC        DEVICEQUALDSCR
  C:1643H         PUBLIC        FULLSPEEDCONFIGDSCR
  C:161CH         PUBLIC        HIGHSPEEDCONFIGDSCR
  C:166AH         PUBLIC        STRINGDSCR
  C:16ACH         PUBLIC        USERDSCR
  N:0002H         SYMBOL        DSCR_CONFIG
  N:0009H         SYMBOL        DSCR_CONFIG_LEN
  N:0001H         SYMBOL        DSCR_DEVICE
  N:0012H         SYMBOL        DSCR_DEVICE_LEN
  N:0006H         SYMBOL        DSCR_DEVQUAL
BL51 BANKED LINKER/LOCATER V5.12                                                      06/03/2008  15:28:42  PAGE 16


  N:000AH         SYMBOL        DSCR_DEVQUAL_LEN
  N:0005H         SYMBOL        DSCR_ENDPNT
  N:0007H         SYMBOL        DSCR_ENDPNT_LEN
  N:0004H         SYMBOL        DSCR_INTRFC
  N:0009H         SYMBOL        DSCR_INTRFC_LEN
  N:0003H         SYMBOL        DSCR_STRING
  N:0002H         SYMBOL        ET_BULK
  N:0000H         SYMBOL        ET_CONTROL
  N:0003H         SYMBOL        ET_INT
  N:0001H         SYMBOL        ET_ISO
  C:166AH         SYMBOL        FULLSPEEDCONFIGDSCREND
  C:1643H         SYMBOL        HIGHSPEEDCONFIGDSCREND
  C:166AH         SYMBOL        STRINGDSCR0
  C:166EH         SYMBOL        STRINGDSCR0END
  C:166EH         SYMBOL        STRINGDSCR1
  C:1682H         SYMBOL        STRINGDSCR1END
  C:1682H         SYMBOL        STRINGDSCR2
  C:169AH         SYMBOL        STRINGDSCR2END
  C:169AH         SYMBOL        STRINGDSCR3
  C:16ACH         SYMBOL        STRINGDSCR3END
  -------         ENDMOD        DSCR

  -------         MODULE        USBAERMINI2_FIRMWARE
  C:0000H         SYMBOL        _ICE_DUMMY_
  C:23FAH         PUBLIC        ISR_Errorlimit
  D:0016H         PUBLIC        missedEvents
  C:0052H         PUBLIC        ISR_Ep0in
  D:00A8H         PUBLIC        IE
  C:0FFCH         PUBLIC        ISR_Ep1in
  C:1261H         PUBLIC        TD_Init
  C:0FFBH         PUBLIC        ISR_Ep0out
  C:0FFDH         PUBLIC        ISR_Ep1out
  C:14DBH         PUBLIC        TD_Poll
  C:15B8H         PUBLIC        downloadSerialNumberFromEEPROM
  C:240BH         PUBLIC        ISR_GpifComplete
  C:23F0H         PUBLIC        startMonitor
  C:17FDH         PUBLIC        ISR_Ep0pingnak
  C:17FEH         PUBLIC        ISR_Ep1pingnak
  C:240CH         PUBLIC        ISR_GpifWaveform
  C:23FBH         PUBLIC        ISR_Ep2piderror
  C:17FFH         PUBLIC        ISR_Ep2pingnak
  C:23FCH         PUBLIC        ISR_Ep4piderror
  C:23F7H         PUBLIC        ISR_Ep4pingnak
  C:23FDH         PUBLIC        ISR_Ep6piderror
  C:23F8H         PUBLIC        ISR_Ep6pingnak
  C:1DC9H         PUBLIC        _EEPROMRead
  C:23FEH         PUBLIC        ISR_Ep8piderror
  C:23F9H         PUBLIC        ISR_Ep8pingnak
  D:0091H         PUBLIC        EXIF
  C:2395H         PUBLIC        DR_GetInterface
  C:1F03H         PUBLIC        stopMonitor
  B:0020H.3       PUBLIC        synthesizerRunning
  C:211BH         PUBLIC        _EEPROMWrite
  C:2403H         PUBLIC        ISR_Ep2eflag
  C:2407H         PUBLIC        ISR_Ep2fflag
  C:2404H         PUBLIC        ISR_Ep4eflag
  C:2408H         PUBLIC        ISR_Ep4fflag
BL51 BANKED LINKER/LOCATER V5.12                                                      06/03/2008  15:28:42  PAGE 17


  C:2405H         PUBLIC        ISR_Ep6eflag
  C:21B6H         PUBLIC        ISR_MissedEvent
  C:2409H         PUBLIC        ISR_Ep6fflag
  C:2406H         PUBLIC        ISR_Ep8eflag
  C:240AH         PUBLIC        ISR_Ep8fflag
  B:00A0H.0       PUBLIC        PC0
  C:23FFH         PUBLIC        ISR_Ep2pflag
  B:00A0H.2       PUBLIC        PC2
  B:00A0H.3       PUBLIC        PC3
  C:2400H         PUBLIC        ISR_Ep4pflag
  B:00A0H.4       PUBLIC        PC4
  B:00A0H.5       PUBLIC        PC5
  B:0080H.7       PUBLIC        PA7
  C:2401H         PUBLIC        ISR_Ep6pflag
  B:00A0H.6       PUBLIC        PC6
  B:00A0H.7       PUBLIC        PC7
  C:2402H         PUBLIC        ISR_Ep8pflag
  D:001AH         PUBLIC        xsvfReturn
  B:00A8H.2       PUBLIC        EX1
  B:0088H.2       PUBLIC        IT1
  C:1F8BH         PUBLIC        _EEPROMWriteByte
  D:00E8H         PUBLIC        EIE
  C:2319H         PUBLIC        ISR_Sudav
  D:00B2H         PUBLIC        OEA
  D:00B4H         PUBLIC        OEC
  D:00B6H         PUBLIC        OEE
  D:00A0H         PUBLIC        IOC
  D:00B1H         PUBLIC        IOE
  B:0020H.4       PUBLIC        JTAGinit
  D:001BH         PUBLIC        operationMode
  C:14F9H         PUBLIC        startSequencer
  C:0050H         PUBLIC        ISR_Ep0ack
  C:20E4H         PUBLIC        ISR_Highspeed
  C:2331H         PUBLIC        ISR_Sutok
  C:17FCH         PUBLIC        ISR_Ibn
  C:0FFEH         PUBLIC        ISR_Ep2inout
  C:0FFFH         PUBLIC        ISR_Ep4inout
  C:0056H         PUBLIC        DR_VendorCmnd
  C:17FAH         PUBLIC        ISR_Ep6inout
  C:0051H         PUBLIC        ISR_Stub
  C:17FBH         PUBLIC        ISR_Ep8inout
  C:20ADH         PUBLIC        ISR_Ures
  B:0020H.5       PUBLIC        monitorRunning
  C:2347H         PUBLIC        ISR_Sof
  D:001CH         PUBLIC        cycleCounter
  C:0003H         PUBLIC        DR_GetConfiguration
  C:1E73H         PUBLIC        stopSequencer
  C:004AH         PUBLIC        ISR_Susp
  -------         PROC          TD_INIT
  C:1261H         LINE#         98
  C:1261H         LINE#         99
  C:1261H         LINE#         101
  C:126AH         LINE#         104
  C:1270H         LINE#         107
  C:1273H         LINE#         110
  C:1276H         LINE#         126
  C:127BH         LINE#         127
BL51 BANKED LINKER/LOCATER V5.12                                                      06/03/2008  15:28:42  PAGE 18


  C:127EH         LINE#         128
  C:1284H         LINE#         129
  C:1287H         LINE#         130
  C:128BH         LINE#         131
  C:128EH         LINE#         132
  C:1293H         LINE#         133
  C:1296H         LINE#         134
  C:129CH         LINE#         135
  C:129FH         LINE#         136
  C:12A4H         LINE#         138
  C:12A7H         LINE#         139
  C:12ADH         LINE#         141
  C:12B2H         LINE#         142
  C:12B7H         LINE#         145
  C:12BAH         LINE#         146
  C:12C0H         LINE#         147
  C:12C3H         LINE#         148
  C:12C6H         LINE#         149
  C:12C9H         LINE#         150
  C:12CBH         LINE#         151
  C:12CEH         LINE#         152
  C:12D4H         LINE#         153
  C:12D7H         LINE#         154
  C:12D8H         LINE#         155
  C:12DBH         LINE#         156
  C:12DCH         LINE#         157
  C:12DFH         LINE#         158
  C:12E0H         LINE#         161
  C:12E3H         LINE#         162
  C:12E9H         LINE#         163
  C:12ECH         LINE#         164
  C:12F2H         LINE#         167
  C:12F5H         LINE#         168
  C:12FBH         LINE#         171
  C:12FEH         LINE#         172
  C:1303H         LINE#         173
  C:1306H         LINE#         174
  C:130CH         LINE#         175
  C:130FH         LINE#         176
  C:1314H         LINE#         179
  C:1317H         LINE#         181
  C:131AH         LINE#         182
  C:131DH         LINE#         184
  C:1320H         LINE#         188
  C:1323H         LINE#         191
  C:1325H         LINE#         192
  C:1327H         LINE#         193
  C:1329H         LINE#         195
  C:132BH         LINE#         197
  C:1333H         LINE#         198
  C:133DH         LINE#         199
  C:133FH         LINE#         201
  C:1342H         LINE#         203
  C:1344H         LINE#         204
  C:1346H         LINE#         205
  -------         ENDPROC       TD_INIT
  -------         PROC          TD_POLL
BL51 BANKED LINKER/LOCATER V5.12                                                      06/03/2008  15:28:42  PAGE 19


  C:14DBH         LINE#         207
  C:14DBH         LINE#         208
  C:14DBH         LINE#         209
  C:14EDH         LINE#         211
  C:14EFH         LINE#         212
  C:14F8H         LINE#         213
  C:14F8H         LINE#         214
  -------         ENDPROC       TD_POLL
  -------         PROC          STARTSEQUENCER
  C:14F9H         LINE#         216
  C:14F9H         LINE#         217
  C:14F9H         LINE#         219
  C:14FBH         LINE#         220
  C:14FDH         LINE#         222
  C:14FFH         LINE#         223
  -------         ENDPROC       STARTSEQUENCER
  -------         PROC          DOWNLOADSERIALNUMBERFROMEEPROM
  -------         DO            
  D:0007H         SYMBOL        i
  D:0021H         SYMBOL        dscrRAM
  X:2B3AH         SYMBOL        buf
  -------         ENDDO         
  C:15B8H         LINE#         225
  C:15B8H         LINE#         226
  C:15B8H         LINE#         233
  C:15C8H         LINE#         236
  C:15D5H         LINE#         239
  C:15D7H         LINE#         240
  C:15D7H         LINE#         241
  C:15FBH         LINE#         242
  C:15FFH         LINE#         243
  -------         ENDPROC       DOWNLOADSERIALNUMBERFROMEEPROM
  -------         PROC          STARTMONITOR
  C:23F0H         LINE#         245
  C:23F0H         LINE#         246
  C:23F0H         LINE#         248
  C:23F2H         LINE#         249
  C:23F4H         LINE#         251
  C:23F6H         LINE#         252
  -------         ENDPROC       STARTMONITOR
  -------         PROC          STOPMONITOR
  C:1F03H         LINE#         254
  C:1F03H         LINE#         255
  C:1F03H         LINE#         256
  C:1F05H         LINE#         257
  C:1F07H         LINE#         259
  C:1F08H         LINE#         260
  C:1F09H         LINE#         261
  C:1F0AH         LINE#         262
  C:1F0BH         LINE#         263
  C:1F0CH         LINE#         265
  C:1F0FH         LINE#         266
  C:1F0FH         LINE#         267
  C:1F11H         LINE#         268
  C:1F11H         LINE#         272
  C:1F17H         LINE#         273
  C:1F1AH         LINE#         275
BL51 BANKED LINKER/LOCATER V5.12                                                      06/03/2008  15:28:42  PAGE 20


  C:1F20H         LINE#         276
  C:1F20H         LINE#         277
  C:1F26H         LINE#         278
  C:1F29H         LINE#         279
  C:1F29H         LINE#         282
  C:1F2FH         LINE#         283
  C:1F32H         LINE#         284
  C:1F35H         LINE#         285
  C:1F38H         LINE#         286
  C:1F3AH         LINE#         287
  C:1F3DH         LINE#         289
  C:1F43H         LINE#         290
  C:1F46H         LINE#         291
  -------         ENDPROC       STOPMONITOR
  -------         PROC          STOPSEQUENCER
  C:1E73H         LINE#         293
  C:1E73H         LINE#         294
  C:1E73H         LINE#         295
  C:1E75H         LINE#         296
  C:1E77H         LINE#         298
  C:1E78H         LINE#         299
  C:1E79H         LINE#         300
  C:1E7AH         LINE#         301
  C:1E7BH         LINE#         302
  C:1E7CH         LINE#         305
  C:1E7FH         LINE#         306
  C:1E7FH         LINE#         307
  C:1E81H         LINE#         308
  C:1E81H         LINE#         311
  C:1E87H         LINE#         313
  C:1E8AH         LINE#         314
  C:1E90H         LINE#         315
  C:1E93H         LINE#         316
  C:1E96H         LINE#         317
  C:1E99H         LINE#         318
  C:1E9BH         LINE#         321
  C:1E9EH         LINE#         322
  C:1EA4H         LINE#         323
  C:1EA7H         LINE#         324
  C:1EA8H         LINE#         325
  C:1EABH         LINE#         326
  C:1EACH         LINE#         327
  C:1EAFH         LINE#         328
  C:1EB0H         LINE#         329
  C:1EB3H         LINE#         331
  C:1EB9H         LINE#         332
  C:1EBCH         LINE#         333
  -------         ENDPROC       STOPSEQUENCER
  -------         PROC          _EEPROMWRITEBYTE
  D:0002H         SYMBOL        addr
  D:0004H         SYMBOL        value
  -------         DO            
  D:0005H         SYMBOL        i
  X:2CCAH         SYMBOL        ee_str
  -------         ENDDO         
  C:1F8BH         LINE#         335
  C:1F8FH         LINE#         336
BL51 BANKED LINKER/LOCATER V5.12                                                      06/03/2008  15:28:42  PAGE 21


  C:1F8FH         LINE#         337
  C:1F91H         LINE#         339
  C:1F91H         LINE#         340
  C:1FA0H         LINE#         342
  C:1FAEH         LINE#         343
  C:1FBCH         LINE#         345
  C:1FBEH         LINE#         346
  C:1FC7H         LINE#         347
  C:1FC9H         LINE#         348
  -------         ENDPROC       _EEPROMWRITEBYTE
  -------         PROC          _EEPROMWRITE
  D:002CH         SYMBOL        addr
  D:002EH         SYMBOL        length
  D:002FH         SYMBOL        buf
  -------         DO            
  D:0031H         SYMBOL        i
  -------         ENDDO         
  C:211BH         LINE#         351
  C:2125H         LINE#         352
  C:2125H         LINE#         354
  C:212FH         LINE#         355
  C:214FH         LINE#         356
  -------         ENDPROC       _EEPROMWRITE
  -------         PROC          _EEPROMREAD
  D:002CH         SYMBOL        addr
  D:002EH         SYMBOL        length
  D:002FH         SYMBOL        buf
  -------         DO            
  D:0005H         SYMBOL        i
  D:0007H         SYMBOL        j
  X:2CCAH         SYMBOL        ee_str
  -------         ENDDO         
  C:1DC9H         LINE#         358
  C:1DD3H         LINE#         359
  C:1DD3H         LINE#         360
  C:1DD5H         LINE#         361
  C:1DD5H         LINE#         364
  C:1DD5H         LINE#         365
  C:1DE7H         LINE#         367
  C:1DF6H         LINE#         369
  C:1DFFH         LINE#         371
  C:1E07H         LINE#         372
  C:1E17H         LINE#         374
  -------         ENDPROC       _EEPROMREAD
  -------         PROC          DR_GETCONFIGURATION
  C:0003H         LINE#         413
  C:0003H         LINE#         414
  C:0003H         LINE#         415
  C:0008H         LINE#         416
  C:000CH         LINE#         417
  C:0011H         LINE#         418
  C:0012H         LINE#         419
  -------         ENDPROC       DR_GETCONFIGURATION
  -------         PROC          DR_GETINTERFACE
  C:2395H         LINE#         427
  C:2395H         LINE#         428
  C:2395H         LINE#         429
BL51 BANKED LINKER/LOCATER V5.12                                                      06/03/2008  15:28:42  PAGE 22


  C:239AH         LINE#         430
  C:239EH         LINE#         431
  C:23A3H         LINE#         432
  C:23A4H         LINE#         433
  -------         ENDPROC       DR_GETINTERFACE
  -------         PROC          DR_VENDORCMND
  -------         DO            
  D:0021H         SYMBOL        addr
  D:0023H         SYMBOL        len
  D:0025H         SYMBOL        bc
  D:0027H         SYMBOL        i
  D:0029H         SYMBOL        dscrRAM
  X:2B3AH         SYMBOL        JTAGdata
  -------         ENDDO         
  C:0056H         LINE#         447
  C:0056H         LINE#         448
  C:0056H         LINE#         455
  C:008BH         LINE#         456
  C:008BH         LINE#         457
  C:008BH         LINE#         459
  C:008BH         LINE#         460
  C:008DH         LINE#         461
  C:008DH         LINE#         462
  C:008DH         LINE#         463
  C:008DH         LINE#         464
  C:0090H         LINE#         465
  C:0092H         LINE#         466
  C:0092H         LINE#         467
  C:0092H         LINE#         468
  C:0092H         LINE#         469
  C:0095H         LINE#         470
  C:0097H         LINE#         471
  C:0097H         LINE#         472
  C:0097H         LINE#         473
  C:0097H         LINE#         474
  C:0097H         LINE#         475
  C:0099H         LINE#         476
  C:0099H         LINE#         477
  C:0099H         LINE#         478
  C:0099H         LINE#         479
  C:009CH         LINE#         480
  C:009FH         LINE#         481
  C:00A1H         LINE#         482
  C:00A1H         LINE#         483
  C:00A1H         LINE#         484
  C:00A1H         LINE#         485
  C:00A4H         LINE#         486
  C:00A7H         LINE#         487
  C:00A9H         LINE#         488
  C:00A9H         LINE#         489
  C:00A9H         LINE#         490
  C:00A9H         LINE#         491
  C:00B1H         LINE#         492
  C:00B6H         LINE#         493
  C:00BBH         LINE#         494
  C:00C2H         LINE#         496
  C:00C9H         LINE#         498
BL51 BANKED LINKER/LOCATER V5.12                                                      06/03/2008  15:28:42  PAGE 23


  C:00D9H         LINE#         500
  C:00E2H         LINE#         501
  C:00E2H         LINE#         502
  C:00E8H         LINE#         503
  C:00EAH         LINE#         504
  C:00EAH         LINE#         505
  C:00F3H         LINE#         506
  C:00F3H         LINE#         508
  C:0103H         LINE#         509
  C:0103H         LINE#         510
  C:011DH         LINE#         511
  C:0142H         LINE#         512
  C:014CH         LINE#         514
  C:015DH         LINE#         515
  C:015DH         LINE#         516
  C:016CH         LINE#         517
  C:0185H         LINE#         518
  C:018FH         LINE#         520
  C:0194H         LINE#         521
  C:0198H         LINE#         523
  C:019AH         LINE#         524
  C:019AH         LINE#         525
  C:019AH         LINE#         526
  C:019AH         LINE#         527
  C:019CH         LINE#         528
  C:019EH         LINE#         530
  C:01A0H         LINE#         531
  C:01A0H         LINE#         532
  C:01A0H         LINE#         533
  C:01A0H         LINE#         534
  C:01AAH         LINE#         535
  C:01ADH         LINE#         536
  C:01ADH         LINE#         537
  C:01AFH         LINE#         538
  C:01B2H         LINE#         541
  C:01B5H         LINE#         542
  C:01B7H         LINE#         544
  C:01B7H         LINE#         546
  C:01C0H         LINE#         547
  C:01C6H         LINE#         549
  C:01CBH         LINE#         551
  C:01D4H         LINE#         553
  C:01DAH         LINE#         554
  C:01DAH         LINE#         556
  C:01DFH         LINE#         557
  C:01E3H         LINE#         559
  C:01EAH         LINE#         561
  C:01F3H         LINE#         563
  C:0203H         LINE#         564
  C:0230H         LINE#         566
  C:023CH         LINE#         567
  C:0249H         LINE#         568
  C:024BH         LINE#         571
  C:0251H         LINE#         572
  C:0251H         LINE#         573
  C:0254H         LINE#         574
  C:0256H         LINE#         575
BL51 BANKED LINKER/LOCATER V5.12                                                      06/03/2008  15:28:42  PAGE 24


  C:0258H         LINE#         576
  C:0258H         LINE#         577
  C:025DH         LINE#         578
  C:0266H         LINE#         579
  C:0266H         LINE#         580
  C:0269H         LINE#         581
  C:026BH         LINE#         582
  C:026DH         LINE#         584
  C:026DH         LINE#         586
  C:026DH         LINE#         594
  C:026FH         LINE#         595
  C:026FH         LINE#         597
  C:026FH         LINE#         598
  C:0277H         LINE#         599
  C:027AH         LINE#         600
  C:027AH         LINE#         601
  C:027AH         LINE#         602
  C:027AH         LINE#         604
  C:027CH         LINE#         605
  C:027CH         LINE#         606
  C:027CH         LINE#         607
  C:027CH         LINE#         608
  C:027CH         LINE#         609
  C:0283H         LINE#         610
  C:0283H         LINE#         611
  C:0289H         LINE#         613
  C:028DH         LINE#         615
  C:0292H         LINE#         616
  C:0297H         LINE#         617
  C:0297H         LINE#         618
  C:0299H         LINE#         619
  C:0299H         LINE#         620
  C:029FH         LINE#         621
  C:02A1H         LINE#         622
  C:02A1H         LINE#         623
  C:02A3H         LINE#         624
  C:02A5H         LINE#         625
  C:02ACH         LINE#         626
  C:02ACH         LINE#         627
  C:02AEH         LINE#         628
  C:02B0H         LINE#         629
  C:02B7H         LINE#         630
  C:02B7H         LINE#         631
  C:02B9H         LINE#         632
  C:02BBH         LINE#         633
  C:02C2H         LINE#         634
  C:02C2H         LINE#         635
  C:02C4H         LINE#         636
  C:02C6H         LINE#         637
  C:02C6H         LINE#         639
  C:02CEH         LINE#         640
  C:02D3H         LINE#         641
  C:02D8H         LINE#         642
  C:02DFH         LINE#         643
  C:02DFH         LINE#         644
  C:02E1H         LINE#         645
  C:02E1H         LINE#         646
BL51 BANKED LINKER/LOCATER V5.12                                                      06/03/2008  15:28:42  PAGE 25


  C:02E1H         LINE#         647
  C:02E1H         LINE#         648
  C:02E9H         LINE#         649
  C:02EFH         LINE#         650
  C:02F4H         LINE#         651
  C:02F9H         LINE#         652
  C:02F9H         LINE#         654
  C:02FBH         LINE#         655
  C:02FBH         LINE#         656
  C:02FBH         LINE#         657
  C:02FBH         LINE#         658
  C:02FDH         LINE#         659
  C:0305H         LINE#         660
  C:0317H         LINE#         661
  C:0329H         LINE#         662
  C:033BH         LINE#         663
  C:0343H         LINE#         664
  C:0348H         LINE#         665
  C:034EH         LINE#         666
  C:0355H         LINE#         668
  C:035EH         LINE#         669
  C:0360H         LINE#         670
  C:0362H         LINE#         671
  C:0362H         LINE#         672
  C:0362H         LINE#         673
  C:0362H         LINE#         674
  C:0362H         LINE#         675
  C:036BH         LINE#         676
  C:0371H         LINE#         677
  C:037AH         LINE#         678
  C:0380H         LINE#         681
  C:038AH         LINE#         682
  C:038AH         LINE#         683
  C:0392H         LINE#         684
  C:0392H         LINE#         686
  C:0399H         LINE#         688
  C:03A4H         LINE#         689
  C:03ACH         LINE#         691
  C:03B2H         LINE#         694
  C:03B9H         LINE#         695
  C:03B9H         LINE#         696
  C:03C9H         LINE#         697
  C:03EEH         LINE#         698
  C:03EEH         LINE#         700
  C:03EEH         LINE#         701
  C:03FEH         LINE#         702
  C:0416H         LINE#         703
  C:0427H         LINE#         704
  C:0427H         LINE#         706
  C:042CH         LINE#         707
  C:0432H         LINE#         709
  C:043CH         LINE#         710
  C:0449H         LINE#         712
  C:044BH         LINE#         713
  C:044BH         LINE#         715
  C:0455H         LINE#         716
  C:0455H         LINE#         717
BL51 BANKED LINKER/LOCATER V5.12                                                      06/03/2008  15:28:42  PAGE 26


  C:045DH         LINE#         718
  C:045DH         LINE#         720
  C:0462H         LINE#         721
  C:0466H         LINE#         723
  C:046DH         LINE#         725
  C:0476H         LINE#         728
  C:047DH         LINE#         729
  C:047DH         LINE#         730
  C:048DH         LINE#         731
  C:04B2H         LINE#         732
  C:04B2H         LINE#         734
  C:04C3H         LINE#         736
  C:04CFH         LINE#         737
  C:04DCH         LINE#         738
  C:04DEH         LINE#         739
  C:04DEH         LINE#         740
  C:04E0H         LINE#         741
  C:04E0H         LINE#         742
  C:04E0H         LINE#         743
  C:04E0H         LINE#         744
  C:04E2H         LINE#         745
  C:04E2H         LINE#         746
  C:04E2H         LINE#         748
  C:04EAH         LINE#         749
  C:04EFH         LINE#         750
  C:04F4H         LINE#         751
  C:04FBH         LINE#         753
  C:04FCH         LINE#         754
  -------         ENDPROC       DR_VENDORCMND
  -------         PROC          ISR_MISSEDEVENT
  C:21B6H         LINE#         756
  C:21C3H         LINE#         757
  C:21DCH         LINE#         758
  -------         ENDPROC       ISR_MISSEDEVENT
  -------         PROC          ISR_SUDAV
  C:2319H         LINE#         766
  C:231FH         LINE#         768
  C:2321H         LINE#         769
  C:2324H         LINE#         770
  C:232AH         LINE#         771
  -------         ENDPROC       ISR_SUDAV
  -------         PROC          ISR_SUTOK
  C:2331H         LINE#         774
  C:2337H         LINE#         776
  C:233AH         LINE#         777
  C:2340H         LINE#         778
  -------         ENDPROC       ISR_SUTOK
  -------         PROC          ISR_SOF
  C:2347H         LINE#         780
  C:234DH         LINE#         782
  C:2350H         LINE#         783
  C:2356H         LINE#         784
  -------         ENDPROC       ISR_SOF
  -------         PROC          ISR_URES
  C:20ADH         LINE#         786
  C:20B3H         LINE#         788
  C:20BAH         LINE#         789
BL51 BANKED LINKER/LOCATER V5.12                                                      06/03/2008  15:28:42  PAGE 27


  C:20BAH         LINE#         790
  C:20C0H         LINE#         791
  C:20C6H         LINE#         794
  C:20C8H         LINE#         796
  C:20C8H         LINE#         797
  C:20CEH         LINE#         798
  C:20D4H         LINE#         800
  C:20D4H         LINE#         802
  C:20D7H         LINE#         803
  C:20DDH         LINE#         804
  -------         ENDPROC       ISR_URES
  -------         PROC          ISR_SUSP
  C:004AH         LINE#         806
  C:004AH         LINE#         811
  -------         ENDPROC       ISR_SUSP
  -------         PROC          ISR_HIGHSPEED
  C:20E4H         LINE#         813
  C:20EAH         LINE#         815
  C:20F1H         LINE#         816
  C:20F1H         LINE#         817
  C:20F7H         LINE#         818
  C:20FDH         LINE#         821
  C:20FFH         LINE#         823
  C:20FFH         LINE#         824
  C:2105H         LINE#         825
  C:210BH         LINE#         827
  C:210BH         LINE#         829
  C:210EH         LINE#         830
  C:2114H         LINE#         831
  -------         ENDPROC       ISR_HIGHSPEED
  -------         PROC          ISR_EP0ACK
  C:0050H         LINE#         834
  C:0050H         LINE#         836
  -------         ENDPROC       ISR_EP0ACK
  -------         PROC          ISR_STUB
  C:0051H         LINE#         837
  C:0051H         LINE#         839
  -------         ENDPROC       ISR_STUB
  -------         PROC          ISR_EP0IN
  C:0052H         LINE#         840
  C:0052H         LINE#         842
  -------         ENDPROC       ISR_EP0IN
  -------         PROC          ISR_EP0OUT
  C:0FFBH         LINE#         843
  C:0FFBH         LINE#         845
  -------         ENDPROC       ISR_EP0OUT
  -------         PROC          ISR_EP1IN
  C:0FFCH         LINE#         846
  C:0FFCH         LINE#         848
  -------         ENDPROC       ISR_EP1IN
  -------         PROC          ISR_EP1OUT
  C:0FFDH         LINE#         849
  C:0FFDH         LINE#         851
  -------         ENDPROC       ISR_EP1OUT
  -------         PROC          ISR_EP2INOUT
  C:0FFEH         LINE#         852
  C:0FFEH         LINE#         854
BL51 BANKED LINKER/LOCATER V5.12                                                      06/03/2008  15:28:42  PAGE 28


  -------         ENDPROC       ISR_EP2INOUT
  -------         PROC          ISR_EP4INOUT
  C:0FFFH         LINE#         855
  C:0FFFH         LINE#         857
  -------         ENDPROC       ISR_EP4INOUT
  -------         PROC          ISR_EP6INOUT
  C:17FAH         LINE#         858
  C:17FAH         LINE#         860
  -------         ENDPROC       ISR_EP6INOUT
  -------         PROC          ISR_EP8INOUT
  C:17FBH         LINE#         861
  C:17FBH         LINE#         863
  -------         ENDPROC       ISR_EP8INOUT
  -------         PROC          ISR_IBN
  C:17FCH         LINE#         864
  C:17FCH         LINE#         866
  -------         ENDPROC       ISR_IBN
  -------         PROC          ISR_EP0PINGNAK
  C:17FDH         LINE#         867
  C:17FDH         LINE#         869
  -------         ENDPROC       ISR_EP0PINGNAK
  -------         PROC          ISR_EP1PINGNAK
  C:17FEH         LINE#         870
  C:17FEH         LINE#         872
  -------         ENDPROC       ISR_EP1PINGNAK
  -------         PROC          ISR_EP2PINGNAK
  C:17FFH         LINE#         873
  C:17FFH         LINE#         875
  -------         ENDPROC       ISR_EP2PINGNAK
  -------         PROC          ISR_EP4PINGNAK
  C:23F7H         LINE#         876
  C:23F7H         LINE#         878
  -------         ENDPROC       ISR_EP4PINGNAK
  -------         PROC          ISR_EP6PINGNAK
  C:23F8H         LINE#         879
  C:23F8H         LINE#         881
  -------         ENDPROC       ISR_EP6PINGNAK
  -------         PROC          ISR_EP8PINGNAK
  C:23F9H         LINE#         882
  C:23F9H         LINE#         884
  -------         ENDPROC       ISR_EP8PINGNAK
  -------         PROC          ISR_ERRORLIMIT
  C:23FAH         LINE#         885
  C:23FAH         LINE#         887
  -------         ENDPROC       ISR_ERRORLIMIT
  -------         PROC          ISR_EP2PIDERROR
  C:23FBH         LINE#         888
  C:23FBH         LINE#         890
  -------         ENDPROC       ISR_EP2PIDERROR
  -------         PROC          ISR_EP4PIDERROR
  C:23FCH         LINE#         891
  C:23FCH         LINE#         893
  -------         ENDPROC       ISR_EP4PIDERROR
  -------         PROC          ISR_EP6PIDERROR
  C:23FDH         LINE#         894
  C:23FDH         LINE#         896
  -------         ENDPROC       ISR_EP6PIDERROR
BL51 BANKED LINKER/LOCATER V5.12                                                      06/03/2008  15:28:42  PAGE 29


  -------         PROC          ISR_EP8PIDERROR
  C:23FEH         LINE#         897
  C:23FEH         LINE#         899
  -------         ENDPROC       ISR_EP8PIDERROR
  -------         PROC          ISR_EP2PFLAG
  C:23FFH         LINE#         900
  C:23FFH         LINE#         902
  -------         ENDPROC       ISR_EP2PFLAG
  -------         PROC          ISR_EP4PFLAG
  C:2400H         LINE#         903
  C:2400H         LINE#         905
  -------         ENDPROC       ISR_EP4PFLAG
  -------         PROC          ISR_EP6PFLAG
  C:2401H         LINE#         906
  C:2401H         LINE#         908
  -------         ENDPROC       ISR_EP6PFLAG
  -------         PROC          ISR_EP8PFLAG
  C:2402H         LINE#         909
  C:2402H         LINE#         911
  -------         ENDPROC       ISR_EP8PFLAG
  -------         PROC          ISR_EP2EFLAG
  C:2403H         LINE#         912
  C:2403H         LINE#         914
  -------         ENDPROC       ISR_EP2EFLAG
  -------         PROC          ISR_EP4EFLAG
  C:2404H         LINE#         915
  C:2404H         LINE#         917
  -------         ENDPROC       ISR_EP4EFLAG
  -------         PROC          ISR_EP6EFLAG
  C:2405H         LINE#         918
  C:2405H         LINE#         920
  -------         ENDPROC       ISR_EP6EFLAG
  -------         PROC          ISR_EP8EFLAG
  C:2406H         LINE#         921
  C:2406H         LINE#         923
  -------         ENDPROC       ISR_EP8EFLAG
  -------         PROC          ISR_EP2FFLAG
  C:2407H         LINE#         924
  C:2407H         LINE#         926
  -------         ENDPROC       ISR_EP2FFLAG
  -------         PROC          ISR_EP4FFLAG
  C:2408H         LINE#         927
  C:2408H         LINE#         929
  -------         ENDPROC       ISR_EP4FFLAG
  -------         PROC          ISR_EP6FFLAG
  C:2409H         LINE#         930
  C:2409H         LINE#         932
  -------         ENDPROC       ISR_EP6FFLAG
  -------         PROC          ISR_EP8FFLAG
  C:240AH         LINE#         933
  C:240AH         LINE#         935
  -------         ENDPROC       ISR_EP8FFLAG
  -------         PROC          ISR_GPIFCOMPLETE
  C:240BH         LINE#         936
  C:240BH         LINE#         938
  -------         ENDPROC       ISR_GPIFCOMPLETE
  -------         PROC          ISR_GPIFWAVEFORM
BL51 BANKED LINKER/LOCATER V5.12                                                      06/03/2008  15:28:42  PAGE 30


  C:240CH         LINE#         939
  C:240CH         LINE#         941
  -------         ENDPROC       ISR_GPIFWAVEFORM
  -------         ENDMOD        USBAERMINI2_FIRMWARE

  -------         MODULE        DISCON
  C:0000H         SYMBOL        _ICE_DUMMY_
  D:0091H         PUBLIC        EXIF
  C:2218H         PUBLIC        EZUSB_Discon
  -------         PROC          EZUSB_DISCON
  B:0020H.6       SYMBOL        renum
  C:2218H         LINE#         39
  C:2218H         LINE#         40
  C:2218H         LINE#         42
  C:221BH         LINE#         43
  C:2224H         LINE#         45
  C:222BH         LINE#         47
  C:2232H         LINE#         49
  C:2238H         LINE#         50
  C:223CH         LINE#         51
  C:223FH         LINE#         53
  C:2246H         LINE#         54
  -------         ENDPROC       EZUSB_DISCON
  -------         ENDMOD        DISCON

  -------         MODULE        EZREGS
  C:0000H         SYMBOL        _ICE_DUMMY_
  X:E652H         PUBLIC        EP4FIFOIE
  X:E668H         PUBLIC        INTSETUP
  X:E600H         PUBLIC        CPUCS
  X:E654H         PUBLIC        EP6FIFOIE
  X:E680H         PUBLIC        USBCS
  X:E65FH         PUBLIC        EPIRQ
  X:E656H         PUBLIC        EP8FIFOIE
  X:E6F2H         PUBLIC        XGPIFSGLDATLNOX
  X:E6C0H         PUBLIC        GPIFWFSELECT
  X:E6F0H         PUBLIC        XGPIFSGLDATH
  X:E605H         PUBLIC        BREAKPT
  X:E609H         PUBLIC        FIFOPINPOLAR
  X:E640H         PUBLIC        EP2ISOINPKTS
  X:E678H         PUBLIC        I2CS
[...]
  C:0EF2H         LINE#         733
  -------         ENDPROC       _XSVFSHIFT
  -------         PROC          _XSVFBASICXSDRTDO
  D:0025H         SYMBOL        pucTapState
  D:0028H         SYMBOL        lShiftLengthBits
  D:002CH         SYMBOL        sShiftLengthBytes
  D:002EH         SYMBOL        plvTdi
  D:0031H         SYMBOL        plvTdoCaptured
  D:0034H         SYMBOL        plvTdoExpected
  D:0037H         SYMBOL        plvTdoMask
  D:003AH         SYMBOL        ucEndState
  D:003BH         SYMBOL        lRunTestTime
  D:003FH         SYMBOL        ucMaxRepeat
  C:1AD9H         LINE#         749
  C:1AE7H         LINE#         759
  C:1AE7H         LINE#         760
  C:1AF4H         LINE#         761
  C:1AFCH         LINE#         762
  C:1AFCH         LINE#         763
  C:1B09H         LINE#         764
  C:1B09H         LINE#         765
  C:1B56H         LINE#         768
  -------         ENDPROC       _XSVFBASICXSDRTDO
  -------         PROC          _XSVFDOILLEGALCMD
  D:0001H         SYMBOL        pXsvfInfo
  C:235DH         LINE#         784
  C:235DH         LINE#         785
  C:235DH         LINE#         786
  C:2367H         LINE#         787
  C:2370H         LINE#         788
  -------         ENDPROC       _XSVFDOILLEGALCMD
  -------         PROC          _XSVFDOXCOMPLETE
  D:0001H         SYMBOL        pXsvfInfo
  C:23DFH         LINE#         797
  C:23DFH         LINE#         798
  C:23DFH         LINE#         799
  C:23E4H         LINE#         800
  C:23E7H         LINE#         801
  -------         ENDPROC       _XSVFDOXCOMPLETE
  -------         PROC          _XSVFDOXTDOMASK
  D:0021H         SYMBOL        pXsvfInfo
  C:2272H         LINE#         810
  C:2278H         LINE#         811
  C:2278H         LINE#         812
  C:2298H         LINE#         814
  C:229BH         LINE#         815
BL51 BANKED LINKER/LOCATER V5.12                                                      06/03/2008  15:28:42  PAGE 53


  -------         ENDPROC       _XSVFDOXTDOMASK
  -------         PROC          _XSVFDOXSIR
  D:0021H         SYMBOL        pXsvfInfo
  -------         DO            
  D:0024H         SYMBOL        ucShiftIrBits
  D:0006H         SYMBOL        sShiftIrBytes
  -------         ENDDO         
  C:1347H         LINE#         826
  C:134DH         LINE#         827
  C:134DH         LINE#         832
  C:1356H         LINE#         833
  C:135FH         LINE#         837
  C:136AH         LINE#         838
  C:136AH         LINE#         839
  C:1377H         LINE#         840
  C:1379H         LINE#         842
  C:1379H         LINE#         844
  C:1394H         LINE#         847
  C:140FH         LINE#         852
  C:140FH         LINE#         854
  C:141EH         LINE#         855
  -------         ENDPROC       _XSVFDOXSIR
  -------         PROC          _XSVFDOXSIR2
  D:0021H         SYMBOL        pXsvfInfo
  -------         DO            
  X:2B3AH         SYMBOL        lShiftIrBits
  D:0006H         SYMBOL        sShiftIrBytes
  D:0024H         SYMBOL        iErrorCode
  -------         ENDDO         
  C:1177H         LINE#         866
  C:117DH         LINE#         867
  C:117DH         LINE#         873
  C:118BH         LINE#         874
  C:119FH         LINE#         875
  C:11A2H         LINE#         878
  C:11ADH         LINE#         879
  C:11ADH         LINE#         880
  C:11B3H         LINE#         881
  C:11B5H         LINE#         883
  C:11B5H         LINE#         885
  C:11CAH         LINE#         888
  C:1245H         LINE#         893
  C:1245H         LINE#         895
  C:124BH         LINE#         896
  C:124BH         LINE#         897
  C:125CH         LINE#         898
  C:125CH         LINE#         899
  C:1260H         LINE#         900
  -------         ENDPROC       _XSVFDOXSIR2
  -------         PROC          _XSVFDOXSDR
  D:0021H         SYMBOL        pXsvfInfo
  -------         DO            
  D:0006H         SYMBOL        iErrorCode
  -------         ENDDO         
  C:141FH         LINE#         912
  C:1425H         LINE#         913
  C:1425H         LINE#         915
BL51 BANKED LINKER/LOCATER V5.12                                                      06/03/2008  15:28:42  PAGE 54


  C:1444H         LINE#         917
  C:14C7H         LINE#         923
  C:14CBH         LINE#         924
  C:14CBH         LINE#         925
  C:14DAH         LINE#         926
  C:14DAH         LINE#         927
  C:14DAH         LINE#         928
  -------         ENDPROC       _XSVFDOXSDR
  -------         PROC          _XSVFDOXRUNTEST
  D:0021H         SYMBOL        pXsvfInfo
  C:2184H         LINE#         937
  C:218AH         LINE#         938
  C:218AH         LINE#         939
  C:2198H         LINE#         940
  C:21B2H         LINE#         941
  C:21B5H         LINE#         942
  -------         ENDPROC       _XSVFDOXRUNTEST
  -------         PROC          _XSVFDOXREPEAT
  D:0001H         SYMBOL        pXsvfInfo
  C:23A5H         LINE#         951
  C:23A5H         LINE#         952
  C:23A5H         LINE#         953
  C:23AFH         LINE#         954
  C:23B2H         LINE#         955
  -------         ENDPROC       _XSVFDOXREPEAT
  -------         PROC          _XSVFDOXSDRSIZE
  D:0021H         SYMBOL        pXsvfInfo
  -------         DO            
  D:0024H         SYMBOL        iErrorCode
  -------         ENDDO         
  C:1BD0H         LINE#         964
  C:1BD6H         LINE#         965
  C:1BD6H         LINE#         967
  C:1BDBH         LINE#         968
  C:1BE9H         LINE#         969
  C:1C03H         LINE#         970
  C:1C1BH         LINE#         972
  C:1C2CH         LINE#         973
  C:1C2CH         LINE#         974
  C:1C32H         LINE#         975
  C:1C43H         LINE#         976
  C:1C43H         LINE#         977
  C:1C47H         LINE#         978
  -------         ENDPROC       _XSVFDOXSDRSIZE
  -------         PROC          _XSVFDOXSDRTDO
  D:0021H         SYMBOL        pXsvfInfo
  -------         DO            
  D:0006H         SYMBOL        iErrorCode
  -------         ENDDO         
  C:16AEH         LINE#         989
  C:16B4H         LINE#         990
  C:16B4H         LINE#         992
  C:1744H         LINE#         1002
  C:1748H         LINE#         1003
  C:1748H         LINE#         1004
  C:1757H         LINE#         1005
  C:1757H         LINE#         1006
BL51 BANKED LINKER/LOCATER V5.12                                                      06/03/2008  15:28:42  PAGE 55


  C:1757H         LINE#         1007
  -------         ENDPROC       _XSVFDOXSDRTDO
  -------         PROC          _XSVFDOXSDRBCE
  D:0021H         SYMBOL        pXsvfInfo
  -------         DO            
  D:0024H         SYMBOL        ucEndDR
  -------         ENDDO         
  C:18A9H         LINE#         1021
  C:18AFH         LINE#         1022
  C:18AFH         LINE#         1025
  C:18C5H         LINE#         1027
  C:1938H         LINE#         1035
  C:1941H         LINE#         1036
  -------         ENDPROC       _XSVFDOXSDRBCE
  -------         PROC          _XSVFDOXSDRTDOBCE
  D:0021H         SYMBOL        pXsvfInfo
  -------         DO            
  D:0024H         SYMBOL        ucEndDR
  -------         ENDDO         
  C:1758H         LINE#         1049
  C:175EH         LINE#         1050
  C:175EH         LINE#         1053
  C:1774H         LINE#         1055
  C:17F0H         LINE#         1064
  C:17F9H         LINE#         1065
  -------         ENDPROC       _XSVFDOXSDRTDOBCE
  -------         PROC          _XSVFDOXSTATE
  D:0021H         SYMBOL        pXsvfInfo
  -------         DO            
  D:0024H         SYMBOL        ucNextState
  -------         ENDDO         
  C:2075H         LINE#         1075
  C:207BH         LINE#         1076
  C:207BH         LINE#         1079
  C:2084H         LINE#         1080
  C:20A3H         LINE#         1082
  C:20ACH         LINE#         1083
  -------         ENDPROC       _XSVFDOXSTATE
  -------         PROC          _XSVFDOXENDXR
  D:0021H         SYMBOL        pXsvfInfo
  -------         DO            
  D:0024H         SYMBOL        iErrorCode
  D:0026H         SYMBOL        ucEndState
  -------         ENDDO         
  C:1C48H         LINE#         1094
  C:1C4EH         LINE#         1095
  C:1C4EH         LINE#         1099
  C:1C53H         LINE#         1100
  C:1C5BH         LINE#         1101
  C:1C63H         LINE#         1102
  C:1C63H         LINE#         1103
  C:1C69H         LINE#         1104
  C:1C6BH         LINE#         1106
  C:1C6BH         LINE#         1108
  C:1C7AH         LINE#         1109
  C:1C7AH         LINE#         1110
  C:1C81H         LINE#         1111
BL51 BANKED LINKER/LOCATER V5.12                                                      06/03/2008  15:28:42  PAGE 56


  C:1C81H         LINE#         1112
  C:1C81H         LINE#         1113
  C:1C83H         LINE#         1115
  C:1C83H         LINE#         1116
  C:1C85H         LINE#         1117
  C:1C85H         LINE#         1120
  C:1C87H         LINE#         1122
  C:1C87H         LINE#         1123
  C:1C8EH         LINE#         1124
  C:1C8EH         LINE#         1125
  C:1C8FH         LINE#         1126
  C:1C91H         LINE#         1128
  C:1C91H         LINE#         1129
  C:1C96H         LINE#         1130
  C:1C96H         LINE#         1133
  C:1C96H         LINE#         1134
  C:1C96H         LINE#         1136
  C:1C9CH         LINE#         1137
  C:1C9CH         LINE#         1138
  C:1CADH         LINE#         1139
  C:1CADH         LINE#         1140
  C:1CB1H         LINE#         1141
  -------         ENDPROC       _XSVFDOXENDXR
  -------         PROC          _XSVFDOXWAIT
  D:0021H         SYMBOL        pXsvfInfo
  -------         DO            
  D:0024H         SYMBOL        ucWaitState
  D:0025H         SYMBOL        ucEndState
  X:2B3AH         SYMBOL        lWaitTime
  -------         ENDDO         
  C:1800H         LINE#         1153
  C:1806H         LINE#         1154
  C:1806H         LINE#         1161
  C:1814H         LINE#         1162
  C:1822H         LINE#         1165
  C:1830H         LINE#         1166
  C:183EH         LINE#         1169
  C:184CH         LINE#         1170
  C:1860H         LINE#         1175
  C:1870H         LINE#         1176
  C:1870H         LINE#         1177
  C:187CH         LINE#         1178
  C:187CH         LINE#         1181
  C:1889H         LINE#         1184
  C:1899H         LINE#         1185
  C:1899H         LINE#         1186
  C:18A5H         LINE#         1187
  C:18A5H         LINE#         1189
  C:18A8H         LINE#         1190
  -------         ENDPROC       _XSVFDOXWAIT
  -------         PROC          _XSVFDOXCOMMENT
  D:0001H         SYMBOL        pXsvfInfo
  C:2371H         LINE#         1200
  C:2371H         LINE#         1201
  C:2371H         LINE#         1202
  C:237AH         LINE#         1204
  C:2383H         LINE#         1205
BL51 BANKED LINKER/LOCATER V5.12                                                      06/03/2008  15:28:42  PAGE 57


  -------         ENDPROC       _XSVFDOXCOMMENT
  -------         PROC          XSVFINITIALIZE
  C:1D6FH         LINE#         1224
  C:1D6FH         LINE#         1225
  C:1D6FH         LINE#         1226
  C:1D78H         LINE#         1228
  C:1D90H         LINE#         1230
  C:1D9AH         LINE#         1231
  C:1D9AH         LINE#         1233
  C:1DB9H         LINE#         1235
  C:1DB9H         LINE#         1237
  C:1DC8H         LINE#         1238
  -------         ENDPROC       XSVFINITIALIZE
  -------         PROC          XSVFRUN
  C:19CEH         LINE#         1250
  C:19CEH         LINE#         1251
  C:19CEH         LINE#         1253
  C:19E3H         LINE#         1254
  C:19E3H         LINE#         1256
  C:19EDH         LINE#         1257
  C:1A14H         LINE#         1259
  C:1A26H         LINE#         1260
  C:1A26H         LINE#         1265
  C:1A44H         LINE#         1266
  C:1A46H         LINE#         1268
  C:1A46H         LINE#         1270
  C:1A49H         LINE#         1271
  C:1A49H         LINE#         1272
  C:1A49H         LINE#         1274
  C:1A58H         LINE#         1275
  -------         ENDPROC       XSVFRUN
  -------         ENDMOD        MICRO

  -------         MODULE        PORTS
  C:0000H         SYMBOL        _ICE_DUMMY_
  C:229CH         PUBLIC        _readByte
  D:0074H         PUBLIC        readIndex
  C:23B3H         PUBLIC        pulseClock
  D:0076H         PUBLIC        shiftData
  C:23D5H         PUBLIC        readTDOBit
  C:0016H         PUBLIC        _waitTime
  C:0036H         PUBLIC        _setPort
  D:00B1H         PUBLIC        IOE
  C:23BFH         PUBLIC        _resetReadCounter
  -------         PROC          _SETPORT
  D:0007H         SYMBOL        p
  D:0004H         SYMBOL        val
  C:0036H         LINE#         16
  C:0036H         LINE#         17
  C:0036H         LINE#         18
  C:003AH         LINE#         19
  C:003AH         LINE#         20
  C:003EH         LINE#         21
  C:003FH         LINE#         22
  C:003FH         LINE#         23
  C:0042H         LINE#         24
  C:0042H         LINE#         25
BL51 BANKED LINKER/LOCATER V5.12                                                      06/03/2008  15:28:42  PAGE 58


  -------         ENDPROC       _SETPORT
  -------         PROC          PULSECLOCK
  C:23B3H         LINE#         29
  C:23B3H         LINE#         30
  C:23B3H         LINE#         31
  C:23BBH         LINE#         32
  -------         ENDPROC       PULSECLOCK
  -------         PROC          _READBYTE
  D:0045H         SYMBOL        ucdata
  C:229CH         LINE#         39
  C:22A2H         LINE#         40
  C:22A2H         LINE#         41
  -------         ENDPROC       _READBYTE
  -------         PROC          _RESETREADCOUNTER
  D:0001H         SYMBOL        dataArray
  C:23BFH         LINE#         44
  C:23BFH         LINE#         45
  C:23BFH         LINE#         46
  C:23C4H         LINE#         47
  C:23CAH         LINE#         48
  -------         ENDPROC       _RESETREADCOUNTER
  -------         PROC          READTDOBIT
  C:23D5H         LINE#         51
  C:23D5H         LINE#         52
  C:23D5H         LINE#         53
  C:23DEH         LINE#         54
  -------         ENDPROC       READTDOBIT
  -------         PROC          _WAITTIME
  D:0002H         SYMBOL        cnt
  -------         DO            
  D:0082H         SYMBOL        i
  -------         ENDDO         
  C:0016H         LINE#         61
  C:001AH         LINE#         62
  C:001AH         LINE#         65
  C:002CH         LINE#         66
  C:002CH         LINE#         67
  C:002FH         LINE#         68
  C:0032H         LINE#         69
  -------         ENDPROC       _WAITTIME
  -------         ENDMOD        PORTS

  -------         MODULE        ?C?CLDPTR
  C:04FDH         PUBLIC        ?C?CLDPTR
  -------         ENDMOD        ?C?CLDPTR

  -------         MODULE        ?C?CLDOPTR
  C:0516H         PUBLIC        ?C?CLDOPTR
  -------         ENDMOD        ?C?CLDOPTR

  -------         MODULE        ?C?CILDPTR
  C:0543H         PUBLIC        ?C?CILDPTR
  -------         ENDMOD        ?C?CILDPTR

  -------         MODULE        ?C?CSTPTR
  C:0565H         PUBLIC        ?C?CSTPTR
  -------         ENDMOD        ?C?CSTPTR
BL51 BANKED LINKER/LOCATER V5.12                                                      06/03/2008  15:28:42  PAGE 59



  -------         MODULE        ?C?CSTOPTR
  C:0577H         PUBLIC        ?C?CSTOPTR
  -------         ENDMOD        ?C?CSTOPTR

  -------         MODULE        ?C?ILDPTR
  C:0599H         PUBLIC        ?C?ILDPTR
  -------         ENDMOD        ?C?ILDPTR

  -------         MODULE        ?C?ILDOPTR
  C:05C4H         PUBLIC        ?C?ILDOPTR
  -------         ENDMOD        ?C?ILDOPTR

  -------         MODULE        ?C?ISTPTR
  C:05FCH         PUBLIC        ?C?ISTPTR
  -------         ENDMOD        ?C?ISTPTR

  -------         MODULE        ?C?ISTOPTR
  C:061BH         PUBLIC        ?C?ISTOPTR
  -------         ENDMOD        ?C?ISTOPTR

  -------         MODULE        ?C?SLDIV
  C:1F47H         PUBLIC        ?C?SLDIV
  -------         ENDMOD        ?C?SLDIV

  -------         MODULE        ?C?SLCMP
  C:0648H         PUBLIC        ?C?SLCMP
  -------         ENDMOD        ?C?SLCMP

  -------         MODULE        ?C?ULSHR
  C:065EH         PUBLIC        ?C?ULSHR
  -------         ENDMOD        ?C?ULSHR

  -------         MODULE        ?C?SLSHR
  C:0671H         PUBLIC        ?C?SLSHR
  -------         ENDMOD        ?C?SLSHR

  -------         MODULE        ?C?LSHL
  C:0685H         PUBLIC        ?C?LSHL
  -------         ENDMOD        ?C?LSHL

  -------         MODULE        ?C?LLDOPTR
  C:0698H         PUBLIC        ?C?LLDOPTR
  -------         ENDMOD        ?C?LLDOPTR

  -------         MODULE        ?C?LSTOPTR
  C:06C8H         PUBLIC        ?C?LSTOPTR
  -------         ENDMOD        ?C?LSTOPTR

  -------         MODULE        ?C?LLDIIDATA
  C:06F5H         PUBLIC        ?C?LLDIIDATA
  C:06ECH         PUBLIC        ?C?LLDIIDATA1
  C:06EEH         PUBLIC        ?C?LLDIIDATA8
  -------         ENDMOD        ?C?LLDIIDATA

  -------         MODULE        ?C?LSTXDATA
  C:070CH         PUBLIC        ?C?LSTXDATA
BL51 BANKED LINKER/LOCATER V5.12                                                      06/03/2008  15:28:42  PAGE 60


  -------         ENDMOD        ?C?LSTXDATA

  -------         MODULE        ?C?LSTKOPTR
  C:0718H         PUBLIC        ?C?LSTKOPTR
  -------         ENDMOD        ?C?LSTKOPTR

  -------         MODULE        ?C?CCASE
  C:073CH         PUBLIC        ?C?CCASE
  -------         ENDMOD        ?C?CCASE

  -------         MODULE        ?C?ICALL
  C:0762H         PUBLIC        ?C?ICALL
  C:0766H         PUBLIC        ?C?ICALL2
  -------         ENDMOD        ?C?ICALL

  -------         MODULE        ?C?ULDIV
  C:07A4H         PUBLIC        ?C?ULDIV
  -------         ENDMOD        ?C?ULDIV

  -------         MODULE        ?C?LLDIDATA
  C:0836H         PUBLIC        ?C?LLDIDATA
  -------         ENDMOD        ?C?LLDIDATA

  -------         MODULE        ?C?LLDXDATA
  C:0842H         PUBLIC        ?C?LLDXDATA
  -------         ENDMOD        ?C?LLDXDATA

  -------         MODULE        ?C?LLDPDATA
  C:084EH         PUBLIC        ?C?LLDPDATA
  -------         ENDMOD        ?C?LLDPDATA

  -------         MODULE        ?C?LLDCODE
  C:085AH         PUBLIC        ?C?LLDCODE
  -------         ENDMOD        ?C?LLDCODE

  -------         MODULE        ?C?LSTIDATA
  C:086AH         PUBLIC        ?C?LSTIDATA
  -------         ENDMOD        ?C?LSTIDATA

  -------         MODULE        ?C?LSTPDATA
  C:0876H         PUBLIC        ?C?LSTPDATA
  -------         ENDMOD        ?C?LSTPDATA

  -------         MODULE        ?C?LSTKIDATA
  C:0882H         PUBLIC        ?C?LSTKIDATA
  -------         ENDMOD        ?C?LSTKIDATA

  -------         MODULE        ?C?LSTKXDATA
  C:089BH         PUBLIC        ?C?LSTKXDATA
  -------         ENDMOD        ?C?LSTKXDATA

  -------         MODULE        ?C?LSTKPDATA
  C:08CCH         PUBLIC        ?C?LSTKPDATA
  -------         ENDMOD        ?C?LSTKPDATA

Program Size: data=124.7 xdata=5702 code=9229
LINK/LOCATE RUN COMPLETE.  0 WARNING(S),  0 ERROR(S)
